12-23 22:44:27.390 V/NetworkPolicy(  818): ACTION_PACKAGE_ADDED for uid=10117
12-23 22:44:27.390 D/FirewallController(  818): onPackageStatusChange(com.github.uiautomator, 2)
12-23 22:44:27.390 D/ConnectivityService(  818): onUidRulesChanged(uid=10117, uidRules=0)
12-23 22:44:27.390 D/ReceiverController(  818): onPackageStatusChange(com.github.uiautomator, 2)
12-23 22:44:27.390 V/ReceiverController(  818): PACKAGE_UPDATED: com.github.uiautomator
12-23 22:44:27.391 V/SettingsInterface(  818):  from settings cache , name = default_input_method , value = com.sohu.inputmethod.sogou/.SogouIME
12-23 22:44:27.391 V/SettingsInterface(  818):  from settings cache , name = disabled_system_input_methods , value = null
12-23 22:44:27.392 D/InputReader(  818): InputReader:: requestRefreshConfiguration lock 
12-23 22:44:27.393 D/InputReader(  818): InputReader:: requestRefreshConfiguration unlock 
12-23 22:44:27.395 I/InputReader(  818): Reconfiguring input devices.  changes=0x00000010
12-23 22:44:27.397 D/Surface (  259): Surface::setBuffersDimensions(this=0x7f9d616e00,w=1080,h=1920)
12-23 22:44:27.401 V/ActivityManager(  818): Broadcast: Intent { act=android.intent.action.PACKAGE_REPLACED dat=package:com.github.uiautomator flg=0x4000010 (has extras) } ordered=false userid=0 callerApp=null
12-23 22:44:27.402 D/ReceiverRecordHelper(  818): matchBootPolicy(1001) false with packageName: com.github.uiautomator at User(0)
12-23 22:44:27.402 D/ReceiverRecordHelper(  818): removeReceiverRecordWrite(1001) with com.github.uiautomator at User(0)
12-23 22:44:27.406 D/Surface ( 1992): Surface::setBuffersDimensions(this=0x7f33e59400,w=1080,h=1845)
12-23 22:44:27.413 D/Documents(10616): Update found 7 roots in 5ms
12-23 22:44:27.414 D/Surface (  259): Surface::setBuffersDimensions(this=0x7f9d616e00,w=1080,h=1920)
12-23 22:44:27.416 I/art     ( 1892): Explicit concurrent mark sweep GC freed 33661(1275KB) AllocSpace objects, 0(0B) LOS objects, 9% free, 18MB/20MB, paused 20.248ms total 131.221ms
12-23 22:44:27.419 D/Surface ( 1992): Surface::setBuffersDimensions(this=0x7f33e59400,w=1080,h=1845)
12-23 22:44:27.426 I/art     (10757): Explicit concurrent mark sweep GC freed 1444(83KB) AllocSpace objects, 0(0B) LOS objects, 10% free, 16MB/18MB, paused 5.152ms total 161.993ms
12-23 22:44:27.432 D/Surface (  259): Surface::setBuffersDimensions(this=0x7f9d616e00,w=1080,h=1920)
12-23 22:44:27.435 D/Surface ( 1992): Surface::setBuffersDimensions(this=0x7f33e59400,w=1080,h=1845)
12-23 22:44:27.441 V/SettingsInterface( 1691):  from settings cache , name = sms_default_application , value = com.android.mms
12-23 22:44:27.442 V/ActivityManager(  818): Broadcast: Intent { act=mom.action.PACKAGE_CHANGE flg=0x10 (has extras) } ordered=false userid=0 callerApp=ProcessRecord{15ee6852 818:system/1000}
12-23 22:44:27.443 W/IntentResolver(  818): resolveIntent: multiple matches, only some with CATEGORY_DEFAULT
12-23 22:44:27.448 D/OpenSSLLib( 1585): OpensslErr:Module:13(114:155); file:external/openssl/crypto/asn1/asn1_lib.c ;Line:145;Function:ASN1_get_object
12-23 22:44:27.451 D/Surface (  259): Surface::setBuffersDimensions(this=0x7f9d616e00,w=1080,h=1920)
12-23 22:44:27.452 I/art     ( 4542): Explicit concurrent mark sweep GC freed 19002(874KB) AllocSpace objects, 0(0B) LOS objects, 9% free, 19MB/21MB, paused 1.888ms total 164.018ms
12-23 22:44:27.455 D/Surface ( 1992): Surface::setBuffersDimensions(this=0x7f33e59400,w=1080,h=1845)
12-23 22:44:27.457 V/SettingsInterface( 1691):  from settings cache , name = multi_sim_voice_call , value = 2
12-23 22:44:27.458 W/IntentResolver(  818): resolveIntent: multiple matches, only some with CATEGORY_DEFAULT
12-23 22:44:27.459 D/InputReader(  818): InputReader:: requestRefreshConfiguration lock 
12-23 22:44:27.459 D/InputReader(  818): InputReader:: requestRefreshConfiguration unlock 
12-23 22:44:27.461 I/InputReader(  818): Reconfiguring input devices.  changes=0x00000010
12-23 22:44:27.463 W/IntentResolver(  818): resolveIntent: multiple matches, only some with CATEGORY_DEFAULT
12-23 22:44:27.464 V/ActivityManager(  818): Broadcast: Intent { act=android.intent.action.MY_PACKAGE_REPLACED flg=0x4000010 pkg=com.github.uiautomator (has extras) } ordered=false userid=0 callerApp=null
12-23 22:44:27.464 V/SettingsInterface( 1691):  from settings cache , name = multi_sim_data_call , value = -1
12-23 22:44:27.466 W/IntentResolver(  818): resolveIntent: multiple matches, only some with CATEGORY_DEFAULT
12-23 22:44:27.466 V/SettingsInterface( 1691):  from settings cache , name = multi_sim_sms , value = -3
12-23 22:44:27.468 V/SettingsInterface( 1691):  from settings cache , name = multi_sim_voice_call , value = 2
12-23 22:44:27.469 D/Surface (  259): Surface::setBuffersDimensions(this=0x7f9d616e00,w=1080,h=1920)
12-23 22:44:27.469 D/Surface ( 1992): Surface::setBuffersDimensions(this=0x7f33e59400,w=1080,h=1845)
12-23 22:44:27.474 V/ActivityManager(  818): Broadcast: Intent { act=cn.sharesdk.log flg=0x10 (has extras) } ordered=false userid=0 callerApp=ProcessRecord{29ab37a7 4542:vStudio.Android.Camera360/u0a98}
12-23 22:44:27.479 V/ActivityManager(  818): Broadcast: Intent { act=cn.sharesdk.log flg=0x10 (has extras) } ordered=false userid=0 callerApp=ProcessRecord{29ab37a7 4542:vStudio.Android.Camera360/u0a98}
12-23 22:44:27.481 W/SettingsInterface(  818): Setting install_non_market_apps has moved from android.provider.Settings.Global to android.provider.Settings.Secure, returning read-only value.
12-23 22:44:27.482 V/SettingsInterface(  818):  from settings cache , name = install_non_market_apps , value = 1
12-23 22:44:27.482 I/System.out( 1585): open:http://sjzs-api.25pp.com/api/resource.app.checkUpdateV1
12-23 22:44:27.484 I/System.out( 1585): [CDS][DNS] getAllByNameImpl netId = 0
12-23 22:44:27.484 V/ActivityManager(  818): Broadcast: Intent { act=cn.sharesdk.log flg=0x10 (has extras) } ordered=false userid=0 callerApp=ProcessRecord{29ab37a7 4542:vStudio.Android.Camera360/u0a98}
12-23 22:44:27.485 D/libc-netbsd( 1585): [getaddrinfo]: hostname=sjzs-api.25pp.com; servname=(null); cache_mode=(null), netid=0; mark=0
12-23 22:44:27.485 D/libc-netbsd( 1585): [getaddrinfo]: ai_addrlen=0; ai_canonname=(null); ai_flags=4; ai_family=0
12-23 22:44:27.485 I/System.out( 1585): Close in OkHttp
12-23 22:44:27.485 D/libc-netbsd( 1585): [getaddrinfo]: hostname=sjzs-api.25pp.com; servname=(null); cache_mode=(null), netid=0; mark=0
12-23 22:44:27.486 D/libc-netbsd( 1585): [getaddrinfo]: ai_addrlen=0; ai_canonname=(null); ai_flags=1024; ai_family=0
12-23 22:44:27.486 D/Surface (  259): Surface::setBuffersDimensions(this=0x7f9d616e00,w=1080,h=1920)
12-23 22:44:27.486 D/FrameworkListener(  287): dispatchCommand data = (getaddrinfo sjzs-api.25pp.com ^ 1024 0 1 0 0)
12-23 22:44:27.486 I/System.out( 1585): [CDS]close[35751]
12-23 22:44:27.486 I/art     ( 7151): Explicit concurrent mark sweep GC freed 9381(821KB) AllocSpace objects, 1(36KB) LOS objects, 5% free, 37MB/39MB, paused 2.364ms total 224.724ms
12-23 22:44:27.487 D/libc-netbsd(  287): [getaddrinfo]: hostname=sjzs-api.25pp.com; servname=(null); cache_mode=local, netid=101; mark=917605
12-23 22:44:27.487 D/libc-netbsd(  287): [getaddrinfo]: ai_addrlen=0; ai_canonname=(null); ai_flags=1024; ai_family=0
12-23 22:44:27.488 D/libc-netbsd(  287): default dns: query_ipv6=0, query_ipv4=1
12-23 22:44:27.488 D/Surface ( 1992): Surface::setBuffersDimensions(this=0x7f33e59400,w=1080,h=1845)
12-23 22:44:27.488 D/libc-netbsd(  287): res_queryN name = sjzs-api.25pp.com, class = 1, type = 1
12-23 22:44:27.488 D/libc-netbsd(  287): netid=101, dns0:192.168.1.1
12-23 22:44:27.488 D/libc-netbsd(  287): netid=101, dns1:8.8.8.8
12-23 22:44:27.494 D/libc-netbsd(  287): res_queryN name = sjzs-api.25pp.com succeed
12-23 22:44:27.494 D/SocketClient(  287): SocketClient sendData done: 222
12-23 22:44:27.495 D/SocketClient(  287): SocketClient sendData done: 
12-23 22:44:27.495 D/libc-netbsd( 1585): getaddrinfo: sjzs-api.25pp.com get result from proxy >>
12-23 22:44:27.495 D/SocketClient(  287): SocketClient sendData done: 
12-23 22:44:27.495 I/System.out( 1585): propertyValue:true
12-23 22:44:27.495 D/SocketClient(  287): SocketClient sendData done: 
12-23 22:44:27.495 D/SocketClient(  287): SocketClient sendData done: 
12-23 22:44:27.496 I/System.out( 1585): [CDS]rx timeout:10000
12-23 22:44:27.495 D/SocketClient(  287): SocketClient sendData done: 
12-23 22:44:27.495 D/SocketClient(  287): SocketClient sendData done: 
12-23 22:44:27.497 I/System.out( 1585): [socket][18] connection sjzs-api.25pp.com/58.215.137.65:80;LocalPort=55294(10000)
12-23 22:44:27.496 W/IntentResolver(  818): resolveIntent: multiple matches, only some with CATEGORY_DEFAULT
12-23 22:44:27.497 I/System.out( 1585): [CDS]connect[sjzs-api.25pp.com/58.215.137.65:80] tm:10
12-23 22:44:27.498 D/SocketClient(  287): SocketClient sendData done: 
12-23 22:44:27.499 I/art     ( 1457): Explicit concurrent mark sweep GC freed 3385(264KB) AllocSpace objects, 0(0B) LOS objects, 6% free, 30MB/32MB, paused 3.957ms total 244.257ms
12-23 22:44:27.499 D/Posix   ( 1585): [Posix_connect Debug]Process com.pp.assistant:aid :80 
12-23 22:44:27.499 W/IntentResolver(  818): resolveIntent: multiple matches, only some with CATEGORY_DEFAULT
12-23 22:44:27.503 D/Surface (  259): Surface::setBuffersDimensions(this=0x7f9d616e00,w=1080,h=1920)
12-23 22:44:27.503 W/IntentResolver(  818): resolveIntent: multiple matches, only some with CATEGORY_DEFAULT
12-23 22:44:27.506 D/Surface ( 1992): Surface::setBuffersDimensions(this=0x7f33e59400,w=1080,h=1845)
12-23 22:44:27.510 W/IntentResolver(  818): resolveIntent: multiple matches, only some with CATEGORY_DEFAULT
12-23 22:44:27.511 V/SettingsProvider(  818): call(system:android.{F46B117B-CBC7-4ac2-8F3C-43C1649DC7PK}) for 0
12-23 22:44:27.511 D/SettingsProvider(  818): lookupValue table system cache contains Key android.{F46B117B-CBC7-4ac2-8F3C-43C1649DC7PK} , value = Bundle[{value=MIGfMA0GCSqGSIb3DQEBAQUAA4GNADCBiQKBgQCiiByw0W40uhK+khvIEneisE1pPtvId6ewOeFm4ohO0UVmcnB6RCJz7/J+xk4jlEfqJyfXm5BcRyxdERcbK4uzmDOwSgd4XaV2X+A4iN2EgJ5PdY6kZuWzJ0L2/gyFgbIs+0FWUOc449VoLojPcH/CNmwZultVSU2oBx0+GS7e8QIDAQAB}]
12-23 22:44:27.515 V/SettingsProvider(  818): call(system:android.{F46B117B-CBC7-4ac2-8F3C-43C1649DC7PV}) for 0
12-23 22:44:27.516 D/SettingsProvider(  818): lookupValue table system cache contains Key android.{F46B117B-CBC7-4ac2-8F3C-43C1649DC7PV} , value = Bundle[{value=1}]
12-23 22:44:27.520 D/Surface (  259): Surface::setBuffersDimensions(this=0x7f9d616e00,w=1080,h=1920)
12-23 22:44:27.520 D/Surface ( 1992): Surface::setBuffersDimensions(this=0x7f33e59400,w=1080,h=1845)
12-23 22:44:27.524 V/SettingsInterface( 1691):  from settings cache , name = sms_default_application , value = com.android.mms
12-23 22:44:27.525 I/art     ( 1342): Explicit concurrent mark sweep GC freed 36826(1684KB) AllocSpace objects, 0(0B) LOS objects, 7% free, 23MB/25MB, paused 3.053ms total 276.660ms
12-23 22:44:27.525 W/IntentResolver(  818): resolveIntent: multiple matches, only some with CATEGORY_DEFAULT
12-23 22:44:27.527 D/ActivityThread( 1342): BDC-Calling onReceive: intent=Intent { act=android.intent.action.PACKAGE_REMOVED dat=package:com.github.uiautomator flg=0x4000010 cmp=com.pp.assistant/.receiver.WashPackageReceiver (has extras) }, receiver=com.pp.assistant.receiver.WashPackageReceiver@34c47fed
12-23 22:44:27.528 I/System.out( 1585): [socket][/192.168.1.104:55294] connected
12-23 22:44:27.528 D/ActivityThread( 1342): BDC-RECEIVER handled : 0 / ReceiverData{intent=Intent { act=android.intent.action.PACKAGE_REMOVED dat=package:com.github.uiautomator flg=0x4000010 cmp=com.pp.assistant/.receiver.WashPackageReceiver (has extras) } packageName=com.pp.assistant resultCode=0 resultData=null resultExtras=null}
12-23 22:44:27.529 I/System.out( 1585): [OkHttp] sendRequest>>
12-23 22:44:27.529 I/System.out( 1585): [OkHttp] sendRequest<<
12-23 22:44:27.529 I/libPerfService(  818): perfSetFavorPid - pid:1714, 6b2
12-23 22:44:27.530 W/IntentResolver(  818): resolveIntent: multiple matches, only some with CATEGORY_DEFAULT
12-23 22:44:27.533 W/IntentResolver(  818): resolveIntent: multiple matches, only some with CATEGORY_DEFAULT
12-23 22:44:27.534 I/NotificationService(  818): action=android.intent.action.PACKAGE_ADDED queryReplace=false
12-23 22:44:27.535 D/BackupManagerService(  818): Received broadcast Intent { act=android.intent.action.PACKAGE_ADDED dat=package:com.github.uiautomator flg=0x4000010 (has extras) }
12-23 22:44:27.537 D/Surface (  259): Surface::setBuffersDimensions(this=0x7f9d616e00,w=1080,h=1920)
12-23 22:44:27.538 I/libPerfService(  818): perfSetFavorPid - pid:1714, 6b2
12-23 22:44:27.538 W/IntentResolver(  818): resolveIntent: multiple matches, only some with CATEGORY_DEFAULT
12-23 22:44:27.539 W/BackupManagerService(  818): Removing schedule queue dupe of com.github.uiautomator
12-23 22:44:27.541 D/OpenSSLLib( 1342): OpensslErr:Module:13(114:155); file:external/openssl/crypto/asn1/asn1_lib.c ;Line:145;Function:ASN1_get_object
12-23 22:44:27.544 W/ResourceType(  818): ResTable_typeSpec entry count inconsistent: given 1, previously 1238
12-23 22:44:27.544 D/ActivityThread(10325): BDC-Calling onReceive: intent=Intent { act=android.intent.action.PACKAGE_REMOVED dat=package:com.github.uiautomator flg=0x4000010 cmp=com.android.providers.contacts/.PackageIntentReceiver (has extras) }, receiver=com.android.providers.contacts.PackageIntentReceiver@1bc76c76
12-23 22:44:27.545 D/ActivityThread(10325): BDC-RECEIVER handled : 0 / ReceiverData{intent=Intent { act=android.intent.action.PACKAGE_REMOVED dat=package:com.github.uiautomator flg=0x4000010 cmp=com.android.providers.contacts/.PackageIntentReceiver (has extras) } packageName=com.android.providers.contacts resultCode=0 resultData=null resultExtras=null}
12-23 22:44:27.546 D/Surface ( 1992): Surface::setBuffersDimensions(this=0x7f33e59400,w=1080,h=1845)
12-23 22:44:27.547 I/libPerfService(  818): perfSetFavorPid - pid:1714, 6b2
12-23 22:44:27.550 D/ContactsProvider(10325): performBackgroundTask()+ **** task=8
12-23 22:44:27.550 V/SettingsInterface( 1691):  from settings cache , name = multi_sim_data_call , value = -1
12-23 22:44:27.552 I/libPerfService(  818): perfSetFavorPid - pid:1714, 6b2
12-23 22:44:27.553 D/ActivityThread( 1714): BDC-Calling onReceive: intent=Intent { act=android.intent.action.PACKAGE_REMOVED dat=package:com.github.uiautomator flg=0x4000010 cmp=com.android.launcher3/.PackageChangedReceiver (has extras) }, receiver=com.android.launcher3.PackageChangedReceiver@3978086e
12-23 22:44:27.554 V/SettingsInterface( 1691):  from settings cache , name = multi_sim_sms , value = -3
12-23 22:44:27.554 W/Launcher( 1714): setApplicationContext called twice! old=com.android.launcher3.LauncherApplication@1249a78f new=com.android.launcher3.LauncherApplication@1249a78f
12-23 22:44:27.554 D/ActivityThread( 1714): BDC-RECEIVER handled : 0 / ReceiverData{intent=Intent { act=android.intent.action.PACKAGE_REMOVED dat=package:com.github.uiautomator flg=0x4000010 cmp=com.android.launcher3/.PackageChangedReceiver (has extras) } packageName=com.android.launcher3 resultCode=0 resultData=null resultExtras=null}
12-23 22:44:27.555 D/SQLiteDatabase(10325): beginTransaction()
12-23 22:44:27.555 D/Surface (  259): Surface::setBuffersDimensions(this=0x7f9d616e00,w=1080,h=1920)
12-23 22:44:27.556 I/libPerfService(  818): perfSetFavorPid - pid:1714, 6b2
12-23 22:44:27.556 V/SettingsInterface( 1691):  from settings cache , name = multi_sim_voice_call , value = 2
12-23 22:44:27.558 I/libPerfService(  818): perfSetFavorPid - pid:1714, 6b2
12-23 22:44:27.558 D/ActivityThread( 1143): BDC-Calling onReceive: intent=Intent { act=android.intent.action.PACKAGE_REMOVED dat=package:com.github.uiautomator flg=0x4000010 cmp=com.android.systemui/.floatpanel.FloatModel (has extras) }, receiver=com.android.systemui.floatpanel.FloatModel@26fdcd9b
12-23 22:44:27.559 D/FloatModel( 1143): onReceive: intent = Intent { act=android.intent.action.PACKAGE_REMOVED dat=package:com.github.uiautomator flg=0x4000010 cmp=com.android.systemui/.floatpanel.FloatModel (has extras) }
12-23 22:44:27.559 D/ActivityThread( 1143): BDC-RECEIVER handled : 0 / ReceiverData{intent=Intent { act=android.intent.action.PACKAGE_REMOVED dat=package:com.github.uiautomator flg=0x4000010 cmp=com.android.systemui/.floatpanel.FloatModel (has extras) } packageName=com.android.systemui resultCode=0 resultData=null resultExtras=null}
12-23 22:44:27.560 I/libPerfService(  818): perfSetFavorPid - pid:1714, 6b2
12-23 22:44:27.561 D/Launcher3( 1714): WidgetPreviewLoader, removeFromDb: db = SQLiteDatabase: /data/user/0/com.android.launcher3/cache/widgetpreviews.db
12-23 22:44:27.562 D/Surface ( 1992): Surface::setBuffersDimensions(this=0x7f33e59400,w=1080,h=1845)
12-23 22:44:27.565 W/IntentResolver(  818): resolveIntent: multiple matches, only some with CATEGORY_DEFAULT
12-23 22:44:27.566 I/libPerfService(  818): perfSetFavorPid - pid:1714, 6b2
12-23 22:44:27.570 V/SettingsInterface( 1691):  from settings cache , name = multi_sim_data_call , value = -1
12-23 22:44:27.571 W/IntentResolver(  818): resolveIntent: multiple matches, only some with CATEGORY_DEFAULT
12-23 22:44:27.571 V/SettingsInterface( 1691):  from settings cache , name = multi_sim_sms , value = -3
12-23 22:44:27.572 V/SettingsInterface( 1691):  from settings cache , name = multi_sim_voice_call , value = 2
12-23 22:44:27.574 W/IntentResolver(  818): resolveIntent: multiple matches, only some with CATEGORY_DEFAULT
12-23 22:44:27.575 D/SQLiteDatabase(10325): endTransaction()
12-23 22:44:27.579 W/IntentResolver(  818): resolveIntent: multiple matches, only some with CATEGORY_DEFAULT
12-23 22:44:27.579 V/SettingsInterface( 1691):  from settings cache , name = multi_sim_voice_call , value = 2
12-23 22:44:27.582 D/Surface ( 1992): Surface::setBuffersDimensions(this=0x7f33e59400,w=1080,h=1845)
12-23 22:44:27.586 D/ActivityThread( 5018): BDC-Calling onReceive: intent=Intent { act=android.intent.action.PACKAGE_REMOVED dat=package:com.github.uiautomator flg=0x4000010 cmp=com.android.systemuitool/com.fanking.sdk.core.BatteryReceiver (has extras) }, receiver=com.fanking.sdk.core.BatteryReceiver@35230c9f
12-23 22:44:27.590 D/Surface (  259): Surface::setBuffersDimensions(this=0x7f9d616e00,w=1080,h=1920)
12-23 22:44:27.593 D/Surface ( 1992): Surface::setBuffersDimensions(this=0x7f33e59400,w=1080,h=1845)
12-23 22:44:27.595 D/ActivityThread( 2979): SVC-Calling onStartCommand: com.fanking.sdk.core.BatteryService@95bd625, flags=0, startId=8
12-23 22:44:27.596 D/ActivityThread( 5018): BDC-RECEIVER handled : 0 / ReceiverData{intent=Intent { act=android.intent.action.PACKAGE_REMOVED dat=package:com.github.uiautomator flg=0x4000010 cmp=com.android.systemuitool/com.fanking.sdk.core.BatteryReceiver (has extras) } packageName=com.android.systemuitool resultCode=0 resultData=null resultExtras=null}
12-23 22:44:27.599 D/ActivityThread( 2979): SVC-SERVICE_ARGS handled : 0 / ServiceArgsData{token=android.os.BinderProxy@22041a1c startId=8 args=Intent { cmp=com.android.systemuitool/com.fanking.sdk.core.BatteryService (has extras) }}
12-23 22:44:27.599 D/Environment(  818): getStorageVolume,  volume:StorageVolume:
12-23 22:44:27.599 D/Environment(  818):     mStorageId=65537 mPath=/storage/emulated/0 mDescriptionId=17040808 
12-23 22:44:27.599 D/Environment(  818):     mPrimary=true mRemovable=false mEmulated=true mMtpReserveSpace=10 
12-23 22:44:27.599 D/Environment(  818):     mAllowMassStorage=false mMaxFileSize=0 mOwner=UserHandle{0} mUuid=null 
12-23 22:44:27.599 D/Environment(  818):     mUserLabel=null mState=mounted 
12-23 22:44:27.599 D/Environment(  818): getStorageVolume,  volume:StorageVolume:
12-23 22:44:27.599 D/Environment(  818):     mStorageId=131073 mPath=/storage/sdcard1 mDescriptionId=17040806 
12-23 22:44:27.599 D/Environment(  818):     mPrimary=false mRemovable=true mEmulated=false mMtpReserveSpace=0 
12-23 22:44:27.599 D/Environment(  818):     mAllowMassStorage=true mMaxFileSize=0 mOwner=null mUuid=DC17-B779 
12-23 22:44:27.599 D/Environment(  818):     mUserLabel=M-PM-lM-CM-M mState=mounted 
12-23 22:44:27.599 D/Environment(  818): getStorageVolume,  volume:StorageVolume:
12-23 22:44:27.599 D/Environment(  818):     mStorageId=196609 mPath=/storage/usbotg mDescriptionId=17040809 
12-23 22:44:27.599 D/Environment(  818):     mPrimary=false mRemovable=true mEmulated=false mMtpReserveSpace=0 
12-23 22:44:27.599 D/Environment(  818):     mAllowMassStorage=false mMaxFileSize=0 mOwner=null mUuid=null 
12-23 22:44:27.599 D/Environment(  818):     mUserLabel=null mState=removed 
12-23 22:44:27.603 V/SettingsInterface( 1691):  from settings cache , name = multi_sim_voice_call , value = 2
12-23 22:44:27.607 D/Surface (  259): Surface::setBuffersDimensions(this=0x7f9d616e00,w=1080,h=1920)
12-23 22:44:27.608 D/Surface ( 1992): Surface::setBuffersDimensions(this=0x7f33e59400,w=1080,h=1845)
12-23 22:44:27.615 V/SettingsInterface(10757):  from settings cache , name = android.{F46B117B-CBC7-4ac2-8F3C-43C1649DC7PN} , value = w23fH2cytbCv1d6hM5VBZQ==,umU4HDKB9C/OjhfFIPocqA==,1hVOcCffvhMichY3YySWjA==,siK/E+fc+mk/hHfTrsGb2Q==,jxYqudDIE1/ToyPcidbWHQ==,0FW9Ed9dVklyQgnIG6vZIw==,mPh8U6G9VqNF/zvwvsJuVA==,FpwhGpoYmhFT08T4RDA2yg==,ETyQ/Tul1eEI5bP/5LzW8w==,m8wGuzTlVh/xL9ou9/PwVA==,4EWoPwHpy4jbEgztPYncXA==,F2FhvpAODimTSvyoPrET+A==,9hrglJF6mqFcUAWpTjseyA==,QnViDp0YacNXzwXQQbH6UA==,5yDqg3J5zjoEMgEDjMfrRA==,PDSXHGhCnMiBeor1gyXGVw==,Z2yLY0mCWlKPKTk40CXRag==,jUhUhNKQ7BdVXnrMg9Aagw==,AHh9FubC2qa6tu7NYD1H3w==,qu1w+CG/96NXuFqBOYl/bg==,Vce2gAAEPXUc8+R44MBUtw==,YgZF767HIi3b1JtToCcDZA==,lJBBMK95EJg9DQC4NLgDKA==,M0s2cBOR/dnGt/YzXG8KDQ==,AcW3g2ypRoq7LOibSYRYFw==,qHkzuP4eQaKgShKIdAzbsA==,sHk4aezTtvKg0GjhYYqnmA==,/x9TbVHPWIUmH5X/PSPK7g==,hWudZl72F5EbGQXlTgGd5w==,IhCcr9CD372j7O/huzEGUg==,OijrJEMASZ5PMNsSggAtfA==,sMiNqd/t5FsfSA5tuphzWQ==,+6fgxA5rAtBtXW6BRdOdsQ==,9MsTco2shonnsHQYTtmL9g==,LzGEIgB66sNqcxNkyEX09A==,QJ+AM89/HOmQY0tCus06Ug==,a6wMw/SIH/yvMsRfMomTKA==,wxsyNkzhnKj80VCkF+zOWA==,7VV2s7Vm2695Ytm4RsMfPg==,RySnXaSMevM+klsBBOp9/w==,+HOnE/Pz1XCdx2RBh0HE8g==,UU8YnM5EE2uPlli6xBBshA==,nqWLDMFrYyxvy8+zxgNF9Q==,QFKhydgya1QdIhI4rjydQw==,zzz3K9jlOw233bCm8iCK+Q==,+IN8bBRGYpSWDcVI3vEa5g==,wRN+CcV6hv4EmOYuLlJpIA==,mhQ7LC7ygV4/aUnTyA9Dsg==,SzrS0lI+f1RMSkEYEu8MrA==,1BCHc1gJ3wqGeihCb5PNtQ==,RCbl0ti29iJNtQc2DlrQ7g==,d5HgeRoOoRdUGk/xxYst5A==,+p9z4Fsvl6febdavzNdZMw==,RczO67b9BwFLSxRM+yUcRw==,gdURLDtbrdsinutUzFIOOw==,1MlgoUdJA4BcPhMMgnEODA==,NjGg7HILnXJstNXGN4oUeg==,WHpNSn6Rd2efOda8x3+VWg==,FZ6/6cGKIMxraxG64938dQ==,YwfRdmJF39xlpsFoRkOKVA==,FMRv72IndB+iXdBrazyHMQ==,YMFrfJoXJzw6Rm3ouYptrw==,jeYAXJaa82VD7WLLPpSGWA==,A1uFBZL/FGvkRT/CzUZAQg==,JxIXJcMXn7rZ/Wi0ZJg/2w==,J5Ar1NFBCoqwgzkKjM1b1Q==,wX3xLbR0BbREsRxVAAymgA==,1GAHd6ynWWorQsk0OsMIUw==,VtxRt+FLwe545BPuxOQcQw==,174a8R6VG03rt3gibqQcFQ==,LGgZ6oF1As4WT2vEpFoflA==,0LF0GfM75iqlNA/sByaQMA==,uG96VPuLR3zJCcacSIEDrw==,gXVzVQIOhaScfvrRWBM6kw==,UhIIQr51OtYfoMt7r7PEuQ==,cjpyqjqRlboNI5AXt5anUA==,JUjoiZIdFUEM7W7oKtHZwQ==,686FluNp9rCacMGq2o8IDw==,o670i5LZknvMALZOwLZblw==,Z7+ow5RXOBDm7y8rlrrbDA==,Ig/KdJrNn/Q5zpLl6cNvkg==,fC/0pNuvEz7HaiiBa5eP2Q==,G2jmF+yFSgBRBI6wk3rNrA==,u47OgzF7BuxFPRh9YXkqVg==,iPBxi4yFHttLmKm5/Cz6/w==,AouOd01tnZ1GK7dIj8oSAA==,5nADAWATozUFup1KRxWNtQ==,TmlMO2swfTZmVKhptnd2GQ==,kb5LcIAb1kp66pOGiaBgSA==,Qqh21ElAzd2XtTuuiDHtNQ==,aOAO+RqD8/kkF1K3Q8MjmA==,9YhyLhKQC1VP6rZiLjUGPw==,aEn2q4ffpyhpmIkEYwzrdA==,zUcTStyZ2TWB7PmluevRVw==,HfDs//t+XK4WMgH48BZu1Q==,KgsNYE0NyZ4Evf481Dg7jA==,nyqDLNuGMGZI0qOdFHFxwg==,EfHSb59W8EGGYtJE9xKsRA==,eodyUOlZnCRX5i6zs4IG9g==,fbuSLMesL31bygBx6phJwg==,DS7SioytXoECcmuOjih4eA==,NSPGMVjCqY2Zi+HSqGMX6g==,/HBOaxPE+ya/XkEfddqE8g==,SeTJTLDCkj1MXy10AEtXhQ==,Sq+hEVrXSiDiAmhWuPg69w==,qJ/AdhbThMR9bDRac3khdw==,C8pKgcmBAVnjMzvC3xq1sA==,+yd8ArveOJi8FR9/42TVJQ==,nXwJmct4zrTtT37khh3a7w==,FvENAbnXFA3ncxFPr4Cmbg==,CXr4Wqat9g7rogDzFL1yDA==,Pz6oFurYk40zqZdZzHpQ8g==,QmpViMURDNAdWvF+R62yIw==,CEqzvDT3qnzP+DZT9Sq6/A==,MOYgRtoXfdSBrq8GC8Lb5g==,yaRlYB4XUk3acQpwoXCTng==,M/oTPuZNSjnSqut0UQop/w==,+odyCQNsoZQFkWpgv+pPbQ==,y5btBgDob6iA2wgF5cgNyQ==,SbPX7ej4KcBMoNvAjayxrA==,dBt/urhooy9gw2RM4NsABg==,nYmgpIcWug0NXPr4Ddw0Bw==,RyQoFWA6FL5rt1pJ9W68ww==,Rhrqtuyf1S5Fr/aKl6DC4w==,SEFAAwvd2BDGXYLdU1zP+A==,qsWmUOd9zzi0xcDC489lhQ==,VvnRiWH5B0RYUmDE9AiqMQ==,QbPhQmi8jQ70UradN9UidA==,al3cr3EQ/prjUIzcHBo+ZA==,x8pH5WEE7qjjpxVq1PEe+w==,7jWp9DK59vN7kxlig2NY3Q==,iFNpAbFI6OqCyr6c7jelMw==,w310JG2cgaoLuCS1fq9wYg==,fxE2PwgnFDxlyYOgC8SCEQ==,LozNbRI0uRtTRRcWR0vOEw==,70eymmbgWDfaTYW79VyIow==,2e/jLScqJmzoX00cnJZ0bQ==,XKvpfV6cxWqEnDKQPsKgoQ==,5EUCXC3rrC1amAklE1S7ew==,OtkmcYX2SxhkM8A3ml2DlQ==,ZL2MUoh+/LMR8epHdjTZKw==,OwrC53raQB1K8miGj01JHA==,9ZUdjkFyI+OiAteUybR8WA==,2ssUTH7MVMyPW1vG3luDmQ==,79A1u7wVyKGi1p+SqbQy5w==,k7Kt3B/IHGBFtBms9xGPwA==,UuZie2Dq3qiJlw0V9Yo2eQ==,RqDBMiV9YDKITwmqwW5Zgg==,p9gEPmuu6e72FOqixV8lHg==,nhcw/pD1+UYceUVmTvB/7Q==,unLpOD1CZ+NUcyg6JOEFXQ==,KlCnELgHooqOTrekVU+hNg==,Tq7/rSJ1maGQDOH1sIU72w==,nSbGRG/Xu45B2ZtiYrF97w==,450sfeGRVrBoPNk+hzXzSA==,j6iSnZoqc3Sa6h0g8JgKkg==,dIFIPhtXQSgUSlb/xSHZLg==,pcmQoLfvbXqLQxHFVwQIug==,iXwa63iQGZycAJH8tOL
12-23 22:44:27.619 D/ContactsProvider(10325): performBackgroundTask()- **** task=8
12-23 22:44:27.623 V/SettingsInterface(  818):  from settings cache , name = default_input_method , value = com.sohu.inputmethod.sogou/.SogouIME
12-23 22:44:27.623 V/SettingsInterface(  818):  from settings cache , name = enabled_input_methods , value = io.appium.android.ime/.UnicodeIME:com.iflytek.inputmethod/.FlyIME:com.android.inputmethod.latin/.LatinIME:com.sohu.inputmethod.sogou/.SogouIME
12-23 22:44:27.625 D/Surface (  259): Surface::setBuffersDimensions(this=0x7f9d616e00,w=1080,h=1920)
12-23 22:44:27.625 D/Surface ( 1992): Surface::setBuffersDimensions(this=0x7f33e59400,w=1080,h=1845)
12-23 22:44:27.626 V/SettingsInterface(  818):  from settings cache , name = enabled_input_methods , value = io.appium.android.ime/.UnicodeIME:com.iflytek.inputmethod/.FlyIME:com.android.inputmethod.latin/.LatinIME:com.sohu.inputmethod.sogou/.SogouIME
12-23 22:44:27.626 V/SettingsInterface(  818):  from settings cache , name = enabled_input_methods , value = io.appium.android.ime/.UnicodeIME:com.iflytek.inputmethod/.FlyIME:com.android.inputmethod.latin/.LatinIME:com.sohu.inputmethod.sogou/.SogouIME
12-23 22:44:27.627 V/SettingsInterface(  818):  from settings cache , name = enabled_input_methods , value = io.appium.android.ime/.UnicodeIME:com.iflytek.inputmethod/.FlyIME:com.android.inputmethod.latin/.LatinIME:com.sohu.inputmethod.sogou/.SogouIME
12-23 22:44:27.628 V/SettingsInterface(  818):  from settings cache , name = enabled_input_methods , value = io.appium.android.ime/.UnicodeIME:com.iflytek.inputmethod/.FlyIME:com.android.inputmethod.latin/.LatinIME:com.sohu.inputmethod.sogou/.SogouIME
12-23 22:44:27.629 V/SettingsInterface(  818):  from settings cache , name = enabled_input_methods , value = io.appium.android.ime/.UnicodeIME:com.iflytek.inputmethod/.FlyIME:com.android.inputmethod.latin/.LatinIME:com.sohu.inputmethod.sogou/.SogouIME
12-23 22:44:27.634 V/SettingsInterface(  818):  from settings cache , name = accessibility_enabled , value = null
12-23 22:44:27.641 D/Surface (  259): Surface::setBuffersDimensions(this=0x7f9d616e00,w=1080,h=1920)
12-23 22:44:27.643 D/Surface ( 1992): Surface::setBuffersDimensions(this=0x7f33e59400,w=1080,h=1845)
12-23 22:44:27.645 V/SettingsInterface(  818):  from settings cache , name = enabled_accessibility_services , value = null
12-23 22:44:27.645 V/SettingsInterface(  818):  from settings cache , name = touch_exploration_granted_accessibility_services , value = null
12-23 22:44:27.645 V/SettingsInterface(  818):  from settings cache , name = touch_exploration_enabled , value = 0
12-23 22:44:27.645 V/SettingsInterface(  818):  from settings cache , name = high_text_contrast_enabled , value = null
12-23 22:44:27.646 V/SettingsInterface(  818):  from settings cache , name = accessibility_script_injection , value = 0
12-23 22:44:27.646 V/SettingsInterface(  818):  from settings cache , name = accessibility_display_magnification_enabled , value = 0
12-23 22:44:27.646 V/SettingsInterface(  818):  from settings cache , name = accessibility_display_inversion_enabled , value = null
12-23 22:44:27.646 V/SettingsInterface(  818):  from settings cache , name = accessibility_display_daltonizer_enabled , value = null
12-23 22:44:27.646 V/SettingsInterface(  818):  from settings cache , name = accessibility_display_inversion_enabled , value = null
12-23 22:44:27.646 V/SettingsInterface(  818):  from settings cache , name = accessibility_display_daltonizer_enabled , value = null
12-23 22:44:27.651 V/SettingsInterface(  818):  from settings cache , name = selected_spell_checker , value = com.android.inputmethod.latin/.spellcheck.AndroidSpellCheckerService
12-23 22:44:27.659 D/Surface (  259): Surface::setBuffersDimensions(this=0x7f9d616e00,w=1080,h=1920)
12-23 22:44:27.661 I/ActivityManager(  818): Start proc 11108:com.fw.upgrade.sysoper/1000 for broadcast com.fw.upgrade.sysoper/com.adups.fota.sysoper.TaskReceiver
12-23 22:44:27.661 I/libPerfService(  818): perfSetFavorPid - pid:1714, 6b2
12-23 22:44:27.663 I/SurfaceFlinger(  259): [Built-in Screen (type:0)] fps:52.039185,dur:1018.46,max:68.29,min:15.40
12-23 22:44:27.665 V/ActivityManager(  818): Broadcast: Intent { act=action_notify_sub_process_ACTION flg=0x10 } ordered=false userid=0 callerApp=ProcessRecord{30a51529 1342:com.pp.assistant/u0a89}
12-23 22:44:27.671 D/Surface ( 1992): Surface::setBuffersDimensions(this=0x7f33e59400,w=1080,h=1845)
12-23 22:44:27.677 D/Surface (  259): Surface::setBuffersDimensions(this=0x7f9d616e00,w=1080,h=1920)
12-23 22:44:27.679 V/SettingsInterface( 1691):  from settings cache , name = multi_sim_voice_call , value = 2
12-23 22:44:27.681 I/art     ( 1342): Background sticky concurrent mark sweep GC freed 42155(1826KB) AllocSpace objects, 5(163KB) LOS objects, 7% free, 23MB/25MB, paused 5.704ms total 33.494ms
12-23 22:44:27.682 D/Surface ( 1992): Surface::setBuffersDimensions(this=0x7f33e59400,w=1080,h=1845)
12-23 22:44:27.684 V/SettingsInterface( 1691):  from settings cache , name = multi_sim_data_call , value = -1
12-23 22:44:27.686 V/SettingsInterface( 1691):  from settings cache , name = multi_sim_sms , value = -3
12-23 22:44:27.687 I/BufferQueueProducer(  259): [](this:0x7f9d6c6000,id:67,api:1,p:1992,c:259) queueBuffer: fps=51.78 dur=1004.18 max=63.83 min=5.98
12-23 22:44:27.688 V/SettingsInterface( 1691):  from settings cache , name = multi_sim_voice_call , value = 2
12-23 22:44:27.694 D/Surface (  259): Surface::setBuffersDimensions(this=0x7f9d616e00,w=1080,h=1920)
12-23 22:44:27.700 I/System.out( 1342): open:http://sjzs-api.25pp.com/api/resource.app.checkUpdateV1
12-23 22:44:27.702 I/System.out( 1342): [CDS][DNS] getAllByNameImpl netId = 0
12-23 22:44:27.702 D/libc-netbsd( 1342): [getaddrinfo]: hostname=sjzs-api.25pp.com; servname=(null); cache_mode=(null), netid=0; mark=0
12-23 22:44:27.702 D/libc-netbsd( 1342): [getaddrinfo]: ai_addrlen=0; ai_canonname=(null); ai_flags=4; ai_family=0
12-23 22:44:27.702 D/Surface ( 1992): Surface::setBuffersDimensions(this=0x7f33e59400,w=1080,h=1845)
12-23 22:44:27.702 D/PerfServiceManager(  818): [PerfService] notifyFrameUpdate - bDuringTouchBoost:false 
12-23 22:44:27.703 D/libc-netbsd( 1342): [getaddrinfo]: hostname=sjzs-api.25pp.com; servname=(null); cache_mode=(null), netid=0; mark=0
12-23 22:44:27.703 D/libc-netbsd( 1342): [getaddrinfo]: ai_addrlen=0; ai_canonname=(null); ai_flags=1024; ai_family=0
12-23 22:44:27.705 I/System.out( 1342): Close in OkHttp
12-23 22:44:27.705 D/FrameworkListener(  287): dispatchCommand data = (getaddrinfo sjzs-api.25pp.com ^ 1024 0 1 0 0)
12-23 22:44:27.706 I/System.out( 1342): [CDS]close[35092]
12-23 22:44:27.706 I/System.out( 1342): Close in OkHttp
12-23 22:44:27.706 D/libc-netbsd(  287): [getaddrinfo]: hostname=sjzs-api.25pp.com; servname=(null); cache_mode=local, netid=101; mark=917605
12-23 22:44:27.707 D/libc-netbsd(  287): [getaddrinfo]: ai_addrlen=0; ai_canonname=(null); ai_flags=1024; ai_family=0
12-23 22:44:27.707 I/System.out( 1342): [CDS]close[58202]
12-23 22:44:27.708 D/libc-netbsd(  287): default dns: query_ipv6=0, query_ipv4=1
12-23 22:44:27.708 D/libc-netbsd(  287): res_queryN name = sjzs-api.25pp.com, class = 1, type = 1
12-23 22:44:27.708 D/libc-netbsd(  287): res_queryN name = sjzs-api.25pp.com succeed
12-23 22:44:27.709 D/SocketClient(  287): SocketClient sendData done: 222
12-23 22:44:27.709 D/SocketClient(  287): SocketClient sendData done: 
12-23 22:44:27.709 D/libc-netbsd( 1342): getaddrinfo: sjzs-api.25pp.com get result from proxy >>
12-23 22:44:27.709 D/SocketClient(  287): SocketClient sendData done: 
12-23 22:44:27.709 I/System.out( 1342): propertyValue:true
12-23 22:44:27.709 D/SocketClient(  287): SocketClient sendData done: 
12-23 22:44:27.709 I/System.out( 1342): [CDS]rx timeout:10000
12-23 22:44:27.709 D/SocketClient(  287): SocketClient sendData done: 
12-23 22:44:27.710 I/System.out( 1342): [socket][41] connection sjzs-api.25pp.com/58.215.137.65:80;LocalPort=47108(10000)
12-23 22:44:27.709 D/SocketClient(  287): SocketClient sendData done: 
12-23 22:44:27.710 I/System.out( 1342): [CDS]connect[sjzs-api.25pp.com/58.215.137.65:80] tm:10
12-23 22:44:27.709 D/SocketClient(  287): SocketClient sendData done: 
12-23 22:44:27.711 D/SocketClient(  287): SocketClient sendData done: 
12-23 22:44:27.711 D/Posix   ( 1342): [Posix_connect Debug]Process com.pp.assistant :80 
12-23 22:44:27.712 D/Surface (  259): Surface::setBuffersDimensions(this=0x7f9d616e00,w=1080,h=1920)
12-23 22:44:27.714 W/ActivityManager(  818): Skip forceProcessStateUpTo() to newState 8
12-23 22:44:27.714 I/libPerfService(  818): perfSetFavorPid - pid:1714, 6b2
12-23 22:44:27.718 D/Surface ( 1992): Surface::setBuffersDimensions(this=0x7f33e59400,w=1080,h=1845)
12-23 22:44:27.729 D/Surface (  259): Surface::setBuffersDimensions(this=0x7f9d616e00,w=1080,h=1920)
12-23 22:44:27.731 D/Surface ( 1992): Surface::setBuffersDimensions(this=0x7f33e59400,w=1080,h=1845)
12-23 22:44:27.732 V/SettingsInterface(11108): invalidate [system]: current 17 != cached 0
12-23 22:44:27.732 D/ActivityManager(  818): getContentProviderImpl: from caller=android.app.ApplicationThreadProxy@26227403 (pid=11108, userId=0) to get content provider settings cpr=ContentProviderRecord{344c55ed u0 com.android.providers.settings/.SettingsProvider}
12-23 22:44:27.733 D/ActivityManager(  818): getContentProviderImpl: updateLruProcessLocked cpr.proc=ProcessRecord{15ee6852 818:system/1000}
12-23 22:44:27.736 D/ActivityThread(11108): hoder:android.app.IActivityManager$ContentProviderHolder@663466d,provider,holder.Provider:android.content.ContentProviderProxy@1d0862a2
12-23 22:44:27.737 I/System.out( 1342): [socket][/192.168.1.104:47108] connected
12-23 22:44:27.737 I/System.out( 1342): [OkHttp] sendRequest>>
12-23 22:44:27.738 I/System.out( 1342): [OkHttp] sendRequest<<
12-23 22:44:27.739 V/SettingsProvider(  818): call(system:anr_debugging_mechanism) for 0
12-23 22:44:27.739 D/SettingsProvider(  818): lookupValue table system cache contains Key anr_debugging_mechanism , value = Bundle[{value=1}]
12-23 22:44:27.747 D/Surface (  259): Surface::setBuffersDimensions(this=0x7f9d616e00,w=1080,h=1920)
12-23 22:44:27.749 D/Surface ( 1992): Surface::setBuffersDimensions(this=0x7f33e59400,w=1080,h=1845)
12-23 22:44:27.756 D/Proxy   (11108): setHttpRequestCheckHandler
12-23 22:44:27.764 D/Surface (  259): Surface::setBuffersDimensions(this=0x7f9d616e00,w=1080,h=1920)
12-23 22:44:27.765 D/Surface ( 1992): Surface::setBuffersDimensions(this=0x7f33e59400,w=1080,h=1845)
12-23 22:44:27.772 I/System.out( 1342): Close in OkHttp
12-23 22:44:27.772 I/System.out( 1342): [CDS]close[60808]
12-23 22:44:27.774 V/SettingsInterface(  818):  from settings cache , name = search_global_search_activity , value = null
12-23 22:44:27.775 V/ActivityManager(  818): Broadcast: Intent { act=android.search.action.SEARCHABLES_CHANGED flg=0x24000010 } ordered=false userid=0 callerApp=ProcessRecord{15ee6852 818:system/1000}
12-23 22:44:27.777 D/Launcher.Model( 1714): onReceive intent=Intent { act=android.search.action.SEARCHABLES_CHANGED flg=0x24000010 }
12-23 22:44:27.777 D/Launcher3( 1714): Launcher.Model, receive INTENT_ACTION_SEARCHABLES_CHANGED
12-23 22:44:27.781 D/Surface (  259): Surface::setBuffersDimensions(this=0x7f9d616e00,w=1080,h=1920)
12-23 22:44:27.783 D/Surface ( 1992): Surface::setBuffersDimensions(this=0x7f33e59400,w=1080,h=1845)
12-23 22:44:27.789 V/SettingsInterface(  818):  from settings cache , name = search_global_search_activity , value = null
12-23 22:44:27.789 V/ActivityManager(  818): Broadcast: Intent { act=android.search.action.SEARCHABLES_CHANGED flg=0x24000010 } ordered=false userid=0 callerApp=ProcessRecord{15ee6852 818:system/1000}
12-23 22:44:27.792 V/SettingsInterface(  818):  from settings cache , name = voice_interaction_service , value = null
12-23 22:44:27.793 W/VoiceInteractionManagerService(  818): no available voice recognition services found for user 0
12-23 22:44:27.792 V/SettingsInterface(  818):  from settings cache , name = voice_recognition_service , value = null
12-23 22:44:27.794 D/LocationProviderProxy-fused(  818): bindBestPackage for com.android.location.service.FusedLocationProvider :  found 1, no new best package
12-23 22:44:27.798 D/Launcher3( 1714): Launcher, needToUpdateQsb = false, mCurrentQsbPkgName = com.android.quicksearchbox
12-23 22:44:27.798 D/Launcher.Model( 1714): onReceive intent=Intent { act=android.search.action.SEARCHABLES_CHANGED flg=0x24000010 }
12-23 22:44:27.798 D/Launcher3( 1714): Launcher.Model, receive INTENT_ACTION_SEARCHABLES_CHANGED
12-23 22:44:27.800 D/Surface (  259): Surface::setBuffersDimensions(this=0x7f9d616e00,w=1080,h=1920)
12-23 22:44:27.802 D/Surface ( 1992): Surface::setBuffersDimensions(this=0x7f33e59400,w=1080,h=1845)
12-23 22:44:27.802 E/WifiTrafficPoller(  818): TRAFFIC_STATS_POLL true Token 29 num clients 26
12-23 22:44:27.803 E/WifiTrafficPoller(  818):  packet count Tx=145598 Rx=169274
12-23 22:44:27.803 E/WifiTrafficPoller(  818): notifying of data activity 3
12-23 22:44:27.806 D/NetworkController.WifiSignalController( 1143): setActivity: wifiActivity= 3
12-23 22:44:27.806 D/NetworkController.WifiSignalController( 1143): isDirty : false
12-23 22:44:27.808 D/NetworkController.WifiSignalController( 1143): Change in state from: connected=true,enabled=true,level=4,inetCondition=1,iconGroup=IconGroup(Wi-Fi Icons),activityIn=true,activityOut=false,rssi=-45,networkType=null,showDataActivityIcon=false,lastModified=12-23 10:44:25,ssid="PHICOMM_test_1"
12-23 22:44:27.808 D/NetworkController.WifiSignalController( 1143): 	to: connected=true,enabled=true,level=4,inetCondition=1,iconGroup=IconGroup(Wi-Fi Icons),activityIn=true,activityOut=true,rssi=-45,networkType=null,showDataActivityIcon=false,lastModified=12-23 10:44:25,ssid="PHICOMM_test_1"
12-23 22:44:27.809 D/NetworkController.WifiSignalController( 1143): Wifi notifyListeners: level= 4, wifiActivity= 3
12-23 22:44:27.809 D/SignalClusterView( 1143): setWifiIndicators, visible=true, strengthIcon=2130837930, contentDescription=WLAN信号满格。
12-23 22:44:27.811 D/Launcher3( 1714): Launcher, needToUpdateQsb = false, mCurrentQsbPkgName = com.android.quicksearchbox
12-23 22:44:27.812 D/Launcher3( 1714): Launcher.Model, mAllAppsList.updatePackage com.github.uiautomator
12-23 22:44:27.813 D/SignalClusterView( 1143): apply() PhoneState state : []
12-23 22:44:27.814 D/SignalClusterView( 1143): mNoSims.setVisibility: true
12-23 22:44:27.814 D/BaseSignalClusterExt( 1143): apply(), state == null
12-23 22:44:27.814 D/BaseSignalClusterExt( 1143): apply(), state == null
12-23 22:44:27.814 D/NetworkController.WifiSignalController( 1143): Wifi notifyListeners: level= 4, wifiActivity= 3
12-23 22:44:27.814 D/SignalClusterView( 1143): setWifiIndicators, visible=true, strengthIcon=2130837930, contentDescription=WLAN信号满格。
12-23 22:44:27.814 D/SignalClusterView( 1143): apply() PhoneState state : []
12-23 22:44:27.814 D/SignalClusterView( 1143): mNoSims.setVisibility: true
12-23 22:44:27.814 D/BaseSignalClusterExt( 1143): apply(), state == null
12-23 22:44:27.814 D/BaseSignalClusterExt( 1143): apply(), state == null
12-23 22:44:27.814 D/NetworkController.WifiSignalController( 1143): Wifi notifyListeners: level= 4, wifiActivity= 3
12-23 22:44:27.814 D/SignalClusterView( 1143): setWifiIndicators, visible=true, strengthIcon=2130837930, contentDescription=WLAN信号满格。
12-23 22:44:27.815 D/SignalClusterView( 1143): apply() PhoneState state : []
12-23 22:44:27.815 D/SignalClusterView( 1143): mNoSims.setVisibility: true
12-23 22:44:27.815 D/BaseSignalClusterExt( 1143): apply(), state == null
12-23 22:44:27.815 D/BaseSignalClusterExt( 1143): apply(), state == null
12-23 22:44:27.816 D/Launcher3( 1714): AllAppsList, updatePackage: packageName = com.github.uiautomator, matches = 0
12-23 22:44:27.816 V/SettingsInterface( 1691):  from settings cache , name = multi_sim_data_call , value = -1
12-23 22:44:27.816 E/NetworkController( 1143): No data sim selected
12-23 22:44:27.816 D/Launcher3( 1714): Launcher.Model, PackageUpdatedTask: added = null,modified = null,removedApps = []
12-23 22:44:27.816 D/DefaultStatusBarPlmnPlugin( 1143): into updateCarrierLabel, slotId=0, isSimInserted=false, isHasSimService=false
12-23 22:44:27.817 D/DefaultStatusBarPlmnPlugin( 1143): into updateCarrierLabel, slotId=1, isSimInserted=false, isHasSimService=false
12-23 22:44:27.818 D/PerfServiceManager(  818): [PerfService] notifyFrameUpdate - bDuringTouchBoost:false 
12-23 22:44:27.818 D/Surface ( 1143): Surface::setBuffersDimensions(this=0x7f82229600,w=1080,h=75)
12-23 22:44:27.820 W/f       (11108): diskCache() and diskCacheFileNameGenerator() calls overlap each other
12-23 22:44:27.821 D/Launcher3( 1714): WidgetPreviewLoader, removeFromDb: db = SQLiteDatabase: /data/user/0/com.android.launcher3/cache/widgetpreviews.db
12-23 22:44:27.822 D/Surface ( 1992): Surface::setBuffersDimensions(this=0x7f33e59400,w=1080,h=1845)
12-23 22:44:27.823 D/Surface (  259): Surface::setBuffersDimensions(this=0x7f9d616e00,w=1080,h=1920)
12-23 22:44:27.825 I/BufferQueueProducer(  259): [StatusBar](this:0x7f9d6e5000,id:7,api:1,p:1143,c:259) queueBuffer: fps=0.95 dur=2103.59 max=1999.99 min=103.59
12-23 22:44:27.832 D/Launcher3( 1714): Launcher, bindPackagesUpdated: sUsePendingAppsQueue = false
12-23 22:44:27.832 D/Launcher3( 1714): AppsCustomizePagedView, updatePackages: widgetsAndShortcuts size = 28
12-23 22:44:27.837 D/Surface (  259): Surface::setBuffersDimensions(this=0x7f9d616e00,w=1080,h=1920)
12-23 22:44:27.839 D/Surface ( 1992): Surface::setBuffersDimensions(this=0x7f33e59400,w=1080,h=1845)
12-23 22:44:27.853 D/Surface (  259): Surface::setBuffersDimensions(this=0x7f9d616e00,w=1080,h=1920)
12-23 22:44:27.860 D/Surface ( 1992): Surface::setBuffersDimensions(this=0x7f33e59400,w=1080,h=1845)
12-23 22:44:27.870 D/Surface (  259): Surface::setBuffersDimensions(this=0x7f9d616e00,w=1080,h=1920)
12-23 22:44:27.872 D/MPlugin (11108): createInstance(): Begin = 13433254
12-23 22:44:27.873 D/MPlugin (11108): create Instance (two parameters) with : com.mediatek.common.telephony.IOnlyOwnerSimSupport
12-23 22:44:27.873 D/Surface ( 1992): Surface::setBuffersDimensions(this=0x7f33e59400,w=1080,h=1845)
12-23 22:44:27.874 D/MPlugin (11108): Clazz exists on mapping table : false
12-23 22:44:27.874 E/MPlugin (11108): Unsupported class: com.mediatek.common.telephony.IOnlyOwnerSimSupport
12-23 22:44:27.874 D/MPlugin (11108): createInstance(): End = 13433256
12-23 22:44:27.879 D/SQLiteDatabase(11108): beginTransaction()
12-23 22:44:27.883 D/SQLiteDatabase(11108): endTransaction()
12-23 22:44:27.883 D/ActivityThread(11108): BIND_APPLICATION handled : 0 / AppBindData{appInfo=ApplicationInfo{36c32dab com.fw.upgrade.sysoper}}
12-23 22:44:27.884 D/Launcher3( 1714): AppsCustomizePagedView, updatePageCounts: mSupportCycleSliding = false, mNumAppsPages = 3, mNumWidgetPages = 5
12-23 22:44:27.884 D/Launcher3( 1714): AppsCustomizePagedView, updateWidgetsPageCounts end: mNumWidgetPages = 5, mWidgets.size() = 28
12-23 22:44:27.884 D/Launcher3( 1714): AppsCustomizePagedView, updateAppsPageCounts end: mNumWidgetPages = 5, mNumAppsPages = 3, mCellCountX = 4, mCellCountY = 6, mApps.size() = 70
12-23 22:44:27.884 D/Launcher3( 1714): AppsCustomizePagedView, cancelAllTasks: mRunningTasks size = 0
12-23 22:44:27.884 D/ActivityThread(11108): BDC-Calling onReceive: intent=Intent { act=android.intent.action.PACKAGE_REMOVED dat=package:com.github.uiautomator flg=0x4000010 cmp=com.fw.upgrade.sysoper/com.adups.fota.sysoper.TaskReceiver (has extras) }, receiver=com.adups.fota.sysoper.TaskReceiver@646bc08
12-23 22:44:27.884 D/Launcher3( 1714): PagedView, invalidatePageData: currentPage = -1, immediateAndOnly = false, mIsDataReady = true, mContentIsRefreshable = true, mScrollX = 0, this = com.android.launcher3.AppsCustomizePagedView{2ace04c5 V.E..... ......ID 0,0-1080,1785 #7f110005 app:id/apps_customize_pane_content}
12-23 22:44:27.884 D/Launcher3( 1714): AppsCustomizePagedView, syncPages: mNumWidgetPages = 5, mNumAppsPages = 3mContentType = Applications, this = com.android.launcher3.AppsCustomizePagedView{2ace04c5 V.E..... ......ID 0,0-1080,1785 #7f110005 app:id/apps_customize_pane_content}
12-23 22:44:27.886 D/Launcher3( 1714): AppsCustomizePagedView, cancelAllTasks: mRunningTasks size = 0
12-23 22:44:27.888 D/Surface (  259): Surface::setBuffersDimensions(this=0x7f9d616e00,w=1080,h=1920)
12-23 22:44:27.890 D/Surface ( 1992): Surface::setBuffersDimensions(this=0x7f33e59400,w=1080,h=1845)
12-23 22:44:27.894 I/art     ( 1342): Background sticky concurrent mark sweep GC freed 35374(1554KB) AllocSpace objects, 0(0B) LOS objects, 6% free, 23MB/25MB, paused 5.323ms total 37.796ms
12-23 22:44:27.902 D/Launcher3( 1714): PagedView, loadAssociatedPages: page = 0, immediateAndOnly = false,mContentIsRefreshable = true, mDirtyPageContent = [true, true, true]
12-23 22:44:27.902 D/Launcher3( 1714): AppsCustomizePagedView, syncPageItems: page = 0, immediate = false, mContentType = Applications, mNumAppsPages = 3,page size = 3
12-23 22:44:27.902 D/Launcher3( 1714): AppsCustomizePagedView, syncAppsPageItems: page = 0, immediate = false, numCells = 24, startIndex = 0, endIndex = 24, app size = 70, child count = 3, this = com.android.launcher3.AppsCustomizePagedView{2ace04c5 V.E..... ......ID 0,0-1080,1785 #7f110005 app:id/apps_customize_pane_content}
12-23 22:44:27.904 D/Launcher3( 1714): LauncherExtPlugin, getWorkspaceExt: context = com.android.launcher3.Launcher@2be79295, mWorkspaceExt = com.mediatek.launcher3.ext.DefaultWorkspaceExt@36c32dab
12-23 22:44:27.904 D/Launcher3( 1714): DefaultWorkspaceExt, default supportEditAndHideApps called.
12-23 22:44:27.904 D/Launcher3( 1714): LauncherExtPlugin, getWorkspaceExt: context = com.android.launcher3.Launcher@2be79295, mWorkspaceExt = com.mediatek.launcher3.ext.DefaultWorkspaceExt@36c32dab
12-23 22:44:27.904 D/Launcher3( 1714): DefaultWorkspaceExt, default setWorkSpaceIconTextLine called.
12-23 22:44:27.904 D/Launcher3( 1714): BubbleTextView, setTag, itemType = 0
12-23 22:44:27.905 D/Surface (  259): Surface::setBuffersDimensions(this=0x7f9d616e00,w=1080,h=1920)
12-23 22:44:27.906 D/Launcher3( 1714): LauncherExtPlugin, getWorkspaceExt: context = com.android.launcher3.Launcher@2be79295, mWorkspaceExt = com.mediatek.launcher3.ext.DefaultWorkspaceExt@36c32dab
12-23 22:44:27.906 D/Launcher3( 1714): DefaultWorkspaceExt, default supportEditAndHideApps called.
12-23 22:44:27.906 D/Launcher3( 1714): LauncherExtPlugin, getWorkspaceExt: context = com.android.launcher3.Launcher@2be79295, mWorkspaceExt = com.mediatek.launcher3.ext.DefaultWorkspaceExt@36c32dab
12-23 22:44:27.906 D/Launcher3( 1714): DefaultWorkspaceExt, default setWorkSpaceIconTextLine called.
12-23 22:44:27.906 D/Launcher3( 1714): BubbleTextView, setTag, itemType = 0
12-23 22:44:27.908 D/Surface ( 1992): Surface::setBuffersDimensions(this=0x7f33e59400,w=1080,h=1845)
12-23 22:44:27.908 D/Launcher3( 1714): LauncherExtPlugin, getWorkspaceExt: context = com.android.launcher3.Launcher@2be79295, mWorkspaceExt = com.mediatek.launcher3.ext.DefaultWorkspaceExt@36c32dab
12-23 22:44:27.908 D/Launcher3( 1714): DefaultWorkspaceExt, default supportEditAndHideApps called.
12-23 22:44:27.908 D/Launcher3( 1714): LauncherExtPlugin, getWorkspaceExt: context = com.android.launcher3.Launcher@2be79295, mWorkspaceExt = com.mediatek.launcher3.ext.DefaultWorkspaceExt@36c32dab
12-23 22:44:27.909 D/Launcher3( 1714): DefaultWorkspaceExt, default setWorkSpaceIconTextLine called.
12-23 22:44:27.909 D/Launcher3( 1714): BubbleTextView, setTag, itemType = 0
12-23 22:44:27.912 D/Launcher3( 1714): LauncherExtPlugin, getWorkspaceExt: context = com.android.launcher3.Launcher@2be79295, mWorkspaceExt = com.mediatek.launcher3.ext.DefaultWorkspaceExt@36c32dab
12-23 22:44:27.912 D/Launcher3( 1714): DefaultWorkspaceExt, default supportEditAndHideApps called.
12-23 22:44:27.912 D/Launcher3( 1714): LauncherExtPlugin, getWorkspaceExt: context = com.android.launcher3.Launcher@2be79295, mWorkspaceExt = com.mediatek.launcher3.ext.DefaultWorkspaceExt@36c32dab
12-23 22:44:27.912 D/Launcher3( 1714): DefaultWorkspaceExt, default setWorkSpaceIconTextLine called.
12-23 22:44:27.913 D/Launcher3( 1714): BubbleTextView, setTag, itemType = 0
12-23 22:44:27.915 D/Launcher3( 1714): LauncherExtPlugin, getWorkspaceExt: context = com.android.launcher3.Launcher@2be79295, mWorkspaceExt = com.mediatek.launcher3.ext.DefaultWorkspaceExt@36c32dab
