--------- beginning of system
12-23 22:42:09.144 D/AlarmManager(  818): rebatchAllAlarmsLocked  batch.size() = 1
12-23 22:42:09.144 D/AlarmManager(  818): rebatchAllAlarmsLocked  batch.size() = 1
--------- beginning of main
12-23 22:43:58.247 D/Surface ( 1992): Surface::setBuffersDimensions(this=0x7f33e59400,w=1080,h=1845)
12-23 22:43:58.263 D/Surface (  259): Surface::setBuffersDimensions(this=0x7f9d616e00,w=1080,h=1920)
12-23 22:44:13.630 D/ADB_SERVICES( 3362):  closing because is_eof=1 r=-1 s->fde.force_eof=0
12-23 22:44:13.630 W/ADB_SERVICES( 3362): entered. LS(40) fd=19
12-23 22:44:13.632 D/Surface ( 1992): Surface::setBuffersDimensions(this=0x7f33e59400,w=1080,h=1845)
12-23 22:44:13.645 D/Surface (  259): Surface::setBuffersDimensions(this=0x7f9d616e00,w=1080,h=1920)
12-23 22:44:13.647 D/Surface ( 1992): Surface::setBuffersDimensions(this=0x7f33e59400,w=1080,h=1845)
12-23 22:44:13.662 D/Surface (  259): Surface::setBuffersDimensions(this=0x7f9d616e00,w=1080,h=1920)
12-23 22:44:13.664 D/Surface ( 1992): Surface::setBuffersDimensions(this=0x7f33e59400,w=1080,h=1845)
12-23 22:44:13.680 D/Surface (  259): Surface::setBuffersDimensions(this=0x7f9d616e00,w=1080,h=1920)
12-23 22:44:13.681 D/Surface ( 1992): Surface::setBuffersDimensions(this=0x7f33e59400,w=1080,h=1845)
12-23 22:44:13.697 D/Surface (  259): Surface::setBuffersDimensions(this=0x7f9d616e00,w=1080,h=1920)
12-23 22:44:13.699 D/Surface ( 1992): Surface::setBuffersDimensions(this=0x7f33e59400,w=1080,h=1845)
12-23 22:44:13.715 D/Surface (  259): Surface::setBuffersDimensions(this=0x7f9d616e00,w=1080,h=1920)
12-23 22:44:13.716 D/Surface ( 1992): Surface::setBuffersDimensions(this=0x7f33e59400,w=1080,h=1845)
12-23 22:44:13.732 D/Surface (  259): Surface::setBuffersDimensions(this=0x7f9d616e00,w=1080,h=1920)
12-23 22:44:13.736 D/Surface ( 1992): Surface::setBuffersDimensions(this=0x7f33e59400,w=1080,h=1845)
12-23 22:44:13.748 E/WifiTrafficPoller(  818): TRAFFIC_STATS_POLL true Token 29 num clients 26
12-23 22:44:13.748 E/WifiTrafficPoller(  818):  packet count Tx=145572 Rx=169259
12-23 22:44:13.748 E/WifiTrafficPoller(  818): notifying of data activity 3
12-23 22:44:13.750 D/NetworkController.WifiSignalController( 1143): setActivity: wifiActivity= 3
12-23 22:44:13.750 D/NetworkController.WifiSignalController( 1143): isDirty : false
12-23 22:44:13.750 D/NetworkController.WifiSignalController( 1143): Change in state from: connected=true,enabled=true,level=4,inetCondition=1,iconGroup=IconGroup(Wi-Fi Icons),activityIn=false,activityOut=true,rssi=-45,networkType=null,showDataActivityIcon=false,lastModified=12-23 10:44:12,ssid="PHICOMM_test_1"
12-23 22:44:13.750 D/NetworkController.WifiSignalController( 1143): 	to: connected=true,enabled=true,level=4,inetCondition=1,iconGroup=IconGroup(Wi-Fi Icons),activityIn=true,activityOut=true,rssi=-45,networkType=null,showDataActivityIcon=false,lastModified=12-23 10:44:12,ssid="PHICOMM_test_1"
12-23 22:44:13.751 D/NetworkController.WifiSignalController( 1143): Wifi notifyListeners: level= 4, wifiActivity= 3
12-23 22:44:13.751 D/SignalClusterView( 1143): setWifiIndicators, visible=true, strengthIcon=2130837930, contentDescription=WLAN信号满格。
12-23 22:44:13.751 D/SignalClusterView( 1143): apply() PhoneState state : []
12-23 22:44:13.751 D/SignalClusterView( 1143): mNoSims.setVisibility: true
12-23 22:44:13.751 D/BaseSignalClusterExt( 1143): apply(), state == null
12-23 22:44:13.751 D/BaseSignalClusterExt( 1143): apply(), state == null
12-23 22:44:13.751 D/NetworkController.WifiSignalController( 1143): Wifi notifyListeners: level= 4, wifiActivity= 3
12-23 22:44:13.753 D/Surface (  259): Surface::setBuffersDimensions(this=0x7f9d616e00,w=1080,h=1920)
12-23 22:44:13.754 D/SignalClusterView( 1143): setWifiIndicators, visible=true, strengthIcon=2130837930, contentDescription=WLAN信号满格。
12-23 22:44:13.754 D/SignalClusterView( 1143): apply() PhoneState state : []
12-23 22:44:13.755 D/SignalClusterView( 1143): mNoSims.setVisibility: true
12-23 22:44:13.755 D/BaseSignalClusterExt( 1143): apply(), state == null
12-23 22:44:13.755 D/BaseSignalClusterExt( 1143): apply(), state == null
12-23 22:44:13.755 D/NetworkController.WifiSignalController( 1143): Wifi notifyListeners: level= 4, wifiActivity= 3
12-23 22:44:13.755 D/SignalClusterView( 1143): setWifiIndicators, visible=true, strengthIcon=2130837930, contentDescription=WLAN信号满格。
12-23 22:44:13.755 D/SignalClusterView( 1143): apply() PhoneState state : []
12-23 22:44:13.755 D/SignalClusterView( 1143): mNoSims.setVisibility: true
12-23 22:44:13.755 D/BaseSignalClusterExt( 1143): apply(), state == null
12-23 22:44:13.755 D/BaseSignalClusterExt( 1143): apply(), state == null
12-23 22:44:13.757 D/Surface ( 1992): Surface::setBuffersDimensions(this=0x7f33e59400,w=1080,h=1845)
12-23 22:44:13.759 V/SettingsInterface( 1691):  from settings cache , name = multi_sim_data_call , value = -1
12-23 22:44:13.760 E/NetworkController( 1143): No data sim selected
12-23 22:44:13.760 D/DefaultStatusBarPlmnPlugin( 1143): into updateCarrierLabel, slotId=0, isSimInserted=false, isHasSimService=false
12-23 22:44:13.760 D/DefaultStatusBarPlmnPlugin( 1143): into updateCarrierLabel, slotId=1, isSimInserted=false, isHasSimService=false
12-23 22:44:13.769 D/PerfServiceManager(  818): [PerfService] notifyFrameUpdate - bDuringTouchBoost:false 
12-23 22:44:13.770 D/Surface ( 1143): Surface::setBuffersDimensions(this=0x7f82229600,w=1080,h=75)
12-23 22:44:13.770 D/Surface (  259): Surface::setBuffersDimensions(this=0x7f9d616e00,w=1080,h=1920)
12-23 22:44:13.773 D/Surface ( 1992): Surface::setBuffersDimensions(this=0x7f33e59400,w=1080,h=1845)
12-23 22:44:13.777 I/BufferQueueProducer(  259): [StatusBar](this:0x7f9d6e5000,id:7,api:1,p:1143,c:259) queueBuffer: fps=1.00 dur=1001.89 max=1001.89 min=1001.89
12-23 22:44:13.785 D/Surface (  259): Surface::setBuffersDimensions(this=0x7f9d616e00,w=1080,h=1920)
12-23 22:44:13.787 D/Surface ( 1992): Surface::setBuffersDimensions(this=0x7f33e59400,w=1080,h=1845)
12-23 22:44:13.802 D/Surface (  259): Surface::setBuffersDimensions(this=0x7f9d616e00,w=1080,h=1920)
12-23 22:44:13.805 D/Surface ( 1992): Surface::setBuffersDimensions(this=0x7f33e59400,w=1080,h=1845)
12-23 22:44:13.820 D/Surface (  259): Surface::setBuffersDimensions(this=0x7f9d616e00,w=1080,h=1920)
12-23 22:44:13.823 D/Surface ( 1992): Surface::setBuffersDimensions(this=0x7f33e59400,w=1080,h=1845)
12-23 22:44:13.837 D/Surface (  259): Surface::setBuffersDimensions(this=0x7f9d616e00,w=1080,h=1920)
12-23 22:44:13.839 D/Surface ( 1992): Surface::setBuffersDimensions(this=0x7f33e59400,w=1080,h=1845)
12-23 22:44:13.855 D/Surface (  259): Surface::setBuffersDimensions(this=0x7f9d616e00,w=1080,h=1920)
12-23 22:44:13.858 D/Surface ( 1992): Surface::setBuffersDimensions(this=0x7f33e59400,w=1080,h=1845)
12-23 22:44:13.873 D/Surface (  259): Surface::setBuffersDimensions(this=0x7f9d616e00,w=1080,h=1920)
12-23 22:44:13.879 D/Surface ( 1992): Surface::setBuffersDimensions(this=0x7f33e59400,w=1080,h=1845)
12-23 22:44:13.890 D/Surface (  259): Surface::setBuffersDimensions(this=0x7f9d616e00,w=1080,h=1920)
12-23 22:44:13.894 D/Surface ( 1992): Surface::setBuffersDimensions(this=0x7f33e59400,w=1080,h=1845)
12-23 22:44:13.908 D/Surface (  259): Surface::setBuffersDimensions(this=0x7f9d616e00,w=1080,h=1920)
12-23 22:44:13.911 I/BufferQueueProducer(  259): [FrameBufferSurface_0](this:0x7f9d594000,id:0,api:1,p:259,c:259) queueBuffer: fps=56.05 dur=1016.99 max=34.67 min=15.12
12-23 22:44:13.913 D/Surface ( 1992): Surface::setBuffersDimensions(this=0x7f33e59400,w=1080,h=1845)
12-23 22:44:13.925 D/Surface (  259): Surface::setBuffersDimensions(this=0x7f9d616e00,w=1080,h=1920)
12-23 22:44:13.927 D/Surface ( 1992): Surface::setBuffersDimensions(this=0x7f33e59400,w=1080,h=1845)
12-23 22:44:13.927 D/PerfServiceManager(  818): [PerfService] notifyFrameUpdate - bDuringTouchBoost:false 
12-23 22:44:13.943 D/Surface (  259): Surface::setBuffersDimensions(this=0x7f9d616e00,w=1080,h=1920)
12-23 22:44:13.944 D/Surface ( 1992): Surface::setBuffersDimensions(this=0x7f33e59400,w=1080,h=1845)
12-23 22:44:13.960 D/Surface (  259): Surface::setBuffersDimensions(this=0x7f9d616e00,w=1080,h=1920)
12-23 22:44:13.962 D/Surface ( 1992): Surface::setBuffersDimensions(this=0x7f33e59400,w=1080,h=1845)
12-23 22:44:13.978 D/Surface (  259): Surface::setBuffersDimensions(this=0x7f9d616e00,w=1080,h=1920)
12-23 22:44:13.981 D/Surface ( 1992): Surface::setBuffersDimensions(this=0x7f33e59400,w=1080,h=1845)
12-23 22:44:13.995 D/Surface (  259): Surface::setBuffersDimensions(this=0x7f9d616e00,w=1080,h=1920)
12-23 22:44:13.999 D/Surface ( 1992): Surface::setBuffersDimensions(this=0x7f33e59400,w=1080,h=1845)
12-23 22:44:14.013 D/Surface (  259): Surface::setBuffersDimensions(this=0x7f9d616e00,w=1080,h=1920)
12-23 22:44:14.022 D/Surface ( 1992): Surface::setBuffersDimensions(this=0x7f33e59400,w=1080,h=1845)
12-23 22:44:14.031 D/Surface (  259): Surface::setBuffersDimensions(this=0x7f9d616e00,w=1080,h=1920)
12-23 22:44:14.036 D/Surface ( 1992): Surface::setBuffersDimensions(this=0x7f33e59400,w=1080,h=1845)
12-23 22:44:14.048 D/Surface (  259): Surface::setBuffersDimensions(this=0x7f9d616e00,w=1080,h=1920)
12-23 22:44:14.050 D/Surface ( 1992): Surface::setBuffersDimensions(this=0x7f33e59400,w=1080,h=1845)
12-23 22:44:14.065 D/Surface (  259): Surface::setBuffersDimensions(this=0x7f9d616e00,w=1080,h=1920)
12-23 22:44:14.068 D/Surface ( 1992): Surface::setBuffersDimensions(this=0x7f33e59400,w=1080,h=1845)
12-23 22:44:14.083 D/Surface (  259): Surface::setBuffersDimensions(this=0x7f9d616e00,w=1080,h=1920)
12-23 22:44:14.086 D/Surface ( 1992): Surface::setBuffersDimensions(this=0x7f33e59400,w=1080,h=1845)
12-23 22:44:14.101 D/Surface (  259): Surface::setBuffersDimensions(this=0x7f9d616e00,w=1080,h=1920)
12-23 22:44:14.104 D/Surface ( 1992): Surface::setBuffersDimensions(this=0x7f33e59400,w=1080,h=1845)
12-23 22:44:14.119 D/Surface (  259): Surface::setBuffersDimensions(this=0x7f9d616e00,w=1080,h=1920)
12-23 22:44:14.123 D/Surface ( 1992): Surface::setBuffersDimensions(this=0x7f33e59400,w=1080,h=1845)
12-23 22:44:14.480 I/thermal_repeater(  308): oh, queryMdThermalInfo (0)Bad file number
12-23 22:44:14.136 D/Surface (  259): Surface::setBuffersDimensions(this=0x7f9d616e00,w=1080,h=1920)
12-23 22:44:14.491 I/thermal_repeater(  308): [recvMdThermalInfo] ret=25, strLen=127,  1, 32767,,, -1, 32767, 2
12-23 22:44:14.140 D/Surface ( 1992): Surface::setBuffersDimensions(this=0x7f33e59400,w=1080,h=1845)
12-23 22:44:15.030 V/ActivityManager(  818): Broadcast sticky: Intent { act=android.net.wifi.RSSI_CHANGED flg=0x4000010 (has extras) } ordered=false userid=-1 callerApp=ProcessRecord{15ee6852 818:system/1000}
12-23 22:44:14.154 D/Surface (  259): Surface::setBuffersDimensions(this=0x7f9d616e00,w=1080,h=1920)
12-23 22:44:15.608 D/CSLegacyTypeTracker(  818): getNetworkForType type 0
12-23 22:44:14.158 D/Surface ( 1992): Surface::setBuffersDimensions(this=0x7f33e59400,w=1080,h=1845)
12-23 22:44:15.608 D/CSLegacyTypeTracker(  818): getNetworkForType type 1
12-23 22:44:14.171 D/Surface (  259): Surface::setBuffersDimensions(this=0x7f9d616e00,w=1080,h=1920)
12-23 22:44:15.608 D/CSLegacyTypeTracker(  818): getNetworkForType type 2
12-23 22:44:14.173 D/Surface ( 1992): Surface::setBuffersDimensions(this=0x7f33e59400,w=1080,h=1845)
12-23 22:44:15.608 D/CSLegacyTypeTracker(  818): getNetworkForType type 3
12-23 22:44:14.189 D/Surface (  259): Surface::setBuffersDimensions(this=0x7f9d616e00,w=1080,h=1920)
12-23 22:44:15.609 D/CSLegacyTypeTracker(  818): getNetworkForType type 4
12-23 22:44:14.192 D/Surface ( 1992): Surface::setBuffersDimensions(this=0x7f33e59400,w=1080,h=1845)
12-23 22:44:15.609 D/CSLegacyTypeTracker(  818): getNetworkForType type 5
12-23 22:44:14.206 D/Surface (  259): Surface::setBuffersDimensions(this=0x7f9d616e00,w=1080,h=1920)
12-23 22:44:15.609 D/CSLegacyTypeTracker(  818): getNetworkForType type 7
12-23 22:44:14.208 D/Surface ( 1992): Surface::setBuffersDimensions(this=0x7f33e59400,w=1080,h=1845)
12-23 22:44:15.609 D/CSLegacyTypeTracker(  818): getNetworkForType type 10
12-23 22:44:14.224 D/Surface (  259): Surface::setBuffersDimensions(this=0x7f9d616e00,w=1080,h=1920)
12-23 22:44:15.609 D/CSLegacyTypeTracker(  818): getNetworkForType type 11
12-23 22:44:14.225 D/Surface ( 1992): Surface::setBuffersDimensions(this=0x7f33e59400,w=1080,h=1845)
12-23 22:44:15.609 D/CSLegacyTypeTracker(  818): getNetworkForType type 12
12-23 22:44:14.241 D/Surface (  259): Surface::setBuffersDimensions(this=0x7f9d616e00,w=1080,h=1920)
12-23 22:44:15.609 D/CSLegacyTypeTracker(  818): getNetworkForType type 14
12-23 22:44:14.243 D/Surface ( 1992): Surface::setBuffersDimensions(this=0x7f33e59400,w=1080,h=1845)
12-23 22:44:15.609 D/CSLegacyTypeTracker(  818): getNetworkForType type 15
12-23 22:44:14.259 D/Surface (  259): Surface::setBuffersDimensions(this=0x7f9d616e00,w=1080,h=1920)
12-23 22:44:15.609 D/CSLegacyTypeTracker(  818): getNetworkForType type 17
12-23 22:44:14.263 D/Surface ( 1992): Surface::setBuffersDimensions(this=0x7f33e59400,w=1080,h=1845)
12-23 22:44:15.609 D/CSLegacyTypeTracker(  818): getNetworkForType type 34
12-23 22:44:14.277 D/Surface (  259): Surface::setBuffersDimensions(this=0x7f9d616e00,w=1080,h=1920)
12-23 22:44:15.609 D/CSLegacyTypeTracker(  818): getNetworkForType type 35
12-23 22:44:14.281 D/Surface ( 1992): Surface::setBuffersDimensions(this=0x7f33e59400,w=1080,h=1845)
12-23 22:44:15.609 D/CSLegacyTypeTracker(  818): getNetworkForType type 36
12-23 22:44:14.294 D/Surface (  259): Surface::setBuffersDimensions(this=0x7f9d616e00,w=1080,h=1920)
12-23 22:44:15.609 D/CSLegacyTypeTracker(  818): getNetworkForType type 37
12-23 22:44:14.299 D/Surface ( 1992): Surface::setBuffersDimensions(this=0x7f33e59400,w=1080,h=1845)
12-23 22:44:15.609 D/CSLegacyTypeTracker(  818): getNetworkForType type 38
12-23 22:44:14.311 D/Surface (  259): Surface::setBuffersDimensions(this=0x7f9d616e00,w=1080,h=1920)
12-23 22:44:15.609 D/CSLegacyTypeTracker(  818): getNetworkForType type 40
12-23 22:44:14.313 D/Surface ( 1992): Surface::setBuffersDimensions(this=0x7f33e59400,w=1080,h=1845)
12-23 22:44:15.610 D/CSLegacyTypeTracker(  818): getNetworkForType type 41
12-23 22:44:14.329 D/Surface (  259): Surface::setBuffersDimensions(this=0x7f9d616e00,w=1080,h=1920)
12-23 22:44:15.610 D/CSLegacyTypeTracker(  818): getNetworkForType type 49
12-23 22:44:14.332 D/Surface ( 1992): Surface::setBuffersDimensions(this=0x7f33e59400,w=1080,h=1845)
12-23 22:44:14.332 D/PerfServiceManager(  818): [PerfService] notifyFrameUpdate - bDuringTouchBoost:false 
12-23 22:44:14.346 D/Surface (  259): Surface::setBuffersDimensions(this=0x7f9d616e00,w=1080,h=1920)
12-23 22:44:14.348 D/Surface ( 1992): Surface::setBuffersDimensions(this=0x7f33e59400,w=1080,h=1845)
12-23 22:44:14.364 D/Surface (  259): Surface::setBuffersDimensions(this=0x7f9d616e00,w=1080,h=1920)
12-23 22:44:14.367 D/Surface ( 1992): Surface::setBuffersDimensions(this=0x7f33e59400,w=1080,h=1845)
12-23 22:44:14.381 D/Surface (  259): Surface::setBuffersDimensions(this=0x7f9d616e00,w=1080,h=1920)
12-23 22:44:14.387 D/Surface ( 1992): Surface::setBuffersDimensions(this=0x7f33e59400,w=1080,h=1845)
12-23 22:44:14.399 D/Surface (  259): Surface::setBuffersDimensions(this=0x7f9d616e00,w=1080,h=1920)
12-23 22:44:14.402 D/Surface ( 1992): Surface::setBuffersDimensions(this=0x7f33e59400,w=1080,h=1845)
12-23 22:44:14.416 D/Surface (  259): Surface::setBuffersDimensions(this=0x7f9d616e00,w=1080,h=1920)
12-23 22:44:14.418 D/Surface ( 1992): Surface::setBuffersDimensions(this=0x7f33e59400,w=1080,h=1845)
12-23 22:44:14.434 D/Surface (  259): Surface::setBuffersDimensions(this=0x7f9d616e00,w=1080,h=1920)
12-23 22:44:14.437 D/Surface ( 1992): Surface::setBuffersDimensions(this=0x7f33e59400,w=1080,h=1845)
12-23 22:44:14.452 D/Surface (  259): Surface::setBuffersDimensions(this=0x7f9d616e00,w=1080,h=1920)
12-23 22:44:14.453 D/Surface ( 1992): Surface::setBuffersDimensions(this=0x7f33e59400,w=1080,h=1845)
12-23 22:44:14.469 D/Surface (  259): Surface::setBuffersDimensions(this=0x7f9d616e00,w=1080,h=1920)
12-23 22:44:14.470 D/Surface ( 1992): Surface::setBuffersDimensions(this=0x7f33e59400,w=1080,h=1845)
12-23 22:44:14.487 D/Surface (  259): Surface::setBuffersDimensions(this=0x7f9d616e00,w=1080,h=1920)
12-23 22:44:14.488 D/Surface ( 1992): Surface::setBuffersDimensions(this=0x7f33e59400,w=1080,h=1845)
12-23 22:44:14.490 I/SurfaceFlinger(  259): [Built-in Screen (type:0)] fps:55.979221,dur:1000.37,max:34.68,min:15.11
12-23 22:44:14.504 D/Surface (  259): Surface::setBuffersDimensions(this=0x7f9d616e00,w=1080,h=1920)
12-23 22:44:14.507 D/Surface ( 1992): Surface::setBuffersDimensions(this=0x7f33e59400,w=1080,h=1845)
12-23 22:44:14.522 D/Surface (  259): Surface::setBuffersDimensions(this=0x7f9d616e00,w=1080,h=1920)
12-23 22:44:14.523 D/Surface ( 1992): Surface::setBuffersDimensions(this=0x7f33e59400,w=1080,h=1845)
12-23 22:44:14.539 D/Surface (  259): Surface::setBuffersDimensions(this=0x7f9d616e00,w=1080,h=1920)
12-23 22:44:14.540 D/Surface ( 1992): Surface::setBuffersDimensions(this=0x7f33e59400,w=1080,h=1845)
12-23 22:44:14.557 D/Surface (  259): Surface::setBuffersDimensions(this=0x7f9d616e00,w=1080,h=1920)
12-23 22:44:14.558 D/Surface ( 1992): Surface::setBuffersDimensions(this=0x7f33e59400,w=1080,h=1845)
12-23 22:44:14.561 I/BufferQueueProducer(  259): [](this:0x7f9d6c6000,id:67,api:1,p:1992,c:259) queueBuffer: fps=57.10 dur=1015.83 max=35.05 min=3.75
12-23 22:44:14.574 D/Surface (  259): Surface::setBuffersDimensions(this=0x7f9d616e00,w=1080,h=1920)
12-23 22:44:14.577 D/Surface ( 1992): Surface::setBuffersDimensions(this=0x7f33e59400,w=1080,h=1845)
12-23 22:44:14.592 D/Surface (  259): Surface::setBuffersDimensions(this=0x7f9d616e00,w=1080,h=1920)
12-23 22:44:14.593 D/Surface ( 1992): Surface::setBuffersDimensions(this=0x7f33e59400,w=1080,h=1845)
12-23 22:44:14.609 D/Surface (  259): Surface::setBuffersDimensions(this=0x7f9d616e00,w=1080,h=1920)
12-23 22:44:14.611 D/Surface ( 1992): Surface::setBuffersDimensions(this=0x7f33e59400,w=1080,h=1845)
12-23 22:44:14.627 D/Surface (  259): Surface::setBuffersDimensions(this=0x7f9d616e00,w=1080,h=1920)
12-23 22:44:14.630 D/Surface ( 1992): Surface::setBuffersDimensions(this=0x7f33e59400,w=1080,h=1845)
12-23 22:44:14.644 D/Surface (  259): Surface::setBuffersDimensions(this=0x7f9d616e00,w=1080,h=1920)
12-23 22:44:14.645 D/Surface ( 1992): Surface::setBuffersDimensions(this=0x7f33e59400,w=1080,h=1845)
12-23 22:44:14.662 D/Surface (  259): Surface::setBuffersDimensions(this=0x7f9d616e00,w=1080,h=1920)
12-23 22:44:14.663 D/Surface ( 1992): Surface::setBuffersDimensions(this=0x7f33e59400,w=1080,h=1845)
12-23 22:44:14.679 D/Surface (  259): Surface::setBuffersDimensions(this=0x7f9d616e00,w=1080,h=1920)
12-23 22:44:14.681 D/Surface ( 1992): Surface::setBuffersDimensions(this=0x7f33e59400,w=1080,h=1845)
12-23 22:44:14.697 D/Surface (  259): Surface::setBuffersDimensions(this=0x7f9d616e00,w=1080,h=1920)
12-23 22:44:14.700 D/Surface ( 1992): Surface::setBuffersDimensions(this=0x7f33e59400,w=1080,h=1845)
12-23 22:44:14.714 D/Surface (  259): Surface::setBuffersDimensions(this=0x7f9d616e00,w=1080,h=1920)
12-23 22:44:14.716 D/Surface ( 1992): Surface::setBuffersDimensions(this=0x7f33e59400,w=1080,h=1845)
12-23 22:44:14.732 D/Surface (  259): Surface::setBuffersDimensions(this=0x7f9d616e00,w=1080,h=1920)
12-23 22:44:14.737 D/PerfServiceManager(  818): [PerfService] notifyFrameUpdate - bDuringTouchBoost:false 
12-23 22:44:14.737 D/Surface ( 1992): Surface::setBuffersDimensions(this=0x7f33e59400,w=1080,h=1845)
12-23 22:44:14.749 D/Surface (  259): Surface::setBuffersDimensions(this=0x7f9d616e00,w=1080,h=1920)
12-23 22:44:14.751 D/Surface ( 1992): Surface::setBuffersDimensions(this=0x7f33e59400,w=1080,h=1845)
12-23 22:44:14.751 E/WifiTrafficPoller(  818): TRAFFIC_STATS_POLL true Token 29 num clients 26
12-23 22:44:14.751 E/WifiTrafficPoller(  818):  packet count Tx=145572 Rx=169259
12-23 22:44:14.751 E/WifiTrafficPoller(  818): notifying of data activity 0
12-23 22:44:14.755 D/NetworkController.WifiSignalController( 1143): setActivity: wifiActivity= 0
12-23 22:44:14.755 D/NetworkController.WifiSignalController( 1143): isDirty : false
12-23 22:44:14.756 D/NetworkController.WifiSignalController( 1143): Change in state from: connected=true,enabled=true,level=4,inetCondition=1,iconGroup=IconGroup(Wi-Fi Icons),activityIn=true,activityOut=true,rssi=-45,networkType=null,showDataActivityIcon=false,lastModified=12-23 10:44:13,ssid="PHICOMM_test_1"
12-23 22:44:14.756 D/NetworkController.WifiSignalController( 1143): 	to: connected=true,enabled=true,level=4,inetCondition=1,iconGroup=IconGroup(Wi-Fi Icons),activityIn=false,activityOut=false,rssi=-45,networkType=null,showDataActivityIcon=false,lastModified=12-23 10:44:13,ssid="PHICOMM_test_1"
12-23 22:44:14.756 D/NetworkController.WifiSignalController( 1143): Wifi notifyListeners: level= 4, wifiActivity= 0
12-23 22:44:14.756 D/SignalClusterView( 1143): setWifiIndicators, visible=true, strengthIcon=2130837928, contentDescription=WLAN信号满格。
12-23 22:44:14.756 D/SignalClusterView( 1143): apply() PhoneState state : []
12-23 22:44:14.756 D/SignalClusterView( 1143): mNoSims.setVisibility: true
12-23 22:44:14.757 D/BaseSignalClusterExt( 1143): apply(), state == null
12-23 22:44:14.757 D/BaseSignalClusterExt( 1143): apply(), state == null
12-23 22:44:14.757 D/NetworkController.WifiSignalController( 1143): Wifi notifyListeners: level= 4, wifiActivity= 0
12-23 22:44:14.759 D/SignalClusterView( 1143): setWifiIndicators, visible=true, strengthIcon=2130837928, contentDescription=WLAN信号满格。
12-23 22:44:14.760 D/SignalClusterView( 1143): apply() PhoneState state : []
12-23 22:44:14.760 D/SignalClusterView( 1143): mNoSims.setVisibility: true
12-23 22:44:14.760 D/BaseSignalClusterExt( 1143): apply(), state == null
12-23 22:44:14.760 D/BaseSignalClusterExt( 1143): apply(), state == null
12-23 22:44:14.760 D/NetworkController.WifiSignalController( 1143): Wifi notifyListeners: level= 4, wifiActivity= 0
12-23 22:44:14.760 D/SignalClusterView( 1143): setWifiIndicators, visible=true, strengthIcon=2130837928, contentDescription=WLAN信号满格。
12-23 22:44:14.760 D/SignalClusterView( 1143): apply() PhoneState state : []
12-23 22:44:14.760 D/SignalClusterView( 1143): mNoSims.setVisibility: true
12-23 22:44:14.760 D/BaseSignalClusterExt( 1143): apply(), state == null
12-23 22:44:14.760 D/BaseSignalClusterExt( 1143): apply(), state == null
12-23 22:44:14.760 V/SettingsInterface( 1691):  from settings cache , name = multi_sim_data_call , value = -1
12-23 22:44:14.761 E/NetworkController( 1143): No data sim selected
12-23 22:44:14.761 D/DefaultStatusBarPlmnPlugin( 1143): into updateCarrierLabel, slotId=0, isSimInserted=false, isHasSimService=false
12-23 22:44:14.761 D/DefaultStatusBarPlmnPlugin( 1143): into updateCarrierLabel, slotId=1, isSimInserted=false, isHasSimService=false
12-23 22:44:14.768 D/Surface (  259): Surface::setBuffersDimensions(this=0x7f9d616e00,w=1080,h=1920)
12-23 22:44:14.768 D/Surface ( 1143): Surface::setBuffersDimensions(this=0x7f82229600,w=1080,h=75)
12-23 22:44:14.769 D/PerfServiceManager(  818): [PerfService] notifyFrameUpdate - bDuringTouchBoost:false 
12-23 22:44:14.772 D/Surface ( 1992): Surface::setBuffersDimensions(this=0x7f33e59400,w=1080,h=1845)
12-23 22:44:14.785 D/Surface (  259): Surface::setBuffersDimensions(this=0x7f9d616e00,w=1080,h=1920)
12-23 22:44:14.786 D/Surface ( 1992): Surface::setBuffersDimensions(this=0x7f33e59400,w=1080,h=1845)
12-23 22:44:14.803 D/Surface (  259): Surface::setBuffersDimensions(this=0x7f9d616e00,w=1080,h=1920)
12-23 22:44:14.806 D/Surface ( 1992): Surface::setBuffersDimensions(this=0x7f33e59400,w=1080,h=1845)
12-23 22:44:14.820 D/Surface (  259): Surface::setBuffersDimensions(this=0x7f9d616e00,w=1080,h=1920)
12-23 22:44:14.823 D/Surface ( 1992): Surface::setBuffersDimensions(this=0x7f33e59400,w=1080,h=1845)
12-23 22:44:14.838 D/Surface (  259): Surface::setBuffersDimensions(this=0x7f9d616e00,w=1080,h=1920)
12-23 22:44:14.839 D/Surface ( 1992): Surface::setBuffersDimensions(this=0x7f33e59400,w=1080,h=1845)
12-23 22:44:14.855 D/Surface (  259): Surface::setBuffersDimensions(this=0x7f9d616e00,w=1080,h=1920)
12-23 22:44:14.858 D/Surface ( 1992): Surface::setBuffersDimensions(this=0x7f33e59400,w=1080,h=1845)
12-23 22:44:14.873 D/Surface (  259): Surface::setBuffersDimensions(this=0x7f9d616e00,w=1080,h=1920)
12-23 22:44:14.874 D/Surface ( 1992): Surface::setBuffersDimensions(this=0x7f33e59400,w=1080,h=1845)
12-23 22:44:14.890 D/Surface (  259): Surface::setBuffersDimensions(this=0x7f9d616e00,w=1080,h=1920)
12-23 22:44:14.893 D/Surface ( 1992): Surface::setBuffersDimensions(this=0x7f33e59400,w=1080,h=1845)
12-23 22:44:14.908 D/Surface (  259): Surface::setBuffersDimensions(this=0x7f9d616e00,w=1080,h=1920)
12-23 22:44:14.910 D/Surface ( 1992): Surface::setBuffersDimensions(this=0x7f33e59400,w=1080,h=1845)
12-23 22:44:14.911 I/BufferQueueProducer(  259): [FrameBufferSurface_0](this:0x7f9d594000,id:0,api:1,p:259,c:259) queueBuffer: fps=56.99 dur=1000.13 max=19.47 min=15.34
12-23 22:44:14.925 D/Surface (  259): Surface::setBuffersDimensions(this=0x7f9d616e00,w=1080,h=1920)
12-23 22:44:14.927 D/Surface ( 1992): Surface::setBuffersDimensions(this=0x7f33e59400,w=1080,h=1845)
12-23 22:44:14.943 D/Surface (  259): Surface::setBuffersDimensions(this=0x7f9d616e00,w=1080,h=1920)
12-23 22:44:14.944 D/Surface ( 1992): Surface::setBuffersDimensions(this=0x7f33e59400,w=1080,h=1845)
12-23 22:44:14.961 D/Surface (  259): Surface::setBuffersDimensions(this=0x7f9d616e00,w=1080,h=1920)
12-23 22:44:14.962 D/Surface ( 1992): Surface::setBuffersDimensions(this=0x7f33e59400,w=1080,h=1845)
12-23 22:44:14.979 D/Surface (  259): Surface::setBuffersDimensions(this=0x7f9d616e00,w=1080,h=1920)
12-23 22:44:14.987 D/Surface ( 1992): Surface::setBuffersDimensions(this=0x7f33e59400,w=1080,h=1845)
12-23 22:44:14.998 D/Surface (  259): Surface::setBuffersDimensions(this=0x7f9d616e00,w=1080,h=1920)
12-23 22:44:15.001 D/Surface ( 1992): Surface::setBuffersDimensions(this=0x7f33e59400,w=1080,h=1845)
12-23 22:44:15.011 E/WifiStateMachine(  818):  ConnectedState (when=-4ms what=131155 arg1=7!CMD_RSSI_POLL 7 0 "PHICOMM_test_1" 34:bd:f9:4d:b8:88 rssi=-45 f=2432 sc=60 link=65 tx=9.8, 0.0, 0.0  rx=7.3 bcn=0 [on:0 tx:0 rx:0 period:3003] from screen [on:0 period:-2083200477] gl hn u24 rssi=-40 ag=0 hr ticks 0,0,0 ls-=0 [56,56,60,60,65] brc=0 lrc=0
12-23 22:44:15.011 E/WifiStateMachine(  818):  L2ConnectedState (when=-6ms what=131155 arg1=7!CMD_RSSI_POLL 7 0 "PHICOMM_test_1" 34:bd:f9:4d:b8:88 rssi=-45 f=2432 sc=60 link=65 tx=9.8, 0.0, 0.0  rx=7.3 bcn=0 [on:0 tx:0 rx:0 period:0] from screen [on:0 period:-2083200477] gl hn u24 rssi=-40 ag=0 hr ticks 0,0,0 ls-=0 [56,56,60,60,65] brc=0 lrc=0
12-23 22:44:15.011 E/WifiStateMachine(  818):  get link layer stats 0
12-23 22:44:15.012 D/WifiHW  (  818): enter -->wifi_send_command cmd=IFNAME=wlan0 SIGNAL_POLL
12-23 22:44:15.012 D/wpa_supplicant( 1374): wlan0: Control interface command 'SIGNAL_POLL'
12-23 22:44:15.013 D/Surface (  259): Surface::setBuffersDimensions(this=0x7f9d616e00,w=1080,h=1920)
12-23 22:44:15.015 D/Surface ( 1992): Surface::setBuffersDimensions(this=0x7f33e59400,w=1080,h=1845)
12-23 22:44:15.029 D/WifiHW  (  818): leave --> reply=RSSI=-45
12-23 22:44:15.029 D/WifiHW  (  818): LINKSPEED=65
12-23 22:44:15.029 D/WifiHW  (  818): NOISE=9999
12-23 22:44:15.029 D/WifiHW  (  818): FREQUENCY=2432
12-23 22:44:15.029 D/WifiHW  (  818): 
12-23 22:44:15.029 I/WifiStateMachine(  818): fetchRssiLinkSpeedAndFrequencyNative, newRssi:-45, newLinkSpeed:65, SSID:"PHICOMM_test_1"
12-23 22:44:15.030 D/WifiStateMachine(  818): mLastSignalLevel:4, newSignalLevel:4
12-23 22:44:15.030 E/WifiConfigStore(  818): updateConfiguration freq=2432 BSSID=34:bd:f9:4d:b8:88 RSSI=-44 "PHICOMM_test_1"WPA_PSK
12-23 22:44:15.031 D/Surface (  259): Surface::setBuffersDimensions(this=0x7f9d616e00,w=1080,h=1920)
12-23 22:44:15.032 D/WifiWatchdogStateMachine(  818): RSSI current: 4 new: -45, 4
12-23 22:44:15.033 D/NetworkController( 1143): onReceive: intent=Intent { act=android.net.wifi.RSSI_CHANGED flg=0x4000010 (has extras) }
12-23 22:44:15.034 D/NetworkController.WifiSignalController( 1143): isDirty : false
12-23 22:44:15.035 D/Surface ( 1992): Surface::setBuffersDimensions(this=0x7f33e59400,w=1080,h=1845)
12-23 22:44:15.048 D/Surface (  259): Surface::setBuffersDimensions(this=0x7f9d616e00,w=1080,h=1920)
12-23 22:44:15.050 D/Surface ( 1992): Surface::setBuffersDimensions(this=0x7f33e59400,w=1080,h=1845)
12-23 22:44:15.066 D/Surface (  259): Surface::setBuffersDimensions(this=0x7f9d616e00,w=1080,h=1920)
12-23 22:44:15.067 D/Surface ( 1992): Surface::setBuffersDimensions(this=0x7f33e59400,w=1080,h=1845)
12-23 22:44:15.083 D/Surface (  259): Surface::setBuffersDimensions(this=0x7f9d616e00,w=1080,h=1920)
12-23 22:44:15.085 D/Surface ( 1992): Surface::setBuffersDimensions(this=0x7f33e59400,w=1080,h=1845)
12-23 22:44:15.101 D/Surface (  259): Surface::setBuffersDimensions(this=0x7f9d616e00,w=1080,h=1920)
12-23 22:44:15.103 D/Surface ( 1992): Surface::setBuffersDimensions(this=0x7f33e59400,w=1080,h=1845)
12-23 22:44:15.119 D/Surface (  259): Surface::setBuffersDimensions(this=0x7f9d616e00,w=1080,h=1920)
12-23 22:44:15.126 D/Surface ( 1992): Surface::setBuffersDimensions(this=0x7f33e59400,w=1080,h=1845)
12-23 22:44:15.136 D/Surface (  259): Surface::setBuffersDimensions(this=0x7f9d616e00,w=1080,h=1920)
12-23 22:44:15.140 D/Surface ( 1992): Surface::setBuffersDimensions(this=0x7f33e59400,w=1080,h=1845)
12-23 22:44:15.140 D/PerfServiceManager(  818): [PerfService] notifyFrameUpdate - bDuringTouchBoost:false 
12-23 22:44:15.154 D/Surface (  259): Surface::setBuffersDimensions(this=0x7f9d616e00,w=1080,h=1920)
12-23 22:44:15.155 D/Surface ( 1992): Surface::setBuffersDimensions(this=0x7f33e59400,w=1080,h=1845)
12-23 22:44:15.171 D/Surface (  259): Surface::setBuffersDimensions(this=0x7f9d616e00,w=1080,h=1920)
12-23 22:44:15.172 D/Surface ( 1992): Surface::setBuffersDimensions(this=0x7f33e59400,w=1080,h=1845)
12-23 22:44:15.189 D/Surface (  259): Surface::setBuffersDimensions(this=0x7f9d616e00,w=1080,h=1920)
12-23 22:44:15.190 D/Surface ( 1992): Surface::setBuffersDimensions(this=0x7f33e59400,w=1080,h=1845)
12-23 22:44:15.206 D/Surface (  259): Surface::setBuffersDimensions(this=0x7f9d616e00,w=1080,h=1920)
12-23 22:44:15.208 D/Surface ( 1992): Surface::setBuffersDimensions(this=0x7f33e59400,w=1080,h=1845)
12-23 22:44:15.224 D/Surface (  259): Surface::setBuffersDimensions(this=0x7f9d616e00,w=1080,h=1920)
12-23 22:44:15.225 D/Surface ( 1992): Surface::setBuffersDimensions(this=0x7f33e59400,w=1080,h=1845)
12-23 22:44:15.241 D/Surface (  259): Surface::setBuffersDimensions(this=0x7f9d616e00,w=1080,h=1920)
12-23 22:44:15.249 D/Surface ( 1992): Surface::setBuffersDimensions(this=0x7f33e59400,w=1080,h=1845)
12-23 22:44:15.259 D/Surface (  259): Surface::setBuffersDimensions(this=0x7f9d616e00,w=1080,h=1920)
12-23 22:44:15.260 D/Surface ( 1992): Surface::setBuffersDimensions(this=0x7f33e59400,w=1080,h=1845)
12-23 22:44:15.276 D/Surface (  259): Surface::setBuffersDimensions(this=0x7f9d616e00,w=1080,h=1920)
12-23 22:44:15.279 D/Surface ( 1992): Surface::setBuffersDimensions(this=0x7f33e59400,w=1080,h=1845)
12-23 22:44:15.294 D/Surface (  259): Surface::setBuffersDimensions(this=0x7f9d616e00,w=1080,h=1920)
12-23 22:44:15.298 D/Surface ( 1992): Surface::setBuffersDimensions(this=0x7f33e59400,w=1080,h=1845)
12-23 22:44:15.312 D/Surface (  259): Surface::setBuffersDimensions(this=0x7f9d616e00,w=1080,h=1920)
12-23 22:44:15.313 D/Surface ( 1992): Surface::setBuffersDimensions(this=0x7f33e59400,w=1080,h=1845)
12-23 22:44:15.329 D/Surface (  259): Surface::setBuffersDimensions(this=0x7f9d616e00,w=1080,h=1920)
12-23 22:44:15.330 D/Surface ( 1992): Surface::setBuffersDimensions(this=0x7f33e59400,w=1080,h=1845)
12-23 22:44:15.346 D/Surface (  259): Surface::setBuffersDimensions(this=0x7f9d616e00,w=1080,h=1920)
12-23 22:44:15.349 D/Surface ( 1992): Surface::setBuffersDimensions(this=0x7f33e59400,w=1080,h=1845)
12-23 22:44:15.364 D/Surface (  259): Surface::setBuffersDimensions(this=0x7f9d616e00,w=1080,h=1920)
12-23 22:44:15.373 D/Surface ( 1992): Surface::setBuffersDimensions(this=0x7f33e59400,w=1080,h=1845)
12-23 22:44:15.384 D/Surface (  259): Surface::setBuffersDimensions(this=0x7f9d616e00,w=1080,h=1920)
12-23 22:44:15.386 D/Surface ( 1992): Surface::setBuffersDimensions(this=0x7f33e59400,w=1080,h=1845)
12-23 22:44:15.399 D/Surface (  259): Surface::setBuffersDimensions(this=0x7f9d616e00,w=1080,h=1920)
12-23 22:44:15.402 D/Surface ( 1992): Surface::setBuffersDimensions(this=0x7f33e59400,w=1080,h=1845)
12-23 22:44:15.417 D/Surface (  259): Surface::setBuffersDimensions(this=0x7f9d616e00,w=1080,h=1920)
12-23 22:44:15.418 D/Surface ( 1992): Surface::setBuffersDimensions(this=0x7f33e59400,w=1080,h=1845)
12-23 22:44:15.434 D/Surface (  259): Surface::setBuffersDimensions(this=0x7f9d616e00,w=1080,h=1920)
12-23 22:44:15.436 D/Surface ( 1992): Surface::setBuffersDimensions(this=0x7f33e59400,w=1080,h=1845)
12-23 22:44:15.452 D/Surface (  259): Surface::setBuffersDimensions(this=0x7f9d616e00,w=1080,h=1920)
12-23 22:44:15.453 D/Surface ( 1992): Surface::setBuffersDimensions(this=0x7f33e59400,w=1080,h=1845)
12-23 22:44:15.469 D/Surface (  259): Surface::setBuffersDimensions(this=0x7f9d616e00,w=1080,h=1920)
12-23 22:44:15.471 D/Surface ( 1992): Surface::setBuffersDimensions(this=0x7f33e59400,w=1080,h=1845)
12-23 22:44:15.487 D/Surface (  259): Surface::setBuffersDimensions(this=0x7f9d616e00,w=1080,h=1920)
12-23 22:44:15.494 D/Surface ( 1992): Surface::setBuffersDimensions(this=0x7f33e59400,w=1080,h=1845)
12-23 22:44:15.504 D/Surface (  259): Surface::setBuffersDimensions(this=0x7f9d616e00,w=1080,h=1920)
12-23 22:44:15.507 I/SurfaceFlinger(  259): [Built-in Screen (type:0)] fps:57.039131,dur:1016.85,max:19.74,min:14.74
12-23 22:44:15.508 D/Surface ( 1992): Surface::setBuffersDimensions(this=0x7f33e59400,w=1080,h=1845)
12-23 22:44:15.522 D/Surface (  259): Surface::setBuffersDimensions(this=0x7f9d616e00,w=1080,h=1920)
12-23 22:44:15.525 D/Surface ( 1992): Surface::setBuffersDimensions(this=0x7f33e59400,w=1080,h=1845)
12-23 22:44:15.539 D/Surface (  259): Surface::setBuffersDimensions(this=0x7f9d616e00,w=1080,h=1920)
12-23 22:44:15.541 D/Surface ( 1992): Surface::setBuffersDimensions(this=0x7f33e59400,w=1080,h=1845)
12-23 22:44:15.543 D/PerfServiceManager(  818): [PerfService] notifyFrameUpdate - bDuringTouchBoost:false 
12-23 22:44:15.557 D/Surface (  259): Surface::setBuffersDimensions(this=0x7f9d616e00,w=1080,h=1920)
12-23 22:44:15.558 D/Surface ( 1992): Surface::setBuffersDimensions(this=0x7f33e59400,w=1080,h=1845)
12-23 22:44:15.574 D/Surface (  259): Surface::setBuffersDimensions(this=0x7f9d616e00,w=1080,h=1920)
12-23 22:44:15.576 D/Surface ( 1992): Surface::setBuffersDimensions(this=0x7f33e59400,w=1080,h=1845)
12-23 22:44:15.580 I/BufferQueueProducer(  259): [](this:0x7f9d6c6000,id:67,api:1,p:1992,c:259) queueBuffer: fps=56.92 dur=1019.04 max=29.16 min=10.60
12-23 22:44:15.592 D/Surface (  259): Surface::setBuffersDimensions(this=0x7f9d616e00,w=1080,h=1920)
12-23 22:44:15.593 D/Surface ( 1992): Surface::setBuffersDimensions(this=0x7f33e59400,w=1080,h=1845)
12-23 22:44:15.609 D/Surface (  259): Surface::setBuffersDimensions(this=0x7f9d616e00,w=1080,h=1920)
12-23 22:44:15.621 D/Surface ( 1992): Surface::setBuffersDimensions(this=0x7f33e59400,w=1080,h=1845)
12-23 22:44:15.627 D/Surface (  259): Surface::setBuffersDimensions(this=0x7f9d616e00,w=1080,h=1920)
12-23 22:44:15.641 D/Surface ( 1992): Surface::setBuffersDimensions(this=0x7f33e59400,w=1080,h=1845)
12-23 22:44:15.645 D/Surface (  259): Surface::setBuffersDimensions(this=0x7f9d616e00,w=1080,h=1920)
12-23 22:44:15.649 D/Surface ( 1992): Surface::setBuffersDimensions(this=0x7f33e59400,w=1080,h=1845)
12-23 22:44:15.662 D/Surface (  259): Surface::setBuffersDimensions(this=0x7f9d616e00,w=1080,h=1920)
12-23 22:44:15.665 D/Surface ( 1992): Surface::setBuffersDimensions(this=0x7f33e59400,w=1080,h=1845)
12-23 22:44:15.679 D/Surface (  259): Surface::setBuffersDimensions(this=0x7f9d616e00,w=1080,h=1920)
12-23 22:44:15.682 D/Surface ( 1992): Surface::setBuffersDimensions(this=0x7f33e59400,w=1080,h=1845)
12-23 22:44:15.697 D/Surface (  259): Surface::setBuffersDimensions(this=0x7f9d616e00,w=1080,h=1920)
12-23 22:44:15.700 D/Surface ( 1992): Surface::setBuffersDimensions(this=0x7f33e59400,w=1080,h=1845)
12-23 22:44:15.707 D/BatteryService(  818): mBatteryVoltage=3912, batteryLevel=50
12-23 22:44:15.708 V/ActivityManager(  818): Broadcast sticky: Intent { act=android.intent.action.BATTERY_CHANGED flg=0x60000010 (has extras) } ordered=false userid=-1 callerApp=null
12-23 22:44:15.711 D/PowerManagerService(  818): updateIsPoweredLocked: wasPowered=true, mIsPowered=true, oldPlugType=2, mPlugType=2, mBatteryLevel=45
12-23 22:44:15.711 D/KeyguardUpdateMonitor( 1143): received broadcast android.intent.action.BATTERY_CHANGED
12-23 22:44:15.711 D/UsbDeviceManager(  818): onReceive - BATTERY_CHANGED - mPlugType: 2, mSettingUsbCharging: false, mConnected: true, mSettingUsbBicr: false
12-23 22:44:15.713 I/System.out( 5652): status=2  changePlug2
12-23 22:44:15.711 D/WifiService(  818): onReceive, action:android.intent.action.BATTERY_CHANGED
12-23 22:44:15.713 I/System.out( 5652): 开始充电了USB
12-23 22:44:15.713 W/ContextImpl( 1169): Calling a method in the system process without a qualified user: android.app.ContextImpl.startService:1813 android.content.ContextWrapper.startService:516 com.mediatek.usbchecker.UsbCheckerReceiver.onReceive:12 android.app.LoadedApk$ReceiverDispatcher$Args.run:905 android.os.Handler.handleCallback:815 
12-23 22:44:15.713 D/BatteryReceiver( 3000): [run:905]android.intent.action.BATTERY_CHANGED
12-23 22:44:15.713 D/BatteryReceiver( 3000): [run:905]temp , 33.0
12-23 22:44:15.714 D/WifiController(  818): DeviceActiveState{ when=-3ms what=155652 arg1=2 target=com.android.internal.util.StateMachine$SmHandler }
12-23 22:44:15.714 D/WifiController(  818): StaEnabledState{ when=-3ms what=155652 arg1=2 target=com.android.internal.util.StateMachine$SmHandler }
12-23 22:44:15.714 D/KeyguardUpdateMonitor( 1143): handleBatteryUpdate index=0 updateInteresting=false
12-23 22:44:15.714 D/WifiController(  818): DefaultState{ when=-3ms what=155652 arg1=2 target=com.android.internal.util.StateMachine$SmHandler }
12-23 22:44:15.714 D/WifiController(  818): battery changed pluggedType: 2
12-23 22:44:15.716 D/Surface (  259): Surface::setBuffersDimensions(this=0x7f9d616e00,w=1080,h=1920)
12-23 22:44:15.716 D/ActivityThread( 1169): SVC-SERVICE_ARGS handled : 0 / ServiceArgsData{token=android.os.BinderProxy@18ae06ee startId=758 args=Intent { act=android.intent.action.BATTERY_CHANGED flg=0x60000010 cmp=com.mediatek.usbchecker/.UsbCheckerService (has extras) }}
12-23 22:44:15.716 D/ActivityThread( 1169): SVC-Calling onStartCommand: com.mediatek.usbchecker.UsbCheckerService@1249a78f, flags=0, startId=758
12-23 22:44:15.716 D/UsbChecker/Service( 1169): getActivateState=yes
12-23 22:44:15.716 D/UsbChecker/Service( 1169): onStartCommand()  Already activation, Return directly.
12-23 22:44:15.720 D/Surface ( 1992): Surface::setBuffersDimensions(this=0x7f33e59400,w=1080,h=1845)
12-23 22:44:15.733 D/PerfServiceManager(  818): [PerfService] notifyFrameUpdate - bDuringTouchBoost:false 
12-23 22:44:15.733 D/Surface ( 1143): Surface::setBuffersDimensions(this=0x7f82229600,w=1080,h=75)
12-23 22:44:15.734 D/Surface ( 1992): Surface::setBuffersDimensions(this=0x7f33e59400,w=1080,h=1845)
12-23 22:44:15.734 D/Surface (  259): Surface::setBuffersDimensions(this=0x7f9d616e00,w=1080,h=1920)
12-23 22:44:15.740 I/BufferQueueProducer(  259): [StatusBar](this:0x7f9d6e5000,id:7,api:1,p:1143,c:259) queueBuffer: fps=1.02 dur=1963.11 max=997.50 min=965.61
12-23 22:44:15.750 D/Surface (  259): Surface::setBuffersDimensions(this=0x7f9d616e00,w=1080,h=1920)
12-23 22:44:15.753 E/WifiTrafficPoller(  818): TRAFFIC_STATS_POLL true Token 29 num clients 26
12-23 22:44:15.754 E/WifiTrafficPoller(  818):  packet count Tx=145574 Rx=169260
12-23 22:44:15.754 E/WifiTrafficPoller(  818): notifying of data activity 3
12-23 22:44:15.756 D/NetworkController.WifiSignalController( 1143): setActivity: wifiActivity= 3
12-23 22:44:15.756 D/NetworkController.WifiSignalController( 1143): isDirty : false
12-23 22:44:15.756 D/NetworkController.WifiSignalController( 1143): Change in state from: connected=true,enabled=true,level=4,inetCondition=1,iconGroup=IconGroup(Wi-Fi Icons),activityIn=false,activityOut=false,rssi=-45,networkType=null,showDataActivityIcon=false,lastModified=12-23 10:44:14,ssid="PHICOMM_test_1"
12-23 22:44:15.756 D/NetworkController.WifiSignalController( 1143): 	to: connected=true,enabled=true,level=4,inetCondition=1,iconGroup=IconGroup(Wi-Fi Icons),activityIn=true,activityOut=true,rssi=-45,networkType=null,showDataActivityIcon=false,lastModified=12-23 10:44:14,ssid="PHICOMM_test_1"
12-23 22:44:15.756 D/NetworkController.WifiSignalController( 1143): Wifi notifyListeners: level= 4, wifiActivity= 3
12-23 22:44:15.757 D/SignalClusterView( 1143): setWifiIndicators, visible=true, strengthIcon=2130837930, contentDescription=WLAN信号满格。
12-23 22:44:15.757 D/SignalClusterView( 1143): apply() PhoneState state : []
12-23 22:44:15.757 D/SignalClusterView( 1143): mNoSims.setVisibility: true
12-23 22:44:15.757 D/BaseSignalClusterExt( 1143): apply(), state == null
12-23 22:44:15.757 D/BaseSignalClusterExt( 1143): apply(), state == null
12-23 22:44:15.757 D/NetworkController.WifiSignalController( 1143): Wifi notifyListeners: level= 4, wifiActivity= 3
12-23 22:44:15.757 D/SignalClusterView( 1143): setWifiIndicators, visible=true, strengthIcon=2130837930, contentDescription=WLAN信号满格。
12-23 22:44:15.758 D/SignalClusterView( 1143): apply() PhoneState state : []
12-23 22:44:15.758 D/SignalClusterView( 1143): mNoSims.setVisibility: true
12-23 22:44:15.758 D/BaseSignalClusterExt( 1143): apply(), state == null
12-23 22:44:15.758 D/BaseSignalClusterExt( 1143): apply(), state == null
12-23 22:44:15.758 D/NetworkController.WifiSignalController( 1143): Wifi notifyListeners: level= 4, wifiActivity= 3
12-23 22:44:15.758 D/SignalClusterView( 1143): setWifiIndicators, visible=true, strengthIcon=2130837930, contentDescription=WLAN信号满格。
12-23 22:44:15.758 D/SignalClusterView( 1143): apply() PhoneState state : []
12-23 22:44:15.759 D/SignalClusterView( 1143): mNoSims.setVisibility: true
12-23 22:44:15.759 D/BaseSignalClusterExt( 1143): apply(), state == null
12-23 22:44:15.759 D/BaseSignalClusterExt( 1143): apply(), state == null
12-23 22:44:15.762 V/SettingsInterface( 1691):  from settings cache , name = multi_sim_data_call , value = -1
12-23 22:44:15.762 E/NetworkController( 1143): No data sim selected
12-23 22:44:15.762 D/DefaultStatusBarPlmnPlugin( 1143): into updateCarrierLabel, slotId=0, isSimInserted=false, isHasSimService=false
12-23 22:44:15.762 D/DefaultStatusBarPlmnPlugin( 1143): into updateCarrierLabel, slotId=1, isSimInserted=false, isHasSimService=false
12-23 22:44:15.763 D/Surface ( 1992): Surface::setBuffersDimensions(this=0x7f33e59400,w=1080,h=1845)
12-23 22:44:15.768 D/Surface ( 1143): Surface::setBuffersDimensions(this=0x7f82229600,w=1080,h=75)
12-23 22:44:15.770 D/Surface (  259): Surface::setBuffersDimensions(this=0x7f9d616e00,w=1080,h=1920)
12-23 22:44:15.776 D/Surface ( 1992): Surface::setBuffersDimensions(this=0x7f33e59400,w=1080,h=1845)
12-23 22:44:15.785 D/Surface (  259): Surface::setBuffersDimensions(this=0x7f9d616e00,w=1080,h=1920)
12-23 22:44:15.789 D/Surface ( 1992): Surface::setBuffersDimensions(this=0x7f33e59400,w=1080,h=1845)
12-23 22:44:15.802 D/Surface (  259): Surface::setBuffersDimensions(this=0x7f9d616e00,w=1080,h=1920)
12-23 22:44:15.816 D/Surface ( 1992): Surface::setBuffersDimensions(this=0x7f33e59400,w=1080,h=1845)
12-23 22:44:15.820 D/Surface (  259): Surface::setBuffersDimensions(this=0x7f9d616e00,w=1080,h=1920)
12-23 22:44:15.821 D/Surface ( 1992): Surface::setBuffersDimensions(this=0x7f33e59400,w=1080,h=1845)
12-23 22:44:15.837 D/Surface (  259): Surface::setBuffersDimensions(this=0x7f9d616e00,w=1080,h=1920)
12-23 22:44:15.840 D/Surface ( 1992): Surface::setBuffersDimensions(this=0x7f33e59400,w=1080,h=1845)
12-23 22:44:15.855 D/Surface (  259): Surface::setBuffersDimensions(this=0x7f9d616e00,w=1080,h=1920)
12-23 22:44:15.858 D/Surface ( 1992): Surface::setBuffersDimensions(this=0x7f33e59400,w=1080,h=1845)
12-23 22:44:15.872 D/Surface (  259): Surface::setBuffersDimensions(this=0x7f9d616e00,w=1080,h=1920)
12-23 22:44:15.876 D/Surface ( 1992): Surface::setBuffersDimensions(this=0x7f33e59400,w=1080,h=1845)
12-23 22:44:15.890 D/Surface (  259): Surface::setBuffersDimensions(this=0x7f9d616e00,w=1080,h=1920)
12-23 22:44:15.893 D/Surface ( 1992): Surface::setBuffersDimensions(this=0x7f33e59400,w=1080,h=1845)
12-23 22:44:15.907 D/Surface (  259): Surface::setBuffersDimensions(this=0x7f9d616e00,w=1080,h=1920)
12-23 22:44:15.912 D/Surface ( 1992): Surface::setBuffersDimensions(this=0x7f33e59400,w=1080,h=1845)
12-23 22:44:15.925 D/Surface (  259): Surface::setBuffersDimensions(this=0x7f9d616e00,w=1080,h=1920)
12-23 22:44:15.929 I/BufferQueueProducer(  259): [FrameBufferSurface_0](this:0x7f9d594000,id:0,api:1,p:259,c:259) queueBuffer: fps=56.99 dur=1017.72 max=20.57 min=14.47
12-23 22:44:15.929 D/Surface ( 1992): Surface::setBuffersDimensions(this=0x7f33e59400,w=1080,h=1845)
12-23 22:44:15.943 D/Surface (  259): Surface::setBuffersDimensions(this=0x7f9d616e00,w=1080,h=1920)
12-23 22:44:15.944 D/Surface ( 1992): Surface::setBuffersDimensions(this=0x7f33e59400,w=1080,h=1845)
12-23 22:44:15.944 D/PerfServiceManager(  818): [PerfService] notifyFrameUpdate - bDuringTouchBoost:false 
12-23 22:44:15.960 D/Surface (  259): Surface::setBuffersDimensions(this=0x7f9d616e00,w=1080,h=1920)
12-23 22:44:15.964 D/Surface ( 1992): Surface::setBuffersDimensions(this=0x7f33e59400,w=1080,h=1845)
12-23 22:44:15.978 D/Surface (  259): Surface::setBuffersDimensions(this=0x7f9d616e00,w=1080,h=1920)
12-23 22:44:15.981 D/Surface ( 1992): Surface::setBuffersDimensions(this=0x7f33e59400,w=1080,h=1845)
12-23 22:44:15.995 D/Surface (  259): Surface::setBuffersDimensions(this=0x7f9d616e00,w=1080,h=1920)
12-23 22:44:15.998 D/Surface ( 1992): Surface::setBuffersDimensions(this=0x7f33e59400,w=1080,h=1845)
12-23 22:44:16.013 D/Surface (  259): Surface::setBuffersDimensions(this=0x7f9d616e00,w=1080,h=1920)
12-23 22:44:16.019 D/Surface ( 1992): Surface::setBuffersDimensions(this=0x7f33e59400,w=1080,h=1845)
12-23 22:44:16.030 D/Surface (  259): Surface::setBuffersDimensions(this=0x7f9d616e00,w=1080,h=1920)
12-23 22:44:16.033 D/Surface ( 1992): Surface::setBuffersDimensions(this=0x7f33e59400,w=1080,h=1845)
12-23 22:44:16.048 D/Surface (  259): Surface::setBuffersDimensions(this=0x7f9d616e00,w=1080,h=1920)
12-23 22:44:16.051 D/Surface ( 1992): Surface::setBuffersDimensions(this=0x7f33e59400,w=1080,h=1845)
12-23 22:44:16.065 D/Surface (  259): Surface::setBuffersDimensions(this=0x7f9d616e00,w=1080,h=1920)
12-23 22:44:16.067 D/Surface ( 1992): Surface::setBuffersDimensions(this=0x7f33e59400,w=1080,h=1845)
12-23 22:44:16.083 D/Surface (  259): Surface::setBuffersDimensions(this=0x7f9d616e00,w=1080,h=1920)
12-23 22:44:16.084 D/Surface ( 1992): Surface::setBuffersDimensions(this=0x7f33e59400,w=1080,h=1845)
12-23 22:44:16.100 D/Surface (  259): Surface::setBuffersDimensions(this=0x7f9d616e00,w=1080,h=1920)
12-23 22:44:16.102 D/Surface ( 1992): Surface::setBuffersDimensions(this=0x7f33e59400,w=1080,h=1845)
12-23 22:44:16.118 D/Surface (  259): Surface::setBuffersDimensions(this=0x7f9d616e00,w=1080,h=1920)
12-23 22:44:16.121 D/Surface ( 1992): Surface::setBuffersDimensions(this=0x7f33e59400,w=1080,h=1845)
12-23 22:44:16.135 D/Surface (  259): Surface::setBuffersDimensions(this=0x7f9d616e00,w=1080,h=1920)
12-23 22:44:16.139 D/Surface ( 1992): Surface::setBuffersDimensions(this=0x7f33e59400,w=1080,h=1845)
12-23 22:44:16.153 D/Surface (  259): Surface::setBuffersDimensions(this=0x7f9d616e00,w=1080,h=1920)
12-23 22:44:16.154 D/Surface ( 1992): Surface::setBuffersDimensions(this=0x7f33e59400,w=1080,h=1845)
12-23 22:44:16.168 D/CSLegacyTypeTracker(  818): getNetworkForType type 0
12-23 22:44:16.168 D/CSLegacyTypeTracker(  818): getNetworkForType type 1
12-23 22:44:16.168 D/CSLegacyTypeTracker(  818): getNetworkForType type 2
12-23 22:44:16.168 D/CSLegacyTypeTracker(  818): getNetworkForType type 3
12-23 22:44:16.169 D/CSLegacyTypeTracker(  818): getNetworkForType type 4
12-23 22:44:16.169 D/CSLegacyTypeTracker(  818): getNetworkForType type 5
12-23 22:44:16.169 D/CSLegacyTypeTracker(  818): getNetworkForType type 7
12-23 22:44:16.169 D/CSLegacyTypeTracker(  818): getNetworkForType type 10
12-23 22:44:16.169 D/CSLegacyTypeTracker(  818): getNetworkForType type 11
12-23 22:44:16.169 D/CSLegacyTypeTracker(  818): getNetworkForType type 12
12-23 22:44:16.169 D/CSLegacyTypeTracker(  818): getNetworkForType type 14
12-23 22:44:16.169 D/CSLegacyTypeTracker(  818): getNetworkForType type 15
12-23 22:44:16.169 D/CSLegacyTypeTracker(  818): getNetworkForType type 17
12-23 22:44:16.169 D/CSLegacyTypeTracker(  818): getNetworkForType type 34
12-23 22:44:16.169 D/CSLegacyTypeTracker(  818): getNetworkForType type 35
12-23 22:44:16.169 D/CSLegacyTypeTracker(  818): getNetworkForType type 36
