12-23 22:44:16.169 D/CSLegacyTypeTracker(  818): getNetworkForType type 37
12-23 22:44:16.169 D/CSLegacyTypeTracker(  818): getNetworkForType type 38
12-23 22:44:16.169 D/CSLegacyTypeTracker(  818): getNetworkForType type 40
12-23 22:44:16.169 D/CSLegacyTypeTracker(  818): getNetworkForType type 41
12-23 22:44:16.169 D/CSLegacyTypeTracker(  818): getNetworkForType type 49
12-23 22:44:16.171 D/Surface (  259): Surface::setBuffersDimensions(this=0x7f9d616e00,w=1080,h=1920)
12-23 22:44:16.175 D/Surface ( 1992): Surface::setBuffersDimensions(this=0x7f33e59400,w=1080,h=1845)
12-23 22:44:16.188 D/Surface (  259): Surface::setBuffersDimensions(this=0x7f9d616e00,w=1080,h=1920)
12-23 22:44:16.191 D/Surface ( 1992): Surface::setBuffersDimensions(this=0x7f33e59400,w=1080,h=1845)
12-23 22:44:16.205 D/Surface (  259): Surface::setBuffersDimensions(this=0x7f9d616e00,w=1080,h=1920)
12-23 22:44:16.209 D/Surface ( 1992): Surface::setBuffersDimensions(this=0x7f33e59400,w=1080,h=1845)
12-23 22:44:16.223 D/Surface (  259): Surface::setBuffersDimensions(this=0x7f9d616e00,w=1080,h=1920)
12-23 22:44:16.226 D/Surface ( 1992): Surface::setBuffersDimensions(this=0x7f33e59400,w=1080,h=1845)
12-23 22:44:16.241 D/Surface (  259): Surface::setBuffersDimensions(this=0x7f9d616e00,w=1080,h=1920)
12-23 22:44:16.244 D/Surface ( 1992): Surface::setBuffersDimensions(this=0x7f33e59400,w=1080,h=1845)
12-23 22:44:16.259 D/Surface (  259): Surface::setBuffersDimensions(this=0x7f9d616e00,w=1080,h=1920)
12-23 22:44:16.265 D/Surface ( 1992): Surface::setBuffersDimensions(this=0x7f33e59400,w=1080,h=1845)
12-23 22:44:16.276 D/Surface (  259): Surface::setBuffersDimensions(this=0x7f9d616e00,w=1080,h=1920)
12-23 22:44:16.282 D/Surface ( 1992): Surface::setBuffersDimensions(this=0x7f33e59400,w=1080,h=1845)
12-23 22:44:16.293 D/Surface (  259): Surface::setBuffersDimensions(this=0x7f9d616e00,w=1080,h=1920)
12-23 22:44:16.296 D/Surface ( 1992): Surface::setBuffersDimensions(this=0x7f33e59400,w=1080,h=1845)
12-23 22:44:16.311 D/Surface (  259): Surface::setBuffersDimensions(this=0x7f9d616e00,w=1080,h=1920)
12-23 22:44:16.314 D/Surface ( 1992): Surface::setBuffersDimensions(this=0x7f33e59400,w=1080,h=1845)
12-23 22:44:16.328 D/Surface (  259): Surface::setBuffersDimensions(this=0x7f9d616e00,w=1080,h=1920)
12-23 22:44:16.332 D/Surface ( 1992): Surface::setBuffersDimensions(this=0x7f33e59400,w=1080,h=1845)
12-23 22:44:16.346 D/Surface (  259): Surface::setBuffersDimensions(this=0x7f9d616e00,w=1080,h=1920)
12-23 22:44:16.349 D/Surface ( 1992): Surface::setBuffersDimensions(this=0x7f33e59400,w=1080,h=1845)
12-23 22:44:16.349 D/PerfServiceManager(  818): [PerfService] notifyFrameUpdate - bDuringTouchBoost:false 
12-23 22:44:16.363 D/Surface (  259): Surface::setBuffersDimensions(this=0x7f9d616e00,w=1080,h=1920)
12-23 22:44:16.366 D/Surface ( 1992): Surface::setBuffersDimensions(this=0x7f33e59400,w=1080,h=1845)
12-23 22:44:16.381 D/Surface (  259): Surface::setBuffersDimensions(this=0x7f9d616e00,w=1080,h=1920)
12-23 22:44:16.385 D/Surface ( 1992): Surface::setBuffersDimensions(this=0x7f33e59400,w=1080,h=1845)
12-23 22:44:16.388 I/BufferQueueProducer(  259): [](this:0x7f9732b000,id:64,api:2,p:1585,c:259) queueBuffer: fps=0.20 dur=4995.39 max=4995.39 min=4995.39
12-23 22:44:16.399 D/Surface (  259): Surface::setBuffersDimensions(this=0x7f9d616e00,w=1080,h=1920)
12-23 22:44:16.402 D/Surface ( 1992): Surface::setBuffersDimensions(this=0x7f33e59400,w=1080,h=1845)
12-23 22:44:16.416 D/Surface (  259): Surface::setBuffersDimensions(this=0x7f9d616e00,w=1080,h=1920)
12-23 22:44:16.419 D/Surface ( 1992): Surface::setBuffersDimensions(this=0x7f33e59400,w=1080,h=1845)
12-23 22:44:16.433 D/Surface (  259): Surface::setBuffersDimensions(this=0x7f9d616e00,w=1080,h=1920)
12-23 22:44:16.436 D/Surface ( 1992): Surface::setBuffersDimensions(this=0x7f33e59400,w=1080,h=1845)
12-23 22:44:16.451 D/Surface (  259): Surface::setBuffersDimensions(this=0x7f9d616e00,w=1080,h=1920)
12-23 22:44:16.454 D/Surface ( 1992): Surface::setBuffersDimensions(this=0x7f33e59400,w=1080,h=1845)
12-23 22:44:16.469 D/Surface (  259): Surface::setBuffersDimensions(this=0x7f9d616e00,w=1080,h=1920)
12-23 22:44:16.471 D/Surface ( 1992): Surface::setBuffersDimensions(this=0x7f33e59400,w=1080,h=1845)
12-23 22:44:16.486 D/Surface (  259): Surface::setBuffersDimensions(this=0x7f9d616e00,w=1080,h=1920)
12-23 22:44:16.490 D/Surface ( 1992): Surface::setBuffersDimensions(this=0x7f33e59400,w=1080,h=1845)
12-23 22:44:16.504 D/Surface (  259): Surface::setBuffersDimensions(this=0x7f9d616e00,w=1080,h=1920)
12-23 22:44:16.508 D/Surface ( 1992): Surface::setBuffersDimensions(this=0x7f33e59400,w=1080,h=1845)
12-23 22:44:16.521 D/Surface (  259): Surface::setBuffersDimensions(this=0x7f9d616e00,w=1080,h=1920)
12-23 22:44:16.524 I/SurfaceFlinger(  259): [Built-in Screen (type:0)] fps:57.043293,dur:1016.77,max:20.58,min:14.47
12-23 22:44:16.526 D/Surface ( 1992): Surface::setBuffersDimensions(this=0x7f33e59400,w=1080,h=1845)
12-23 22:44:16.539 D/Surface (  259): Surface::setBuffersDimensions(this=0x7f9d616e00,w=1080,h=1920)
12-23 22:44:16.541 D/Surface ( 1992): Surface::setBuffersDimensions(this=0x7f33e59400,w=1080,h=1845)
12-23 22:44:16.556 D/Surface (  259): Surface::setBuffersDimensions(this=0x7f9d616e00,w=1080,h=1920)
12-23 22:44:16.558 D/Surface ( 1992): Surface::setBuffersDimensions(this=0x7f33e59400,w=1080,h=1845)
12-23 22:44:16.574 D/Surface (  259): Surface::setBuffersDimensions(this=0x7f9d616e00,w=1080,h=1920)
12-23 22:44:16.577 D/Surface ( 1992): Surface::setBuffersDimensions(this=0x7f33e59400,w=1080,h=1845)
12-23 22:44:16.591 D/Surface (  259): Surface::setBuffersDimensions(this=0x7f9d616e00,w=1080,h=1920)
12-23 22:44:16.593 D/Surface ( 1992): Surface::setBuffersDimensions(this=0x7f33e59400,w=1080,h=1845)
12-23 22:44:16.596 I/BufferQueueProducer(  259): [](this:0x7f9d6c6000,id:67,api:1,p:1992,c:259) queueBuffer: fps=57.11 dur=1015.63 max=28.57 min=5.76
12-23 22:44:16.609 D/Surface (  259): Surface::setBuffersDimensions(this=0x7f9d616e00,w=1080,h=1920)
12-23 22:44:16.615 D/Surface ( 1992): Surface::setBuffersDimensions(this=0x7f33e59400,w=1080,h=1845)
12-23 22:44:16.627 D/Surface (  259): Surface::setBuffersDimensions(this=0x7f9d616e00,w=1080,h=1920)
12-23 22:44:16.631 D/Surface ( 1992): Surface::setBuffersDimensions(this=0x7f33e59400,w=1080,h=1845)
12-23 22:44:16.644 D/Surface (  259): Surface::setBuffersDimensions(this=0x7f9d616e00,w=1080,h=1920)
12-23 22:44:16.647 D/Surface ( 1992): Surface::setBuffersDimensions(this=0x7f33e59400,w=1080,h=1845)
12-23 22:44:16.662 D/Surface (  259): Surface::setBuffersDimensions(this=0x7f9d616e00,w=1080,h=1920)
12-23 22:44:16.666 D/Surface ( 1992): Surface::setBuffersDimensions(this=0x7f33e59400,w=1080,h=1845)
12-23 22:44:16.679 D/Surface (  259): Surface::setBuffersDimensions(this=0x7f9d616e00,w=1080,h=1920)
12-23 22:44:16.684 D/Surface ( 1992): Surface::setBuffersDimensions(this=0x7f33e59400,w=1080,h=1845)
12-23 22:44:16.697 D/Surface (  259): Surface::setBuffersDimensions(this=0x7f9d616e00,w=1080,h=1920)
12-23 22:44:16.703 D/Surface ( 1992): Surface::setBuffersDimensions(this=0x7f33e59400,w=1080,h=1845)
12-23 22:44:16.715 D/Surface (  259): Surface::setBuffersDimensions(this=0x7f9d616e00,w=1080,h=1920)
12-23 22:44:16.719 D/Surface ( 1992): Surface::setBuffersDimensions(this=0x7f33e59400,w=1080,h=1845)
12-23 22:44:16.732 D/Surface (  259): Surface::setBuffersDimensions(this=0x7f9d616e00,w=1080,h=1920)
12-23 22:44:16.734 D/Surface ( 1992): Surface::setBuffersDimensions(this=0x7f33e59400,w=1080,h=1845)
12-23 22:44:16.749 D/Surface (  259): Surface::setBuffersDimensions(this=0x7f9d616e00,w=1080,h=1920)
12-23 22:44:16.757 E/WifiTrafficPoller(  818): TRAFFIC_STATS_POLL true Token 29 num clients 26
12-23 22:44:16.758 E/WifiTrafficPoller(  818):  packet count Tx=145574 Rx=169260
12-23 22:44:16.758 E/WifiTrafficPoller(  818): notifying of data activity 0
12-23 22:44:16.762 D/NetworkController.WifiSignalController( 1143): setActivity: wifiActivity= 0
12-23 22:44:16.762 D/NetworkController.WifiSignalController( 1143): isDirty : false
12-23 22:44:16.763 D/NetworkController.WifiSignalController( 1143): Change in state from: connected=true,enabled=true,level=4,inetCondition=1,iconGroup=IconGroup(Wi-Fi Icons),activityIn=true,activityOut=true,rssi=-45,networkType=null,showDataActivityIcon=false,lastModified=12-23 10:44:15,ssid="PHICOMM_test_1"
12-23 22:44:16.763 D/NetworkController.WifiSignalController( 1143): 	to: connected=true,enabled=true,level=4,inetCondition=1,iconGroup=IconGroup(Wi-Fi Icons),activityIn=false,activityOut=false,rssi=-45,networkType=null,showDataActivityIcon=false,lastModified=12-23 10:44:15,ssid="PHICOMM_test_1"
12-23 22:44:16.763 D/NetworkController.WifiSignalController( 1143): Wifi notifyListeners: level= 4, wifiActivity= 0
12-23 22:44:16.763 D/SignalClusterView( 1143): setWifiIndicators, visible=true, strengthIcon=2130837928, contentDescription=WLAN信号满格。
12-23 22:44:16.764 D/SignalClusterView( 1143): apply() PhoneState state : []
12-23 22:44:16.764 D/SignalClusterView( 1143): mNoSims.setVisibility: true
12-23 22:44:16.764 D/BaseSignalClusterExt( 1143): apply(), state == null
12-23 22:44:16.764 D/BaseSignalClusterExt( 1143): apply(), state == null
12-23 22:44:16.764 D/NetworkController.WifiSignalController( 1143): Wifi notifyListeners: level= 4, wifiActivity= 0
12-23 22:44:16.764 D/SignalClusterView( 1143): setWifiIndicators, visible=true, strengthIcon=2130837928, contentDescription=WLAN信号满格。
12-23 22:44:16.764 D/SignalClusterView( 1143): apply() PhoneState state : []
12-23 22:44:16.764 D/SignalClusterView( 1143): mNoSims.setVisibility: true
12-23 22:44:16.764 D/BaseSignalClusterExt( 1143): apply(), state == null
12-23 22:44:16.764 D/BaseSignalClusterExt( 1143): apply(), state == null
12-23 22:44:16.764 D/NetworkController.WifiSignalController( 1143): Wifi notifyListeners: level= 4, wifiActivity= 0
12-23 22:44:16.764 D/SignalClusterView( 1143): setWifiIndicators, visible=true, strengthIcon=2130837928, contentDescription=WLAN信号满格。
12-23 22:44:16.764 D/SignalClusterView( 1143): apply() PhoneState state : []
12-23 22:44:16.764 D/SignalClusterView( 1143): mNoSims.setVisibility: true
12-23 22:44:16.764 D/BaseSignalClusterExt( 1143): apply(), state == null
12-23 22:44:16.764 D/BaseSignalClusterExt( 1143): apply(), state == null
12-23 22:44:16.768 V/SettingsInterface( 1691):  from settings cache , name = multi_sim_data_call , value = -1
12-23 22:44:16.768 D/Surface (  259): Surface::setBuffersDimensions(this=0x7f9d616e00,w=1080,h=1920)
12-23 22:44:16.768 E/NetworkController( 1143): No data sim selected
12-23 22:44:16.769 D/DefaultStatusBarPlmnPlugin( 1143): into updateCarrierLabel, slotId=0, isSimInserted=false, isHasSimService=false
12-23 22:44:16.769 D/DefaultStatusBarPlmnPlugin( 1143): into updateCarrierLabel, slotId=1, isSimInserted=false, isHasSimService=false
12-23 22:44:16.775 D/PerfServiceManager(  818): [PerfService] notifyFrameUpdate - bDuringTouchBoost:false 
12-23 22:44:16.775 D/Surface ( 1143): Surface::setBuffersDimensions(this=0x7f82229600,w=1080,h=75)
12-23 22:44:16.782 D/Surface ( 1992): Surface::setBuffersDimensions(this=0x7f33e59400,w=1080,h=1845)
12-23 22:44:16.782 I/BufferQueueProducer(  259): [StatusBar](this:0x7f9d6e5000,id:7,api:1,p:1143,c:259) queueBuffer: fps=1.92 dur=1042.51 max=1009.17 min=33.34
12-23 22:44:16.783 D/PerfServiceManager(  818): [PerfService] notifyFrameUpdate - bDuringTouchBoost:false 
12-23 22:44:16.786 D/Surface (  259): Surface::setBuffersDimensions(this=0x7f9d616e00,w=1080,h=1920)
12-23 22:44:16.791 D/Surface ( 1992): Surface::setBuffersDimensions(this=0x7f33e59400,w=1080,h=1845)
12-23 22:44:16.802 D/Surface (  259): Surface::setBuffersDimensions(this=0x7f9d616e00,w=1080,h=1920)
12-23 22:44:16.804 D/Surface ( 1992): Surface::setBuffersDimensions(this=0x7f33e59400,w=1080,h=1845)
12-23 22:44:16.819 D/Surface (  259): Surface::setBuffersDimensions(this=0x7f9d616e00,w=1080,h=1920)
12-23 22:44:16.820 D/Surface ( 1992): Surface::setBuffersDimensions(this=0x7f33e59400,w=1080,h=1845)
12-23 22:44:16.837 D/Surface (  259): Surface::setBuffersDimensions(this=0x7f9d616e00,w=1080,h=1920)
12-23 22:44:16.840 D/Surface ( 1992): Surface::setBuffersDimensions(this=0x7f33e59400,w=1080,h=1845)
12-23 22:44:16.854 D/Surface (  259): Surface::setBuffersDimensions(this=0x7f9d616e00,w=1080,h=1920)
12-23 22:44:16.855 D/Surface ( 1992): Surface::setBuffersDimensions(this=0x7f33e59400,w=1080,h=1845)
12-23 22:44:16.872 D/Surface (  259): Surface::setBuffersDimensions(this=0x7f9d616e00,w=1080,h=1920)
12-23 22:44:16.876 D/Surface ( 1992): Surface::setBuffersDimensions(this=0x7f33e59400,w=1080,h=1845)
12-23 22:44:16.890 D/Surface (  259): Surface::setBuffersDimensions(this=0x7f9d616e00,w=1080,h=1920)
12-23 22:44:16.892 D/Surface ( 1992): Surface::setBuffersDimensions(this=0x7f33e59400,w=1080,h=1845)
12-23 22:44:16.907 D/Surface (  259): Surface::setBuffersDimensions(this=0x7f9d616e00,w=1080,h=1920)
12-23 22:44:16.911 D/Surface ( 1992): Surface::setBuffersDimensions(this=0x7f33e59400,w=1080,h=1845)
12-23 22:44:16.925 D/Surface (  259): Surface::setBuffersDimensions(this=0x7f9d616e00,w=1080,h=1920)
12-23 22:44:16.928 D/Surface ( 1992): Surface::setBuffersDimensions(this=0x7f33e59400,w=1080,h=1845)
12-23 22:44:16.942 D/Surface (  259): Surface::setBuffersDimensions(this=0x7f9d616e00,w=1080,h=1920)
12-23 22:44:16.945 D/Surface ( 1992): Surface::setBuffersDimensions(this=0x7f33e59400,w=1080,h=1845)
12-23 22:44:16.945 I/BufferQueueProducer(  259): [FrameBufferSurface_0](this:0x7f9d594000,id:0,api:1,p:259,c:259) queueBuffer: fps=57.04 dur=1016.75 max=19.21 min=16.15
12-23 22:44:16.960 D/Surface (  259): Surface::setBuffersDimensions(this=0x7f9d616e00,w=1080,h=1920)
12-23 22:44:16.961 D/Surface ( 1992): Surface::setBuffersDimensions(this=0x7f33e59400,w=1080,h=1845)
12-23 22:44:16.977 D/Surface (  259): Surface::setBuffersDimensions(this=0x7f9d616e00,w=1080,h=1920)
12-23 22:44:16.979 D/Surface ( 1992): Surface::setBuffersDimensions(this=0x7f33e59400,w=1080,h=1845)
12-23 22:44:16.995 D/Surface (  259): Surface::setBuffersDimensions(this=0x7f9d616e00,w=1080,h=1920)
12-23 22:44:16.996 D/Surface ( 1992): Surface::setBuffersDimensions(this=0x7f33e59400,w=1080,h=1845)
12-23 22:44:17.012 D/Surface (  259): Surface::setBuffersDimensions(this=0x7f9d616e00,w=1080,h=1920)
12-23 22:44:17.014 D/Surface ( 1992): Surface::setBuffersDimensions(this=0x7f33e59400,w=1080,h=1845)
12-23 22:44:17.030 D/Surface (  259): Surface::setBuffersDimensions(this=0x7f9d616e00,w=1080,h=1920)
12-23 22:44:17.043 D/Surface ( 1992): Surface::setBuffersDimensions(this=0x7f33e59400,w=1080,h=1845)
12-23 22:44:17.048 D/Surface (  259): Surface::setBuffersDimensions(this=0x7f9d616e00,w=1080,h=1920)
12-23 22:44:17.052 D/Surface ( 1992): Surface::setBuffersDimensions(this=0x7f33e59400,w=1080,h=1845)
12-23 22:44:17.065 D/Surface (  259): Surface::setBuffersDimensions(this=0x7f9d616e00,w=1080,h=1920)
12-23 22:44:17.066 D/Surface ( 1992): Surface::setBuffersDimensions(this=0x7f33e59400,w=1080,h=1845)
12-23 22:44:17.082 D/Surface (  259): Surface::setBuffersDimensions(this=0x7f9d616e00,w=1080,h=1920)
12-23 22:44:17.085 D/Surface ( 1992): Surface::setBuffersDimensions(this=0x7f33e59400,w=1080,h=1845)
12-23 22:44:17.100 D/Surface (  259): Surface::setBuffersDimensions(this=0x7f9d616e00,w=1080,h=1920)
12-23 22:44:17.103 D/Surface ( 1992): Surface::setBuffersDimensions(this=0x7f33e59400,w=1080,h=1845)
12-23 22:44:17.117 D/Surface (  259): Surface::setBuffersDimensions(this=0x7f9d616e00,w=1080,h=1920)
12-23 22:44:17.120 D/Surface ( 1992): Surface::setBuffersDimensions(this=0x7f33e59400,w=1080,h=1845)
12-23 22:44:17.135 D/Surface (  259): Surface::setBuffersDimensions(this=0x7f9d616e00,w=1080,h=1920)
12-23 22:44:17.138 D/Surface ( 1992): Surface::setBuffersDimensions(this=0x7f33e59400,w=1080,h=1845)
12-23 22:44:17.152 D/Surface (  259): Surface::setBuffersDimensions(this=0x7f9d616e00,w=1080,h=1920)
12-23 22:44:17.155 D/Surface ( 1992): Surface::setBuffersDimensions(this=0x7f33e59400,w=1080,h=1845)
12-23 22:44:17.170 D/Surface (  259): Surface::setBuffersDimensions(this=0x7f9d616e00,w=1080,h=1920)
12-23 22:44:17.172 D/Surface ( 1992): Surface::setBuffersDimensions(this=0x7f33e59400,w=1080,h=1845)
12-23 22:44:17.188 D/Surface (  259): Surface::setBuffersDimensions(this=0x7f9d616e00,w=1080,h=1920)
12-23 22:44:17.191 D/Surface ( 1992): Surface::setBuffersDimensions(this=0x7f33e59400,w=1080,h=1845)
12-23 22:44:17.192 D/PerfServiceManager(  818): [PerfService] notifyFrameUpdate - bDuringTouchBoost:false 
12-23 22:44:17.205 D/Surface (  259): Surface::setBuffersDimensions(this=0x7f9d616e00,w=1080,h=1920)
12-23 22:44:17.209 D/Surface ( 1992): Surface::setBuffersDimensions(this=0x7f33e59400,w=1080,h=1845)
12-23 22:44:17.223 D/Surface (  259): Surface::setBuffersDimensions(this=0x7f9d616e00,w=1080,h=1920)
12-23 22:44:17.226 D/Surface ( 1992): Surface::setBuffersDimensions(this=0x7f33e59400,w=1080,h=1845)
12-23 22:44:17.240 D/Surface (  259): Surface::setBuffersDimensions(this=0x7f9d616e00,w=1080,h=1920)
12-23 22:44:17.243 D/Surface ( 1992): Surface::setBuffersDimensions(this=0x7f33e59400,w=1080,h=1845)
12-23 22:44:17.258 D/Surface (  259): Surface::setBuffersDimensions(this=0x7f9d616e00,w=1080,h=1920)
12-23 22:44:17.262 D/Surface ( 1992): Surface::setBuffersDimensions(this=0x7f33e59400,w=1080,h=1845)
12-23 22:44:17.276 D/Surface (  259): Surface::setBuffersDimensions(this=0x7f9d616e00,w=1080,h=1920)
12-23 22:44:17.278 D/Surface ( 1992): Surface::setBuffersDimensions(this=0x7f33e59400,w=1080,h=1845)
12-23 22:44:17.294 D/Surface (  259): Surface::setBuffersDimensions(this=0x7f9d616e00,w=1080,h=1920)
12-23 22:44:17.295 D/Surface ( 1992): Surface::setBuffersDimensions(this=0x7f33e59400,w=1080,h=1845)
12-23 22:44:17.311 D/Surface (  259): Surface::setBuffersDimensions(this=0x7f9d616e00,w=1080,h=1920)
12-23 22:44:17.315 D/Surface ( 1992): Surface::setBuffersDimensions(this=0x7f33e59400,w=1080,h=1845)
12-23 22:44:17.317 W/ADB_SERVICES( 3362): create_local_service_socket() name=shell:ps -C uiautomator
12-23 22:44:17.317 W/ADB_SERVICES( 3362): service_to_fd() name=shell:ps -C uiautomator
12-23 22:44:17.321 W/ADB_SERVICES( 3362): read_meminfo() mem_free=51124
12-23 22:44:17.322 W/ADB_SERVICES( 3362): create_subproc ret_fd=19 pid=11064
12-23 22:44:17.322 W/ADB_SERVICES( 3362): LS(42): bound to 'shell:ps -C uiautomator' via 19
12-23 22:44:17.328 D/Surface (  259): Surface::setBuffersDimensions(this=0x7f9d616e00,w=1080,h=1920)
12-23 22:44:17.333 D/Surface ( 1992): Surface::setBuffersDimensions(this=0x7f33e59400,w=1080,h=1845)
12-23 22:44:17.346 D/Surface (  259): Surface::setBuffersDimensions(this=0x7f9d616e00,w=1080,h=1920)
12-23 22:44:17.349 D/Surface ( 1992): Surface::setBuffersDimensions(this=0x7f33e59400,w=1080,h=1845)
12-23 22:44:17.362 D/Surface (  259): Surface::setBuffersDimensions(this=0x7f9d616e00,w=1080,h=1920)
12-23 22:44:17.368 D/Surface ( 1992): Surface::setBuffersDimensions(this=0x7f33e59400,w=1080,h=1845)
12-23 22:44:17.377 D/ADB_SERVICES( 3362):  closing because is_eof=1 r=-1 s->fde.force_eof=0
12-23 22:44:17.377 W/ADB_SERVICES( 3362): entered. LS(42) fd=19
12-23 22:44:17.380 D/Surface (  259): Surface::setBuffersDimensions(this=0x7f9d616e00,w=1080,h=1920)
12-23 22:44:17.383 D/Surface ( 1992): Surface::setBuffersDimensions(this=0x7f33e59400,w=1080,h=1845)
12-23 22:44:17.397 D/Surface (  259): Surface::setBuffersDimensions(this=0x7f9d616e00,w=1080,h=1920)
12-23 22:44:17.400 D/Surface ( 1992): Surface::setBuffersDimensions(this=0x7f33e59400,w=1080,h=1845)
12-23 22:44:17.415 D/Surface (  259): Surface::setBuffersDimensions(this=0x7f9d616e00,w=1080,h=1920)
12-23 22:44:17.416 D/Surface ( 1992): Surface::setBuffersDimensions(this=0x7f33e59400,w=1080,h=1845)
12-23 22:44:17.432 D/Surface (  259): Surface::setBuffersDimensions(this=0x7f9d616e00,w=1080,h=1920)
12-23 22:44:17.434 D/Surface ( 1992): Surface::setBuffersDimensions(this=0x7f33e59400,w=1080,h=1845)
12-23 22:44:17.450 D/Surface (  259): Surface::setBuffersDimensions(this=0x7f9d616e00,w=1080,h=1920)
12-23 22:44:17.451 D/Surface ( 1992): Surface::setBuffersDimensions(this=0x7f33e59400,w=1080,h=1845)
12-23 22:44:17.468 D/Surface (  259): Surface::setBuffersDimensions(this=0x7f9d616e00,w=1080,h=1920)
12-23 22:44:17.472 D/Surface ( 1992): Surface::setBuffersDimensions(this=0x7f33e59400,w=1080,h=1845)
12-23 22:44:17.485 D/Surface (  259): Surface::setBuffersDimensions(this=0x7f9d616e00,w=1080,h=1920)
12-23 22:44:17.486 D/Surface ( 1992): Surface::setBuffersDimensions(this=0x7f33e59400,w=1080,h=1845)
12-23 22:44:17.503 D/Surface (  259): Surface::setBuffersDimensions(this=0x7f9d616e00,w=1080,h=1920)
12-23 22:44:17.506 D/Surface ( 1992): Surface::setBuffersDimensions(this=0x7f33e59400,w=1080,h=1845)
12-23 22:44:17.520 D/Surface (  259): Surface::setBuffersDimensions(this=0x7f9d616e00,w=1080,h=1920)
12-23 22:44:17.522 D/Surface ( 1992): Surface::setBuffersDimensions(this=0x7f33e59400,w=1080,h=1845)
12-23 22:44:17.524 I/SurfaceFlinger(  259): [Built-in Screen (type:0)] fps:56.978767,dur:1000.37,max:19.21,min:14.19
12-23 22:44:17.538 D/Surface (  259): Surface::setBuffersDimensions(this=0x7f9d616e00,w=1080,h=1920)
12-23 22:44:17.541 D/Surface ( 1992): Surface::setBuffersDimensions(this=0x7f33e59400,w=1080,h=1845)
12-23 22:44:17.555 D/Surface (  259): Surface::setBuffersDimensions(this=0x7f9d616e00,w=1080,h=1920)
12-23 22:44:17.559 D/Surface ( 1992): Surface::setBuffersDimensions(this=0x7f33e59400,w=1080,h=1845)
12-23 22:44:17.573 D/Surface (  259): Surface::setBuffersDimensions(this=0x7f9d616e00,w=1080,h=1920)
12-23 22:44:17.577 D/Surface ( 1992): Surface::setBuffersDimensions(this=0x7f33e59400,w=1080,h=1845)
12-23 22:44:17.591 D/Surface (  259): Surface::setBuffersDimensions(this=0x7f9d616e00,w=1080,h=1920)
12-23 22:44:17.595 D/Surface ( 1992): Surface::setBuffersDimensions(this=0x7f33e59400,w=1080,h=1845)
12-23 22:44:17.595 D/PerfServiceManager(  818): [PerfService] notifyFrameUpdate - bDuringTouchBoost:false 
12-23 22:44:17.599 I/BufferQueueProducer(  259): [](this:0x7f9d6c6000,id:67,api:1,p:1992,c:259) queueBuffer: fps=55.82 dur=1003.17 max=51.19 min=4.80
12-23 22:44:17.608 D/Surface (  259): Surface::setBuffersDimensions(this=0x7f9d616e00,w=1080,h=1920)
12-23 22:44:17.614 D/Surface ( 1992): Surface::setBuffersDimensions(this=0x7f33e59400,w=1080,h=1845)
12-23 22:44:17.626 D/Surface (  259): Surface::setBuffersDimensions(this=0x7f9d616e00,w=1080,h=1920)
12-23 22:44:17.630 D/Surface ( 1992): Surface::setBuffersDimensions(this=0x7f33e59400,w=1080,h=1845)
12-23 22:44:17.643 D/Surface (  259): Surface::setBuffersDimensions(this=0x7f9d616e00,w=1080,h=1920)
12-23 22:44:17.646 D/Surface ( 1992): Surface::setBuffersDimensions(this=0x7f33e59400,w=1080,h=1845)
12-23 22:44:17.660 D/Surface (  259): Surface::setBuffersDimensions(this=0x7f9d616e00,w=1080,h=1920)
12-23 22:44:17.662 D/Surface ( 1992): Surface::setBuffersDimensions(this=0x7f33e59400,w=1080,h=1845)
12-23 22:44:17.678 D/Surface (  259): Surface::setBuffersDimensions(this=0x7f9d616e00,w=1080,h=1920)
12-23 22:44:17.682 D/Surface ( 1992): Surface::setBuffersDimensions(this=0x7f33e59400,w=1080,h=1845)
12-23 22:44:17.693 V/AlarmManager(  818): Checking for alarms... rtc=1514040257693, elapsed=13546493
12-23 22:44:17.693 D/AlarmManager(  818): set alarm to RTC 13601214
12-23 22:44:17.693 D/AlarmManager(  818): wakeup alarm = Alarm{22c5fbee type 0 when 1514040257693 com.muzhiwan.gsfinstaller}; package = com.muzhiwan.gsfinstallerneedGrouping = false
12-23 22:44:17.693 V/ActivityManager(  818): Broadcast: Intent { act=AlarmTaskSchedule2ab0a75a flg=0x114 (has extras) } ordered=true userid=0 callerApp=null
12-23 22:44:17.694 V/AlarmManager(  818): sending alarm Alarm{22c5fbee type 0 when 1514040257693 com.muzhiwan.gsfinstaller} success
12-23 22:44:17.694 I/libPerfService(  818): perfSetFavorPid - pid:1714, 6b2
12-23 22:44:17.694 D/PowerManagerService(  818): acquireWakeLockInternal: lock=545095391, flags=0x1, tag="*alarm*", ws=WorkSource{10725}, uid=1000, pid=818
12-23 22:44:17.694 D/PowerManagerService(  818): updateWakeLockSummaryLocked: mWakefulness=Awake, mWakeLockSummary=0x1
12-23 22:44:17.694 D/PowerManagerService(  818): updateUserActivitySummaryLocked: mWakefulness=Awake, mUserActivitySummary=0x1, nextTimeout=14194540 (in 771464 ms)
12-23 22:44:17.696 D/Surface (  259): Surface::setBuffersDimensions(this=0x7f9d616e00,w=1080,h=1920)
12-23 22:44:17.694 D/PowerManagerService(  818): mDisplayPowerRequest.policy = 3
12-23 22:44:17.694 D/WifiDisplayAdapter(  818): getWifiDisplayStatusLocked: result=WifiDisplayStatus{featureState=2, scanState=0, activeDisplayState=0, activeDisplay=null, displays=[], sessionInfo=WifiDisplaySessionInfo: C/O:Client,GId:,Pp:,SId:0,IP:}
12-23 22:44:17.694 D/PowerManagerService(  818): isWfdEnabled() mWfdStatus=WifiDisplayStatus{featureState=2, scanState=0, activeDisplayState=0, activeDisplay=null, displays=[], sessionInfo=WifiDisplaySessionInfo: C/O:Client,GId:,Pp:,SId:0,IP:}, return false
12-23 22:44:17.694 D/DisplayPowerController(  818): requestPowerState: policy=BRIGHT, useProximitySensor=false, screenBrightness=80, screenAutoBrightnessAdjustment=0.98, useAutoBrightness=true, blockScreenOn=false, lowPowerMode=false, boostScreenBrightness=false, dozeScreenBrightness=-1, dozeScreenState=UNKNOWN, waitForNegativeProximity=false
12-23 22:44:17.694 I/PowerManagerService(  818): setBrightness mButtonLight 0.
12-23 22:44:17.694 D/PowerManagerService(  818): updateDisplayPowerStateLocked: mDisplayReady=true, policy=3, mWakefulness=1, mWakeLockSummary=0x1, mUserActivitySummary=0x1, mBootCompleted=true, mScreenBrightnessBoostInProgress=false
12-23 22:44:17.694 D/PowerManagerService(  818): Acquiring suspend blocker "PowerManagerService.WakeLocks".
12-23 22:44:17.694 D/PowerManagerNotifier(  818): onWakeLockAcquired: flags=1, tag="*alarm*", packageName=android, ownerUid=1000, ownerPid=818, workSource=WorkSource{10725}
12-23 22:44:17.698 D/Surface ( 1992): Surface::setBuffersDimensions(this=0x7f33e59400,w=1080,h=1845)
12-23 22:44:17.698 D/PowerManagerService(  818): acquireWakeLockInternal: lock=690157711, flags=0x1, tag="Tina TaskService Schedule", ws=null, uid=10725, pid=5652
12-23 22:44:17.698 D/PowerManagerService(  818): updateWakeLockSummaryLocked: mWakefulness=Awake, mWakeLockSummary=0x1
12-23 22:44:17.698 D/PowerManagerService(  818): updateUserActivitySummaryLocked: mWakefulness=Awake, mUserActivitySummary=0x1, nextTimeout=14194540 (in 771460 ms)
12-23 22:44:17.698 D/PowerManagerService(  818): mDisplayPowerRequest.policy = 3
12-23 22:44:17.699 D/WifiDisplayAdapter(  818): getWifiDisplayStatusLocked: result=WifiDisplayStatus{featureState=2, scanState=0, activeDisplayState=0, activeDisplay=null, displays=[], sessionInfo=WifiDisplaySessionInfo: C/O:Client,GId:,Pp:,SId:0,IP:}
12-23 22:44:17.699 D/PowerManagerService(  818): isWfdEnabled() mWfdStatus=WifiDisplayStatus{featureState=2, scanState=0, activeDisplayState=0, activeDisplay=null, displays=[], sessionInfo=WifiDisplaySessionInfo: C/O:Client,GId:,Pp:,SId:0,IP:}, return false
12-23 22:44:17.699 D/DisplayPowerController(  818): requestPowerState: policy=BRIGHT, useProximitySensor=false, screenBrightness=80, screenAutoBrightnessAdjustment=0.98, useAutoBrightness=true, blockScreenOn=false, lowPowerMode=false, boostScreenBrightness=false, dozeScreenBrightness=-1, dozeScreenState=UNKNOWN, waitForNegativeProximity=false
12-23 22:44:17.699 I/PowerManagerService(  818): setBrightness mButtonLight 0.
12-23 22:44:17.700 D/PowerManagerService(  818): updateDisplayPowerStateLocked: mDisplayReady=true, policy=3, mWakefulness=1, mWakeLockSummary=0x1, mUserActivitySummary=0x1, mBootCompleted=true, mScreenBrightnessBoostInProgress=false
12-23 22:44:17.700 D/PowerManagerNotifier(  818): onWakeLockAcquired: flags=1, tag="Tina TaskService Schedule", packageName=com.muzhiwan.gsfinstaller, ownerUid=10725, ownerPid=5652, workSource=null
12-23 22:44:17.703 D/ActivityThread( 5652): BDC-Calling finishReceiver: IIntentReceiver=22771b0c
12-23 22:44:17.703 D/AlarmManager(  818): onSendFinished begin
12-23 22:44:17.703 I/libPerfService(  818): perfSetFavorPid - pid:1714, 6b2
12-23 22:44:17.704 D/PowerManagerService(  818): releaseWakeLockInternal: lock=545095391 [*alarm*], flags=0x0, total_time=9ms
12-23 22:44:17.704 D/PowerManagerNotifier(  818): onWakeLockReleased: flags=1, tag="*alarm*", packageName=android, ownerUid=1000, ownerPid=818, workSource=WorkSource{10725}
12-23 22:44:17.704 D/PowerManagerService(  818): updateWakeLockSummaryLocked: mWakefulness=Awake, mWakeLockSummary=0x1
12-23 22:44:17.704 D/PowerManagerService(  818): updateUserActivitySummaryLocked: mWakefulness=Awake, mUserActivitySummary=0x1, nextTimeout=14194540 (in 771454 ms)
12-23 22:44:17.704 D/PowerManagerService(  818): mDisplayPowerRequest.policy = 3
12-23 22:44:17.705 D/WifiDisplayAdapter(  818): getWifiDisplayStatusLocked: result=WifiDisplayStatus{featureState=2, scanState=0, activeDisplayState=0, activeDisplay=null, displays=[], sessionInfo=WifiDisplaySessionInfo: C/O:Client,GId:,Pp:,SId:0,IP:}
12-23 22:44:17.705 D/PowerManagerService(  818): isWfdEnabled() mWfdStatus=WifiDisplayStatus{featureState=2, scanState=0, activeDisplayState=0, activeDisplay=null, displays=[], sessionInfo=WifiDisplaySessionInfo: C/O:Client,GId:,Pp:,SId:0,IP:}, return false
12-23 22:44:17.705 D/DisplayPowerController(  818): requestPowerState: policy=BRIGHT, useProximitySensor=false, screenBrightness=80, screenAutoBrightnessAdjustment=0.98, useAutoBrightness=true, blockScreenOn=false, lowPowerMode=false, boostScreenBrightness=false, dozeScreenBrightness=-1, dozeScreenState=UNKNOWN, waitForNegativeProximity=false
12-23 22:44:17.705 I/PowerManagerService(  818): setBrightness mButtonLight 0.
12-23 22:44:17.705 D/PowerManagerService(  818): updateDisplayPowerStateLocked: mDisplayReady=true, policy=3, mWakefulness=1, mWakeLockSummary=0x1, mUserActivitySummary=0x1, mBootCompleted=true, mScreenBrightnessBoostInProgress=false
12-23 22:44:17.708 I/libPerfService(  818): perfSetFavorPid - pid:1714, 6b2
12-23 22:44:17.711 I/System.out( 5652): [CDS]SO_LINGER:true/0
12-23 22:44:17.711 I/System.out( 5652): [CDS]IoBridge->SO_LINGER: l_onoff: 1 ; l_linger: 0
12-23 22:44:17.711 I/System.out( 5652): [CDS]rx timeout:900000
12-23 22:44:17.714 D/Surface (  259): Surface::setBuffersDimensions(this=0x7f9d616e00,w=1080,h=1920)
12-23 22:44:17.720 V/AlarmManager(  818): APP set(PendingIntent{3939971c: PendingIntentRecord{25380f25 com.muzhiwan.gsfinstaller broadcastIntent}}) : type=0 triggerAtTime=1514040270706 win=-1 tElapsed=13559506 maxElapsed=13569246 interval=0 standalone=false
12-23 22:44:17.720 D/AlarmManager(  818):  whichBatch = -2
12-23 22:44:17.720 D/AlarmManager(  818): set alarm to RTC 13559506
12-23 22:44:17.722 D/PowerManagerService(  818): releaseWakeLockInternal: lock=690157711 [Tina TaskService Schedule], flags=0x0, total_time=24ms
12-23 22:44:17.722 D/PowerManagerNotifier(  818): onWakeLockReleased: flags=1, tag="Tina TaskService Schedule", packageName=com.muzhiwan.gsfinstaller, ownerUid=10725, ownerPid=5652, workSource=null
12-23 22:44:17.722 D/PowerManagerService(  818): updateWakeLockSummaryLocked: mWakefulness=Awake, mWakeLockSummary=0x0
12-23 22:44:17.722 D/PowerManagerService(  818): updateUserActivitySummaryLocked: mWakefulness=Awake, mUserActivitySummary=0x1, nextTimeout=14194540 (in 771436 ms)
12-23 22:44:17.722 D/PowerManagerService(  818): mDisplayPowerRequest.policy = 3
12-23 22:44:17.722 D/WifiDisplayAdapter(  818): getWifiDisplayStatusLocked: result=WifiDisplayStatus{featureState=2, scanState=0, activeDisplayState=0, activeDisplay=null, displays=[], sessionInfo=WifiDisplaySessionInfo: C/O:Client,GId:,Pp:,SId:0,IP:}
12-23 22:44:17.723 D/PowerManagerService(  818): isWfdEnabled() mWfdStatus=WifiDisplayStatus{featureState=2, scanState=0, activeDisplayState=0, activeDisplay=null, displays=[], sessionInfo=WifiDisplaySessionInfo: C/O:Client,GId:,Pp:,SId:0,IP:}, return false
12-23 22:44:17.723 D/DisplayPowerController(  818): requestPowerState: policy=BRIGHT, useProximitySensor=false, screenBrightness=80, screenAutoBrightnessAdjustment=0.98, useAutoBrightness=true, blockScreenOn=false, lowPowerMode=false, boostScreenBrightness=false, dozeScreenBrightness=-1, dozeScreenState=UNKNOWN, waitForNegativeProximity=false
12-23 22:44:17.723 I/PowerManagerService(  818): setBrightness mButtonLight 0.
12-23 22:44:17.723 D/PowerManagerService(  818): updateDisplayPowerStateLocked: mDisplayReady=true, policy=3, mWakefulness=1, mWakeLockSummary=0x0, mUserActivitySummary=0x1, mBootCompleted=true, mScreenBrightnessBoostInProgress=false
12-23 22:44:17.723 D/PowerManagerService(  818): Releasing suspend blocker "PowerManagerService.WakeLocks".
12-23 22:44:17.725 I/System.out( 5652): [CDS][DNS] getAllByNameImpl netId = 0
12-23 22:44:17.725 D/libc-netbsd( 5652): [getaddrinfo]: hostname=client.smartpush.im; servname=(null); cache_mode=(null), netid=0; mark=0
12-23 22:44:17.725 D/libc-netbsd( 5652): [getaddrinfo]: ai_addrlen=0; ai_canonname=(null); ai_flags=4; ai_family=0
12-23 22:44:17.726 D/libc-netbsd( 5652): [getaddrinfo]: hostname=client.smartpush.im; servname=(null); cache_mode=(null), netid=0; mark=0
12-23 22:44:17.726 D/libc-netbsd( 5652): [getaddrinfo]: ai_addrlen=0; ai_canonname=(null); ai_flags=1024; ai_family=0
12-23 22:44:17.726 D/FrameworkListener(  287): dispatchCommand data = (getaddrinfo client.smartpush.im ^ 1024 0 1 0 0)
12-23 22:44:17.727 D/libc-netbsd(  287): [getaddrinfo]: hostname=client.smartpush.im; servname=(null); cache_mode=local, netid=101; mark=917605
12-23 22:44:17.727 D/libc-netbsd(  287): [getaddrinfo]: ai_addrlen=0; ai_canonname=(null); ai_flags=1024; ai_family=0
12-23 22:44:17.727 D/libc-netbsd(  287): default dns: query_ipv6=0, query_ipv4=1
12-23 22:44:17.727 D/libc-netbsd(  287): res_queryN name = client.smartpush.im, class = 1, type = 1
12-23 22:44:17.727 D/libc-netbsd(  287): res_queryN name = client.smartpush.im succeed
12-23 22:44:17.728 D/SocketClient(  287): SocketClient sendData done: 222
12-23 22:44:17.728 D/SocketClient(  287): SocketClient sendData done: 
12-23 22:44:17.728 D/SocketClient(  287): SocketClient sendData done: 
12-23 22:44:17.728 D/SocketClient(  287): SocketClient sendData done: 
12-23 22:44:17.728 D/SocketClient(  287): SocketClient sendData done: 
12-23 22:44:17.728 D/SocketClient(  287): SocketClient sendData done: 
12-23 22:44:17.728 D/SocketClient(  287): SocketClient sendData done: 
12-23 22:44:17.728 D/SocketClient(  287): SocketClient sendData done: 
12-23 22:44:17.728 D/SocketClient(  287): SocketClient sendData done: 
12-23 22:44:17.728 D/SocketClient(  287): SocketClient sendData done: 
12-23 22:44:17.728 D/SocketClient(  287): SocketClient sendData done: 
12-23 22:44:17.728 D/SocketClient(  287): SocketClient sendData done: 
12-23 22:44:17.728 D/libc-netbsd( 5652): getaddrinfo: client.smartpush.im get result from proxy >>
12-23 22:44:17.729 I/System.out( 5652): propertyValue:false
12-23 22:44:17.729 I/System.out( 5652): [CDS]SO_LINGER:true/0
12-23 22:44:17.729 I/System.out( 5652): [CDS]IoBridge->SO_LINGER: l_onoff: 1 ; l_linger: 0
12-23 22:44:17.729 I/System.out( 5652): [CDS]rx timeout:900000
12-23 22:44:17.729 I/System.out( 5652): [CDS]connect[client.smartpush.im/101.71.11.229:5226] tm:90
12-23 22:44:17.729 D/SocketClient(  287): SocketClient sendData done: 
12-23 22:44:17.730 D/Posix   ( 5652): [Posix_connect Debug]Process com.tgx.sdk.push.com.muzhiwan.gsfinstaller.Master :5226 
12-23 22:44:17.731 D/Surface (  259): Surface::setBuffersDimensions(this=0x7f9d616e00,w=1080,h=1920)
12-23 22:44:17.735 D/Surface ( 1992): Surface::setBuffersDimensions(this=0x7f33e59400,w=1080,h=1845)
12-23 22:44:17.742 D/Surface ( 1992): Surface::setBuffersDimensions(this=0x7f33e59400,w=1080,h=1845)
12-23 22:44:17.749 D/Surface (  259): Surface::setBuffersDimensions(this=0x7f9d616e00,w=1080,h=1920)
12-23 22:44:17.751 D/Surface ( 1992): Surface::setBuffersDimensions(this=0x7f33e59400,w=1080,h=1845)
12-23 22:44:17.761 E/WifiTrafficPoller(  818): TRAFFIC_STATS_POLL true Token 29 num clients 26
12-23 22:44:17.762 E/WifiTrafficPoller(  818):  packet count Tx=145575 Rx=169260
12-23 22:44:17.762 E/WifiTrafficPoller(  818): notifying of data activity 2
12-23 22:44:17.763 D/NetworkController.WifiSignalController( 1143): setActivity: wifiActivity= 2
12-23 22:44:17.763 D/NetworkController.WifiSignalController( 1143): isDirty : false
12-23 22:44:17.764 D/NetworkController.WifiSignalController( 1143): Change in state from: connected=true,enabled=true,level=4,inetCondition=1,iconGroup=IconGroup(Wi-Fi Icons),activityIn=false,activityOut=false,rssi=-45,networkType=null,showDataActivityIcon=false,lastModified=12-23 10:44:16,ssid="PHICOMM_test_1"
12-23 22:44:17.764 D/NetworkController.WifiSignalController( 1143): 	to: connected=true,enabled=true,level=4,inetCondition=1,iconGroup=IconGroup(Wi-Fi Icons),activityIn=false,activityOut=true,rssi=-45,networkType=null,showDataActivityIcon=false,lastModified=12-23 10:44:16,ssid="PHICOMM_test_1"
12-23 22:44:17.764 D/NetworkController.WifiSignalController( 1143): Wifi notifyListeners: level= 4, wifiActivity= 2
12-23 22:44:17.764 D/SignalClusterView( 1143): setWifiIndicators, visible=true, strengthIcon=2130837932, contentDescription=WLAN信号满格。
12-23 22:44:17.764 D/SignalClusterView( 1143): apply() PhoneState state : []
12-23 22:44:17.764 D/SignalClusterView( 1143): mNoSims.setVisibility: true
12-23 22:44:17.764 D/BaseSignalClusterExt( 1143): apply(), state == null
12-23 22:44:17.764 D/BaseSignalClusterExt( 1143): apply(), state == null
12-23 22:44:17.764 D/NetworkController.WifiSignalController( 1143): Wifi notifyListeners: level= 4, wifiActivity= 2
12-23 22:44:17.764 D/SignalClusterView( 1143): setWifiIndicators, visible=true, strengthIcon=2130837932, contentDescription=WLAN信号满格。
12-23 22:44:17.764 D/SignalClusterView( 1143): apply() PhoneState state : []
12-23 22:44:17.764 D/SignalClusterView( 1143): mNoSims.setVisibility: true
12-23 22:44:17.764 D/BaseSignalClusterExt( 1143): apply(), state == null
12-23 22:44:17.764 D/BaseSignalClusterExt( 1143): apply(), state == null
12-23 22:44:17.764 D/NetworkController.WifiSignalController( 1143): Wifi notifyListeners: level= 4, wifiActivity= 2
12-23 22:44:17.764 D/SignalClusterView( 1143): setWifiIndicators, visible=true, strengthIcon=2130837932, contentDescription=WLAN信号满格。
12-23 22:44:17.764 D/SignalClusterView( 1143): apply() PhoneState state : []
12-23 22:44:17.764 D/SignalClusterView( 1143): mNoSims.setVisibility: true
12-23 22:44:17.764 D/BaseSignalClusterExt( 1143): apply(), state == null
12-23 22:44:17.764 D/BaseSignalClusterExt( 1143): apply(), state == null
12-23 22:44:17.767 D/Surface (  259): Surface::setBuffersDimensions(this=0x7f9d616e00,w=1080,h=1920)
12-23 22:44:17.769 V/SettingsInterface( 1691):  from settings cache , name = multi_sim_data_call , value = -1
12-23 22:44:17.770 E/NetworkController( 1143): No data sim selected
12-23 22:44:17.771 D/DefaultStatusBarPlmnPlugin( 1143): into updateCarrierLabel, slotId=0, isSimInserted=false, isHasSimService=false
12-23 22:44:17.771 D/DefaultStatusBarPlmnPlugin( 1143): into updateCarrierLabel, slotId=1, isSimInserted=false, isHasSimService=false
12-23 22:44:17.771 D/Surface ( 1992): Surface::setBuffersDimensions(this=0x7f33e59400,w=1080,h=1845)
12-23 22:44:17.775 D/PerfServiceManager(  818): [PerfService] notifyFrameUpdate - bDuringTouchBoost:false 
12-23 22:44:17.775 D/Surface ( 1143): Surface::setBuffersDimensions(this=0x7f82229600,w=1080,h=75)
12-23 22:44:17.785 D/Surface (  259): Surface::setBuffersDimensions(this=0x7f9d616e00,w=1080,h=1920)
12-23 22:44:17.788 D/Surface ( 1992): Surface::setBuffersDimensions(this=0x7f33e59400,w=1080,h=1845)
12-23 22:44:17.801 D/Surface (  259): Surface::setBuffersDimensions(this=0x7f9d616e00,w=1080,h=1920)
12-23 22:44:17.802 D/Surface ( 1992): Surface::setBuffersDimensions(this=0x7f33e59400,w=1080,h=1845)
12-23 22:44:17.818 D/Surface (  259): Surface::setBuffersDimensions(this=0x7f9d616e00,w=1080,h=1920)
12-23 22:44:17.821 D/Surface ( 1992): Surface::setBuffersDimensions(this=0x7f33e59400,w=1080,h=1845)
12-23 22:44:17.836 D/Surface (  259): Surface::setBuffersDimensions(this=0x7f9d616e00,w=1080,h=1920)
12-23 22:44:17.839 D/Surface ( 1992): Surface::setBuffersDimensions(this=0x7f33e59400,w=1080,h=1845)
12-23 22:44:17.853 D/Surface (  259): Surface::setBuffersDimensions(this=0x7f9d616e00,w=1080,h=1920)
12-23 22:44:17.855 D/Surface ( 1992): Surface::setBuffersDimensions(this=0x7f33e59400,w=1080,h=1845)
12-23 22:44:17.871 D/Surface (  259): Surface::setBuffersDimensions(this=0x7f9d616e00,w=1080,h=1920)
12-23 22:44:17.874 D/Surface ( 1992): Surface::setBuffersDimensions(this=0x7f33e59400,w=1080,h=1845)
12-23 22:44:17.890 D/Surface (  259): Surface::setBuffersDimensions(this=0x7f9d616e00,w=1080,h=1920)
12-23 22:44:17.893 D/Surface ( 1992): Surface::setBuffersDimensions(this=0x7f33e59400,w=1080,h=1845)
12-23 22:44:17.907 D/Surface (  259): Surface::setBuffersDimensions(this=0x7f9d616e00,w=1080,h=1920)
12-23 22:44:17.916 D/Surface ( 1992): Surface::setBuffersDimensions(this=0x7f33e59400,w=1080,h=1845)
12-23 22:44:17.927 D/Surface (  259): Surface::setBuffersDimensions(this=0x7f9d616e00,w=1080,h=1920)
12-23 22:44:17.942 D/Surface (  259): Surface::setBuffersDimensions(this=0x7f9d616e00,w=1080,h=1920)
12-23 22:44:17.946 D/Surface ( 1992): Surface::setBuffersDimensions(this=0x7f33e59400,w=1080,h=1845)
12-23 22:44:17.960 D/Surface (  259): Surface::setBuffersDimensions(this=0x7f9d616e00,w=1080,h=1920)
12-23 22:44:17.961 D/Surface ( 1992): Surface::setBuffersDimensions(this=0x7f33e59400,w=1080,h=1845)
12-23 22:44:17.962 I/BufferQueueProducer(  259): [FrameBufferSurface_0](this:0x7f9d594000,id:0,api:1,p:259,c:259) queueBuffer: fps=57.03 dur=1016.98 max=19.61 min=14.17
12-23 22:44:17.968 D/UTAnalytics:CommitTask( 1342): pid:1342 check&commit event:65503,
12-23 22:44:17.968 D/UTAnalytics:CommitTask( 1342): pid:1342 check&commit event:65502,
12-23 22:44:17.968 D/UTAnalytics:CommitTask( 1342): pid:1342 next:65503,
12-23 22:44:17.969 D/UTAnalytics:CommitTask( 1342): pid:1342 next:65502,
12-23 22:44:17.977 D/Surface (  259): Surface::setBuffersDimensions(this=0x7f9d616e00,w=1080,h=1920)
12-23 22:44:17.978 D/Surface ( 1992): Surface::setBuffersDimensions(this=0x7f33e59400,w=1080,h=1845)
12-23 22:44:17.995 D/Surface (  259): Surface::setBuffersDimensions(this=0x7f9d616e00,w=1080,h=1920)
12-23 22:44:17.998 D/Surface ( 1992): Surface::setBuffersDimensions(this=0x7f33e59400,w=1080,h=1845)
12-23 22:44:17.998 D/PerfServiceManager(  818): [PerfService] notifyFrameUpdate - bDuringTouchBoost:false 
12-23 22:44:18.012 D/Surface (  259): Surface::setBuffersDimensions(this=0x7f9d616e00,w=1080,h=1920)
12-23 22:44:18.013 D/Surface ( 1992): Surface::setBuffersDimensions(this=0x7f33e59400,w=1080,h=1845)
12-23 22:44:18.030 D/Surface (  259): Surface::setBuffersDimensions(this=0x7f9d616e00,w=1080,h=1920)
12-23 22:44:18.032 D/Surface ( 1992): Surface::setBuffersDimensions(this=0x7f33e59400,w=1080,h=1845)
12-23 22:44:18.037 E/WifiStateMachine(  818):  ConnectedState (when=-4ms what=131155 arg1=7!CMD_RSSI_POLL 7 0 "PHICOMM_test_1" 34:bd:f9:4d:b8:88 rssi=-45 f=2432 sc=60 link=65 tx=5.9, 0.0, 0.0  rx=4.2 bcn=0 [on:0 tx:0 rx:0 period:3005] from screen [on:0 period:-2083197451] gl hn u24 rssi=-40 ag=0 hr ticks 0,0,0 ls-=0 [56,56,60,60,65] brc=0 lrc=0
12-23 22:44:18.040 E/WifiStateMachine(  818):  L2ConnectedState (when=-9ms what=131155 arg1=7!CMD_RSSI_POLL 7 0 "PHICOMM_test_1" 34:bd:f9:4d:b8:88 rssi=-45 f=2432 sc=60 link=65 tx=5.9, 0.0, 0.0  rx=4.2 bcn=0 [on:0 tx:0 rx:0 period:3] from screen [on:0 period:-2083197448] gl hn u24 rssi=-40 ag=0 hr ticks 0,0,0 ls-=0 [56,56,60,60,65] brc=0 lrc=0
12-23 22:44:18.040 E/WifiStateMachine(  818):  get link layer stats 0
12-23 22:44:18.041 D/WifiHW  (  818): enter -->wifi_send_command cmd=IFNAME=wlan0 SIGNAL_POLL
12-23 22:44:18.042 D/wpa_supplicant( 1374): wlan0: Control interface command 'SIGNAL_POLL'
12-23 22:44:18.044 D/WifiHW  (  818): leave --> reply=RSSI=-45
12-23 22:44:18.044 D/WifiHW  (  818): LINKSPEED=65
12-23 22:44:18.044 D/WifiHW  (  818): NOISE=9999
12-23 22:44:18.044 D/WifiHW  (  818): FREQUENCY=2432
12-23 22:44:18.044 D/WifiHW  (  818): 
12-23 22:44:18.044 I/WifiStateMachine(  818): fetchRssiLinkSpeedAndFrequencyNative, newRssi:-45, newLinkSpeed:65, SSID:"PHICOMM_test_1"
12-23 22:44:18.044 D/WifiStateMachine(  818): mLastSignalLevel:4, newSignalLevel:4
12-23 22:44:18.044 E/WifiConfigStore(  818): updateConfiguration freq=2432 BSSID=34:bd:f9:4d:b8:88 RSSI=-44 "PHICOMM_test_1"WPA_PSK
12-23 22:44:18.045 V/ActivityManager(  818): Broadcast sticky: Intent { act=android.net.wifi.RSSI_CHANGED flg=0x4000010 (has extras) } ordered=false userid=-1 callerApp=ProcessRecord{15ee6852 818:system/1000}
12-23 22:44:18.046 D/WifiWatchdogStateMachine(  818): RSSI current: 4 new: -45, 4
12-23 22:44:18.046 D/NetworkController( 1143): onReceive: intent=Intent { act=android.net.wifi.RSSI_CHANGED flg=0x4000010 (has extras) }
12-23 22:44:18.046 D/NetworkController.WifiSignalController( 1143): isDirty : false
12-23 22:44:18.048 D/Surface (  259): Surface::setBuffersDimensions(this=0x7f9d616e00,w=1080,h=1920)
12-23 22:44:18.054 D/Surface ( 1992): Surface::setBuffersDimensions(this=0x7f33e59400,w=1080,h=1845)
12-23 22:44:18.065 D/Surface (  259): Surface::setBuffersDimensions(this=0x7f9d616e00,w=1080,h=1920)
12-23 22:44:18.066 D/Surface ( 1992): Surface::setBuffersDimensions(this=0x7f33e59400,w=1080,h=1845)
12-23 22:44:18.082 D/Surface (  259): Surface::setBuffersDimensions(this=0x7f9d616e00,w=1080,h=1920)
12-23 22:44:18.084 D/Surface ( 1992): Surface::setBuffersDimensions(this=0x7f33e59400,w=1080,h=1845)
12-23 22:44:18.100 D/Surface (  259): Surface::setBuffersDimensions(this=0x7f9d616e00,w=1080,h=1920)
12-23 22:44:18.102 D/Surface ( 1992): Surface::setBuffersDimensions(this=0x7f33e59400,w=1080,h=1845)
12-23 22:44:18.118 D/Surface (  259): Surface::setBuffersDimensions(this=0x7f9d616e00,w=1080,h=1920)
12-23 22:44:18.118 D/Surface ( 1992): Surface::setBuffersDimensions(this=0x7f33e59400,w=1080,h=1845)
12-23 22:44:18.135 D/Surface (  259): Surface::setBuffersDimensions(this=0x7f9d616e00,w=1080,h=1920)
12-23 22:44:18.138 D/Surface ( 1992): Surface::setBuffersDimensions(this=0x7f33e59400,w=1080,h=1845)
12-23 22:44:18.153 D/Surface (  259): Surface::setBuffersDimensions(this=0x7f9d616e00,w=1080,h=1920)
12-23 22:44:18.154 D/Surface ( 1992): Surface::setBuffersDimensions(this=0x7f33e59400,w=1080,h=1845)
12-23 22:44:18.170 D/Surface (  259): Surface::setBuffersDimensions(this=0x7f9d616e00,w=1080,h=1920)
12-23 22:44:18.175 D/Surface ( 1992): Surface::setBuffersDimensions(this=0x7f33e59400,w=1080,h=1845)
12-23 22:44:18.188 D/Surface (  259): Surface::setBuffersDimensions(this=0x7f9d616e00,w=1080,h=1920)
12-23 22:44:18.190 D/Surface ( 1992): Surface::setBuffersDimensions(this=0x7f33e59400,w=1080,h=1845)
12-23 22:44:18.206 D/Surface (  259): Surface::setBuffersDimensions(this=0x7f9d616e00,w=1080,h=1920)
12-23 22:44:18.206 D/Surface ( 1992): Surface::setBuffersDimensions(this=0x7f33e59400,w=1080,h=1845)
12-23 22:44:18.223 D/Surface (  259): Surface::setBuffersDimensions(this=0x7f9d616e00,w=1080,h=1920)
12-23 22:44:18.225 D/Surface ( 1992): Surface::setBuffersDimensions(this=0x7f33e59400,w=1080,h=1845)
12-23 22:44:18.227 W/ADB_SERVICES( 3362): create_local_service_socket() name=shell:getprop ro.build.version.sdk
12-23 22:44:18.227 W/ADB_SERVICES( 3362): service_to_fd() name=shell:getprop ro.build.version.sdk
12-23 22:44:18.231 W/ADB_SERVICES( 3362): read_meminfo() mem_free=50572
12-23 22:44:18.232 W/ADB_SERVICES( 3362): create_subproc ret_fd=19 pid=11067
12-23 22:44:18.232 W/ADB_SERVICES( 3362): LS(43): bound to 'shell:getprop ro.build.version.sdk' via 19
12-23 22:44:18.241 D/Surface (  259): Surface::setBuffersDimensions(this=0x7f9d616e00,w=1080,h=1920)
12-23 22:44:18.245 D/Surface ( 1992): Surface::setBuffersDimensions(this=0x7f33e59400,w=1080,h=1845)
12-23 22:44:18.258 D/Surface (  259): Surface::setBuffersDimensions(this=0x7f9d616e00,w=1080,h=1920)
12-23 22:44:18.262 D/Surface ( 1992): Surface::setBuffersDimensions(this=0x7f33e59400,w=1080,h=1845)
12-23 22:44:18.264 D/ADB_SERVICES( 3362):  closing because is_eof=1 r=-1 s->fde.force_eof=0
12-23 22:44:18.264 W/ADB_SERVICES( 3362): entered. LS(43) fd=19
12-23 22:44:18.275 D/Surface (  259): Surface::setBuffersDimensions(this=0x7f9d616e00,w=1080,h=1920)
12-23 22:44:18.277 D/Surface ( 1992): Surface::setBuffersDimensions(this=0x7f33e59400,w=1080,h=1845)
12-23 22:44:18.293 D/Surface (  259): Surface::setBuffersDimensions(this=0x7f9d616e00,w=1080,h=1920)
12-23 22:44:18.293 D/Surface ( 1992): Surface::setBuffersDimensions(this=0x7f33e59400,w=1080,h=1845)
12-23 22:44:18.310 D/Surface (  259): Surface::setBuffersDimensions(this=0x7f9d616e00,w=1080,h=1920)
12-23 22:44:18.316 D/Surface ( 1992): Surface::setBuffersDimensions(this=0x7f33e59400,w=1080,h=1845)
12-23 22:44:18.328 D/Surface (  259): Surface::setBuffersDimensions(this=0x7f9d616e00,w=1080,h=1920)
12-23 22:44:18.329 D/Surface ( 1992): Surface::setBuffersDimensions(this=0x7f33e59400,w=1080,h=1845)
12-23 22:44:18.345 D/Surface (  259): Surface::setBuffersDimensions(this=0x7f9d616e00,w=1080,h=1920)
12-23 22:44:18.348 D/Surface ( 1992): Surface::setBuffersDimensions(this=0x7f33e59400,w=1080,h=1845)
