12-23 22:44:21.059 D/wpa_supplicant( 1374): CTRL_IFACE monitor sent successfully to /data/misc/wifi/sockets/wpa_ctrl_818-2\x00
12-23 22:44:21.059 D/wpa_supplicant( 1374): wlan0: BSS: Remove id 2118 BSSID d8:15:0d:cf:09:6c SSID 'FAST_CF096C' due to wpa_bss_flush_by_age
12-23 22:44:21.059 D/wpa_supplicant( 1374): CTRL_IFACE monitor sent successfully to /data/misc/wifi/sockets/wpa_ctrl_818-2\x00
12-23 22:44:21.059 D/wpa_supplicant( 1374): wlan0: BSS: Remove id 2119 BSSID 50:bd:5f:48:a5:78 SSID 'TP-LINK_A578' due to wpa_bss_flush_by_age
12-23 22:44:21.059 D/wpa_supplicant( 1374): CTRL_IFACE monitor sent successfully to /data/misc/wifi/sockets/wpa_ctrl_818-2\x00
12-23 22:44:21.059 D/wpa_supplicant( 1374): wlan0: BSS: Remove id 2120 BSSID 50:3a:a0:55:a7:6a SSID 'MERCURY_A76A' due to wpa_bss_flush_by_age
12-23 22:44:21.059 D/wpa_supplicant( 1374): CTRL_IFACE monitor sent successfully to /data/misc/wifi/sockets/wpa_ctrl_818-2\x00
12-23 22:44:21.059 D/wpa_supplicant( 1374): wlan0: BSS: Remove id 2121 BSSID c4:36:55:f2:a0:b4 SSID 'Netcore_F2A0B4' due to wpa_bss_flush_by_age
12-23 22:44:21.059 D/wpa_supplicant( 1374): CTRL_IFACE monitor sent successfully to /data/misc/wifi/sockets/wpa_ctrl_818-2\x00
12-23 22:44:21.059 D/wpa_supplicant( 1374): wlan0: BSS: Remove id 2122 BSSID d4:83:04:0b:1f:78 SSID 'FAST_1F78' due to wpa_bss_flush_by_age
12-23 22:44:21.059 D/wpa_supplicant( 1374): CTRL_IFACE monitor sent successfully to /data/misc/wifi/sockets/wpa_ctrl_818-2\x00
12-23 22:44:21.059 D/wpa_supplicant( 1374): wlan0: BSS: Remove id 2123 BSSID 74:c3:30:16:22:16 SSID 'FAST_2216' due to wpa_bss_flush_by_age
12-23 22:44:21.059 D/wpa_supplicant( 1374): CTRL_IFACE monitor sent successfully to /data/misc/wifi/sockets/wpa_ctrl_818-2\x00
12-23 22:44:21.059 D/wpa_supplicant( 1374): wlan0: BSS: Remove id 2124 BSSID 50:3a:a0:49:c6:40 SSID 'MERCURY_C640' due to wpa_bss_flush_by_age
12-23 22:44:21.059 D/wpa_supplicant( 1374): CTRL_IFACE monitor sent successfully to /data/misc/wifi/sockets/wpa_ctrl_818-2\x00
12-23 22:44:21.059 D/wpa_supplicant( 1374): wlan0: BSS: Remove id 2125 BSSID e4:f3:f5:9d:a9:00 SSID 'MERCURY_A900' due to wpa_bss_flush_by_age
12-23 22:44:21.059 D/wpa_supplicant( 1374): CTRL_IFACE monitor sent successfully to /data/misc/wifi/sockets/wpa_ctrl_818-2\x00
12-23 22:44:21.060 D/wpa_supplicant( 1374): wlan0: BSS: Remove id 2126 BSSID 0c:d8:6c:22:08:de SSID 'FAST_08DE' due to wpa_bss_flush_by_age
12-23 22:44:21.060 D/wpa_supplicant( 1374): CTRL_IFACE monitor sent successfully to /data/misc/wifi/sockets/wpa_ctrl_818-2\x00
12-23 22:44:21.060 D/WifiHW  (  818): [1] get event: IFNAME=wlan0 <3>CTRL-EVENT-BSS-REMOVED 2117 50:3a:a0:f3:14:24
12-23 22:44:21.060 D/WifiHW  (  818): [2] get event: IFNAME=wlan0 CTRL-EVENT-BSS-REMOVED 2117 50:3a:a0:f3:14:24
12-23 22:44:21.060 D/WifiMonitor(  818): Event [IFNAME=wlan0 CTRL-EVENT-BSS-REMOVED 2117 50:3a:a0:f3:14:24]
12-23 22:44:21.060 D/WifiHW  (  818): enter -->wifi_wait_on_socket buflen=2048
12-23 22:44:21.060 D/WifiHW  (  818): enter -->wifi_ctrl_recv
12-23 22:44:21.060 D/WifiHW  (  818): [1] get event: IFNAME=wlan0 <3>CTRL-EVENT-BSS-REMOVED 2118 d8:15:0d:cf:09:6c
12-23 22:44:21.060 D/WifiHW  (  818): [2] get event: IFNAME=wlan0 CTRL-EVENT-BSS-REMOVED 2118 d8:15:0d:cf:09:6c
12-23 22:44:21.060 D/WifiMonitor(  818): Event [IFNAME=wlan0 CTRL-EVENT-BSS-REMOVED 2118 d8:15:0d:cf:09:6c]
12-23 22:44:21.060 D/WifiHW  (  818): enter -->wifi_wait_on_socket buflen=2048
12-23 22:44:21.060 D/WifiHW  (  818): enter -->wifi_ctrl_recv
12-23 22:44:21.060 D/WifiHW  (  818): [1] get event: IFNAME=wlan0 <3>CTRL-EVENT-BSS-REMOVED 2119 50:bd:5f:48:a5:78
12-23 22:44:21.060 D/WifiHW  (  818): [2] get event: IFNAME=wlan0 CTRL-EVENT-BSS-REMOVED 2119 50:bd:5f:48:a5:78
12-23 22:44:21.060 D/WifiMonitor(  818): Event [IFNAME=wlan0 CTRL-EVENT-BSS-REMOVED 2119 50:bd:5f:48:a5:78]
12-23 22:44:21.060 D/WifiHW  (  818): enter -->wifi_wait_on_socket buflen=2048
12-23 22:44:21.060 D/WifiHW  (  818): enter -->wifi_ctrl_recv
12-23 22:44:21.060 D/NetworkController( 1143): onReceive: intent=Intent { act=android.net.wifi.RSSI_CHANGED flg=0x4000010 (has extras) }
12-23 22:44:21.060 D/WifiHW  (  818): [1] get event: IFNAME=wlan0 <3>CTRL-EVENT-BSS-REMOVED 2120 50:3a:a0:55:a7:6a
12-23 22:44:21.060 D/WifiHW  (  818): [2] get event: IFNAME=wlan0 CTRL-EVENT-BSS-REMOVED 2120 50:3a:a0:55:a7:6a
12-23 22:44:21.060 D/WifiMonitor(  818): Event [IFNAME=wlan0 CTRL-EVENT-BSS-REMOVED 2120 50:3a:a0:55:a7:6a]
12-23 22:44:21.060 D/WifiHW  (  818): enter -->wifi_wait_on_socket buflen=2048
12-23 22:44:21.060 D/WifiHW  (  818): enter -->wifi_ctrl_recv
12-23 22:44:21.060 D/NetworkController.WifiSignalController( 1143): isDirty : false
12-23 22:44:21.060 D/WifiHW  (  818): [1] get event: IFNAME=wlan0 <3>CTRL-EVENT-BSS-REMOVED 2121 c4:36:55:f2:a0:b4
12-23 22:44:21.060 D/WifiHW  (  818): [2] get event: IFNAME=wlan0 CTRL-EVENT-BSS-REMOVED 2121 c4:36:55:f2:a0:b4
12-23 22:44:21.060 D/WifiMonitor(  818): Event [IFNAME=wlan0 CTRL-EVENT-BSS-REMOVED 2121 c4:36:55:f2:a0:b4]
12-23 22:44:21.060 D/WifiHW  (  818): enter -->wifi_wait_on_socket buflen=2048
12-23 22:44:21.060 D/WifiHW  (  818): enter -->wifi_ctrl_recv
12-23 22:44:21.060 D/WifiHW  (  818): [1] get event: IFNAME=wlan0 <3>CTRL-EVENT-BSS-REMOVED 2122 d4:83:04:0b:1f:78
12-23 22:44:21.060 D/WifiHW  (  818): [2] get event: IFNAME=wlan0 CTRL-EVENT-BSS-REMOVED 2122 d4:83:04:0b:1f:78
12-23 22:44:21.060 D/WifiWatchdogStateMachine(  818): RSSI current: 4 new: -45, 4
12-23 22:44:21.061 D/WifiMonitor(  818): Event [IFNAME=wlan0 CTRL-EVENT-BSS-REMOVED 2122 d4:83:04:0b:1f:78]
12-23 22:44:21.061 D/WifiHW  (  818): enter -->wifi_wait_on_socket buflen=2048
12-23 22:44:21.061 D/WifiHW  (  818): enter -->wifi_ctrl_recv
12-23 22:44:21.061 D/WifiHW  (  818): [1] get event: IFNAME=wlan0 <3>CTRL-EVENT-BSS-REMOVED 2123 74:c3:30:16:22:16
12-23 22:44:21.061 D/WifiHW  (  818): [2] get event: IFNAME=wlan0 CTRL-EVENT-BSS-REMOVED 2123 74:c3:30:16:22:16
12-23 22:44:21.061 D/WifiMonitor(  818): Event [IFNAME=wlan0 CTRL-EVENT-BSS-REMOVED 2123 74:c3:30:16:22:16]
12-23 22:44:21.061 D/WifiHW  (  818): enter -->wifi_wait_on_socket buflen=2048
12-23 22:44:21.061 D/WifiHW  (  818): enter -->wifi_ctrl_recv
12-23 22:44:21.061 D/WifiHW  (  818): [1] get event: IFNAME=wlan0 <3>CTRL-EVENT-BSS-REMOVED 2124 50:3a:a0:49:c6:40
12-23 22:44:21.061 D/WifiHW  (  818): [2] get event: IFNAME=wlan0 CTRL-EVENT-BSS-REMOVED 2124 50:3a:a0:49:c6:40
12-23 22:44:21.061 D/WifiMonitor(  818): Event [IFNAME=wlan0 CTRL-EVENT-BSS-REMOVED 2124 50:3a:a0:49:c6:40]
12-23 22:44:21.061 D/WifiHW  (  818): enter -->wifi_wait_on_socket buflen=2048
12-23 22:44:21.061 D/WifiHW  (  818): enter -->wifi_ctrl_recv
12-23 22:44:21.061 D/WifiHW  (  818): [1] get event: IFNAME=wlan0 <3>CTRL-EVENT-BSS-REMOVED 2125 e4:f3:f5:9d:a9:00
12-23 22:44:21.061 D/WifiHW  (  818): [2] get event: IFNAME=wlan0 CTRL-EVENT-BSS-REMOVED 2125 e4:f3:f5:9d:a9:00
12-23 22:44:21.061 D/WifiMonitor(  818): Event [IFNAME=wlan0 CTRL-EVENT-BSS-REMOVED 2125 e4:f3:f5:9d:a9:00]
12-23 22:44:21.061 D/WifiHW  (  818): enter -->wifi_wait_on_socket buflen=2048
12-23 22:44:21.061 D/WifiHW  (  818): enter -->wifi_ctrl_recv
12-23 22:44:21.061 D/WifiHW  (  818): [1] get event: IFNAME=wlan0 <3>CTRL-EVENT-BSS-REMOVED 2126 0c:d8:6c:22:08:de
12-23 22:44:21.061 D/WifiHW  (  818): [2] get event: IFNAME=wlan0 CTRL-EVENT-BSS-REMOVED 2126 0c:d8:6c:22:08:de
12-23 22:44:21.061 D/WifiMonitor(  818): Event [IFNAME=wlan0 CTRL-EVENT-BSS-REMOVED 2126 0c:d8:6c:22:08:de]
12-23 22:44:21.061 D/WifiHW  (  818): enter -->wifi_wait_on_socket buflen=2048
12-23 22:44:21.061 D/WifiHW  (  818): enter -->wifi_ctrl_recv
12-23 22:44:21.063 D/Environment( 9140): getStorageVolume,  volume:StorageVolume:
12-23 22:44:21.063 D/Environment( 9140):     mStorageId=65537 mPath=/storage/emulated/0 mDescriptionId=17040808 
12-23 22:44:21.063 D/Environment( 9140):     mPrimary=true mRemovable=false mEmulated=true mMtpReserveSpace=10 
12-23 22:44:21.063 D/Environment( 9140):     mAllowMassStorage=false mMaxFileSize=0 mOwner=UserHandle{0} mUuid=null 
12-23 22:44:21.063 D/Environment( 9140):     mUserLabel=null mState=mounted 
12-23 22:44:21.063 D/Environment( 9140): getStorageVolume,  volume:StorageVolume:
12-23 22:44:21.063 D/Environment( 9140):     mStorageId=131073 mPath=/storage/sdcard1 mDescriptionId=17040806 
12-23 22:44:21.063 D/Environment( 9140):     mPrimary=false mRemovable=true mEmulated=false mMtpReserveSpace=0 
12-23 22:44:21.063 D/Environment( 9140):     mAllowMassStorage=true mMaxFileSize=0 mOwner=null mUuid=DC17-B779 
12-23 22:44:21.063 D/Environment( 9140):     mUserLabel=M-PM-lM-CM-M mState=mounted 
12-23 22:44:21.064 D/Surface (  259): Surface::setBuffersDimensions(this=0x7f9d616e00,w=1080,h=1920)
12-23 22:44:21.066 D/Environment( 9140): getStorageVolume,  volume:StorageVolume:
12-23 22:44:21.066 D/Environment( 9140):     mStorageId=196609 mPath=/storage/usbotg mDescriptionId=17040809 
12-23 22:44:21.066 D/Environment( 9140):     mPrimary=false mRemovable=true mEmulated=false mMtpReserveSpace=0 
12-23 22:44:21.066 D/Environment( 9140):     mAllowMassStorage=false mMaxFileSize=0 mOwner=null mUuid=null 
12-23 22:44:21.066 D/Environment( 9140):     mUserLabel=null mState=removed 
12-23 22:44:21.067 D/Surface ( 1992): Surface::setBuffersDimensions(this=0x7f33e59400,w=1080,h=1845)
12-23 22:44:21.072 V/SettingsInterface( 9140):  from settings cache , name = sys_storage_full_threshold_bytes , value = null
12-23 22:44:21.076 D/PackageParser( 9140): isGmoROM() return false
12-23 22:44:21.076 D/DefContainer( 9140): Copying /data/local/tmp/app-uiautomator.apk to base.apk
12-23 22:44:21.081 D/Surface (  259): Surface::setBuffersDimensions(this=0x7f9d616e00,w=1080,h=1920)
12-23 22:44:21.085 D/Surface ( 1992): Surface::setBuffersDimensions(this=0x7f33e59400,w=1080,h=1845)
12-23 22:44:21.099 D/Surface (  259): Surface::setBuffersDimensions(this=0x7f9d616e00,w=1080,h=1920)
12-23 22:44:21.104 D/PackageParser(  818): isGmoROM() return false
12-23 22:44:21.107 D/Surface ( 1992): Surface::setBuffersDimensions(this=0x7f33e59400,w=1080,h=1845)
12-23 22:44:21.111 I/PackageManager(  818): Apk copy done
12-23 22:44:21.111 I/PackageManager(  818): Checking for more work or unbind...
12-23 22:44:21.111 I/PackageManager(  818): Posting delayed MCS_UNBIND
12-23 22:44:21.111 D/PackageManager(  818): installPackageLI: path=/data/app/vmdl1404665902.tmp
12-23 22:44:21.111 I/PackageManager(  818): Start parsing apk: null
12-23 22:44:21.113 D/PackageParser(  818): isGmoROM() return false
12-23 22:44:21.115 D/PackageParser(  818): isDefaultSWRender return false
12-23 22:44:21.116 D/PackageParser(  818): isDefaultSWRender return false
12-23 22:44:21.116 I/PackageManager(  818): Parsing done for apk: null
12-23 22:44:21.117 D/Surface (  259): Surface::setBuffersDimensions(this=0x7f9d616e00,w=1080,h=1920)
12-23 22:44:21.121 D/Surface ( 1992): Surface::setBuffersDimensions(this=0x7f33e59400,w=1080,h=1845)
12-23 22:44:21.133 D/OpenSSLLib(  818): OpensslErr:Module:13(114:155); file:external/openssl/crypto/asn1/asn1_lib.c ;Line:145;Function:ASN1_get_object
12-23 22:44:21.134 D/Surface (  259): Surface::setBuffersDimensions(this=0x7f9d616e00,w=1080,h=1920)
12-23 22:44:21.137 D/Surface ( 1992): Surface::setBuffersDimensions(this=0x7f33e59400,w=1080,h=1845)
12-23 22:44:21.151 D/Surface (  259): Surface::setBuffersDimensions(this=0x7f9d616e00,w=1080,h=1920)
12-23 22:44:21.156 D/Surface ( 1992): Surface::setBuffersDimensions(this=0x7f33e59400,w=1080,h=1845)
12-23 22:44:21.169 D/Surface (  259): Surface::setBuffersDimensions(this=0x7f9d616e00,w=1080,h=1920)
12-23 22:44:21.172 D/Surface ( 1992): Surface::setBuffersDimensions(this=0x7f33e59400,w=1080,h=1845)
12-23 22:44:21.187 D/Surface (  259): Surface::setBuffersDimensions(this=0x7f9d616e00,w=1080,h=1920)
12-23 22:44:21.191 D/Surface ( 1992): Surface::setBuffersDimensions(this=0x7f33e59400,w=1080,h=1845)
12-23 22:44:21.204 D/Surface (  259): Surface::setBuffersDimensions(this=0x7f9d616e00,w=1080,h=1920)
12-23 22:44:21.208 D/Surface ( 1992): Surface::setBuffersDimensions(this=0x7f33e59400,w=1080,h=1845)
12-23 22:44:21.222 D/Surface (  259): Surface::setBuffersDimensions(this=0x7f9d616e00,w=1080,h=1920)
12-23 22:44:21.225 D/Surface ( 1992): Surface::setBuffersDimensions(this=0x7f33e59400,w=1080,h=1845)
12-23 22:44:21.226 D/PerfServiceManager(  818): [PerfService] notifyFrameUpdate - bDuringTouchBoost:false 
12-23 22:44:21.239 D/Surface (  259): Surface::setBuffersDimensions(this=0x7f9d616e00,w=1080,h=1920)
12-23 22:44:21.243 D/Surface ( 1992): Surface::setBuffersDimensions(this=0x7f33e59400,w=1080,h=1845)
12-23 22:44:21.257 D/Surface (  259): Surface::setBuffersDimensions(this=0x7f9d616e00,w=1080,h=1920)
12-23 22:44:21.258 D/Surface ( 1992): Surface::setBuffersDimensions(this=0x7f33e59400,w=1080,h=1845)
12-23 22:44:21.274 D/Surface (  259): Surface::setBuffersDimensions(this=0x7f9d616e00,w=1080,h=1920)
12-23 22:44:21.276 D/Surface ( 1992): Surface::setBuffersDimensions(this=0x7f33e59400,w=1080,h=1845)
12-23 22:44:21.292 D/Surface (  259): Surface::setBuffersDimensions(this=0x7f9d616e00,w=1080,h=1920)
12-23 22:44:21.296 D/Surface ( 1992): Surface::setBuffersDimensions(this=0x7f33e59400,w=1080,h=1845)
12-23 22:44:21.309 D/Surface (  259): Surface::setBuffersDimensions(this=0x7f9d616e00,w=1080,h=1920)
12-23 22:44:21.313 D/Surface ( 1992): Surface::setBuffersDimensions(this=0x7f33e59400,w=1080,h=1845)
12-23 22:44:21.327 D/Surface (  259): Surface::setBuffersDimensions(this=0x7f9d616e00,w=1080,h=1920)
12-23 22:44:21.331 D/OpenSSLLib(  818): OpensslErr:Module:13(114:155); file:external/openssl/crypto/asn1/asn1_lib.c ;Line:145;Function:ASN1_get_object
12-23 22:44:21.342 D/Surface ( 1992): Surface::setBuffersDimensions(this=0x7f33e59400,w=1080,h=1845)
12-23 22:44:21.347 D/Surface (  259): Surface::setBuffersDimensions(this=0x7f9d616e00,w=1080,h=1920)
12-23 22:44:21.351 D/Surface ( 1992): Surface::setBuffersDimensions(this=0x7f33e59400,w=1080,h=1845)
12-23 22:44:21.359 D/PackageManager(  818): manifestDigest was not present, but parser got: ManifestDigest {mDigest=5a,8c,10,53,44,70,47,1b,59,a6,71,3d,fe,d6,49,a5,3a,08,e8,c4,64,7d,60,43,a2,e3,e1,28,e6,bb,70,df,}
12-23 22:44:21.362 D/Surface (  259): Surface::setBuffersDimensions(this=0x7f9d616e00,w=1080,h=1920)
12-23 22:44:21.363 D/PackageManager(  818): Replace existing pacakge: com.github.uiautomator
12-23 22:44:21.363 D/PackageManager(  818): Existing package: PackageSetting{249bf120 com.github.uiautomator/10117}
12-23 22:44:21.364 D/PackageManager(  818): Renaming /data/app/vmdl1404665902.tmp to /data/app/com.github.uiautomator-1
12-23 22:44:21.366 I/PackageManager(  818): Start installation for package: null
12-23 22:44:21.367 I/art     (  818): Background sticky concurrent mark sweep GC freed 24534(1146KB) AllocSpace objects, 14(344KB) LOS objects, 2% free, 39MB/41MB, paused 7.552ms total 47.602ms
12-23 22:44:21.369 D/Surface ( 1992): Surface::setBuffersDimensions(this=0x7f33e59400,w=1080,h=1845)
12-23 22:44:21.376 D/PackageManager(  818): replacePackageLI: new=Package{389d9ad9 com.github.uiautomator}, old=Package{3c98f399 com.github.uiautomator}
12-23 22:44:21.377 D/PackageManager(  818): replaceNonSystemPackageLI: new=Package{389d9ad9 com.github.uiautomator}, old=Package{3c98f399 com.github.uiautomator}
12-23 22:44:21.377 D/PackageManager(  818): deletePackageLI: com.github.uiautomator user null
12-23 22:44:21.377 D/PackageManager(  818): Removing non-system package:com.github.uiautomator
12-23 22:44:21.377 D/PackageManager(  818): removePackageDataLI: PackageSetting{249bf120 com.github.uiautomator/10117}
12-23 22:44:21.377 I/ActivityManager(  818): Force stopping com.github.uiautomator appid=10117 user=-1: uninstall pkg
12-23 22:44:21.377 I/libPerfService(  818): perfSetFavorPid - pid:1714, 6b2
12-23 22:44:21.380 D/Surface (  259): Surface::setBuffersDimensions(this=0x7f9d616e00,w=1080,h=1920)
12-23 22:44:21.382 I/libPerfService(  818): perfSetFavorPid - pid:1714, 6b2
12-23 22:44:21.388 I/BufferQueueProducer(  259): [](this:0x7f9732b000,id:64,api:2,p:1585,c:259) queueBuffer: fps=0.20 dur=5000.00 max=5000.00 min=5000.00
12-23 22:44:21.388 D/Surface ( 1992): Surface::setBuffersDimensions(this=0x7f33e59400,w=1080,h=1845)
12-23 22:44:21.398 D/Surface (  259): Surface::setBuffersDimensions(this=0x7f9d616e00,w=1080,h=1920)
12-23 22:44:21.401 D/Surface ( 1992): Surface::setBuffersDimensions(this=0x7f33e59400,w=1080,h=1845)
12-23 22:44:21.415 D/Surface (  259): Surface::setBuffersDimensions(this=0x7f9d616e00,w=1080,h=1920)
12-23 22:44:21.419 D/Surface ( 1992): Surface::setBuffersDimensions(this=0x7f33e59400,w=1080,h=1845)
12-23 22:44:21.432 D/Surface (  259): Surface::setBuffersDimensions(this=0x7f9d616e00,w=1080,h=1920)
12-23 22:44:21.435 D/Surface ( 1992): Surface::setBuffersDimensions(this=0x7f33e59400,w=1080,h=1845)
12-23 22:44:21.448 V/SettingsInterface(  818):  from settings cache , name = sys_free_storage_log_interval , value = null
12-23 22:44:21.448 V/SettingsInterface(  818):  from settings cache , name = disk_free_change_reporting_threshold , value = null
12-23 22:44:21.450 D/Surface (  259): Surface::setBuffersDimensions(this=0x7f9d616e00,w=1080,h=1920)
12-23 22:44:21.453 D/Surface ( 1992): Surface::setBuffersDimensions(this=0x7f33e59400,w=1080,h=1845)
12-23 22:44:21.456 W/PackageSettings(  818): Skipping PackageSetting{1a13f421 com.mgyun.shua.su/10090} due to missing metadata
12-23 22:44:21.467 D/Surface (  259): Surface::setBuffersDimensions(this=0x7f9d616e00,w=1080,h=1920)
12-23 22:44:21.472 D/Surface ( 1992): Surface::setBuffersDimensions(this=0x7f33e59400,w=1080,h=1845)
12-23 22:44:21.485 D/Surface (  259): Surface::setBuffersDimensions(this=0x7f9d616e00,w=1080,h=1920)
12-23 22:44:21.487 D/Surface ( 1992): Surface::setBuffersDimensions(this=0x7f33e59400,w=1080,h=1845)
12-23 22:44:21.491 I/PackageManager(  818): args=com.android.server.pm.PackageManagerService$FileInstallArgs@3d1f3c9e
12-23 22:44:21.491 D/installd(  292): do_rm_code_cache : com.github.uiautomator 0
12-23 22:44:21.494 I/PackageManager(  818): Package com.github.uiautomator codePath changed from /data/app/com.github.uiautomator-2 to /data/app/com.github.uiautomator-1; Retaining data and using new
12-23 22:44:21.498 D/PackageParser(  818): isGmoROM() return false
12-23 22:44:21.500 D/PackageManager(  818): Double check libs within assets, apk file is /data/app/com.github.uiautomator-1/base.apk
12-23 22:44:21.502 D/Surface (  259): Surface::setBuffersDimensions(this=0x7f9d616e00,w=1080,h=1920)
12-23 22:44:21.504 D/Surface ( 1992): Surface::setBuffersDimensions(this=0x7f33e59400,w=1080,h=1845)
12-23 22:44:21.520 D/Surface (  259): Surface::setBuffersDimensions(this=0x7f9d616e00,w=1080,h=1920)
12-23 22:44:21.522 D/OpenSSLLib(  818): OpensslErr:Module:13(114:155); file:external/openssl/crypto/asn1/asn1_lib.c ;Line:145;Function:ASN1_get_object
12-23 22:44:21.523 D/Surface ( 1992): Surface::setBuffersDimensions(this=0x7f33e59400,w=1080,h=1845)
12-23 22:44:21.537 D/Surface (  259): Surface::setBuffersDimensions(this=0x7f9d616e00,w=1080,h=1920)
12-23 22:44:21.540 D/Surface ( 1992): Surface::setBuffersDimensions(this=0x7f33e59400,w=1080,h=1845)
12-23 22:44:21.555 D/Surface (  259): Surface::setBuffersDimensions(this=0x7f9d616e00,w=1080,h=1920)
12-23 22:44:21.561 D/Surface ( 1992): Surface::setBuffersDimensions(this=0x7f33e59400,w=1080,h=1845)
12-23 22:44:21.566 D/PackageManager(  818): libs arch is 0
12-23 22:44:21.566 I/PackageManager(  818): Linking native library dir for /data/app/com.github.uiautomator-1
12-23 22:44:21.567 I/PackageManager(  818): Perform pre-dex opt for package: com.github.uiautomator
12-23 22:44:21.567 I/PackageManager(  818): Running dexopt on: /data/app/com.github.uiautomator-1/base.apk pkg=com.github.uiautomator isa=arm64 vmSafeMode=false
12-23 22:44:21.568 D/installd(  292): do_dexopt : /data/app/com.github.uiautomator-1/base.apk 50117 1 com.github.uiautomator arm64  0
12-23 22:44:21.573 D/Surface (  259): Surface::setBuffersDimensions(this=0x7f9d616e00,w=1080,h=1920)
12-23 22:44:21.574 D/Surface ( 1992): Surface::setBuffersDimensions(this=0x7f33e59400,w=1080,h=1845)
12-23 22:44:21.576 I/SurfaceFlinger(  259): [Built-in Screen (type:0)] fps:55.046761,dur:1017.32,max:32.73,min:12.15
12-23 22:44:21.590 D/Surface (  259): Surface::setBuffersDimensions(this=0x7f9d616e00,w=1080,h=1920)
12-23 22:44:21.594 D/Surface ( 1992): Surface::setBuffersDimensions(this=0x7f33e59400,w=1080,h=1845)
12-23 22:44:21.606 I/dex2oat (11088): /system/bin/dex2oat --zip-fd=11 --zip-location=/data/app/com.github.uiautomator-1/base.apk --oat-fd=12 --oat-location=/data/dalvik-cache/arm64/data@app@com.github.uiautomator-1@base.apk@classes.dex --instruction-set=arm64 --instruction-set-features=default --runtime-arg -Xms64m --runtime-arg -Xmx512m --swap-fd=13
12-23 22:44:21.608 D/Surface (  259): Surface::setBuffersDimensions(this=0x7f9d616e00,w=1080,h=1920)
12-23 22:44:21.611 D/Surface ( 1992): Surface::setBuffersDimensions(this=0x7f33e59400,w=1080,h=1845)
12-23 22:44:21.625 D/Surface (  259): Surface::setBuffersDimensions(this=0x7f9d616e00,w=1080,h=1920)
12-23 22:44:21.629 D/PerfServiceManager(  818): [PerfService] notifyFrameUpdate - bDuringTouchBoost:false 
12-23 22:44:21.629 D/Surface ( 1992): Surface::setBuffersDimensions(this=0x7f33e59400,w=1080,h=1845)
12-23 22:44:21.631 I/BufferQueueProducer(  259): [](this:0x7f9d6c6000,id:67,api:1,p:1992,c:259) queueBuffer: fps=56.06 dur=1016.86 max=46.49 min=5.63
12-23 22:44:21.643 D/Surface (  259): Surface::setBuffersDimensions(this=0x7f9d616e00,w=1080,h=1920)
12-23 22:44:21.645 D/Surface ( 1992): Surface::setBuffersDimensions(this=0x7f33e59400,w=1080,h=1845)
12-23 22:44:21.660 D/Surface (  259): Surface::setBuffersDimensions(this=0x7f9d616e00,w=1080,h=1920)
12-23 22:44:21.665 D/Surface ( 1992): Surface::setBuffersDimensions(this=0x7f33e59400,w=1080,h=1845)
12-23 22:44:21.678 D/Surface (  259): Surface::setBuffersDimensions(this=0x7f9d616e00,w=1080,h=1920)
12-23 22:44:21.682 D/Surface ( 1992): Surface::setBuffersDimensions(this=0x7f33e59400,w=1080,h=1845)
12-23 22:44:21.695 D/Surface (  259): Surface::setBuffersDimensions(this=0x7f9d616e00,w=1080,h=1920)
12-23 22:44:21.697 D/Surface ( 1992): Surface::setBuffersDimensions(this=0x7f33e59400,w=1080,h=1845)
12-23 22:44:21.713 D/Surface (  259): Surface::setBuffersDimensions(this=0x7f9d616e00,w=1080,h=1920)
12-23 22:44:21.716 D/Surface ( 1992): Surface::setBuffersDimensions(this=0x7f33e59400,w=1080,h=1845)
12-23 22:44:21.730 D/Surface (  259): Surface::setBuffersDimensions(this=0x7f9d616e00,w=1080,h=1920)
12-23 22:44:21.734 D/Surface ( 1992): Surface::setBuffersDimensions(this=0x7f33e59400,w=1080,h=1845)
12-23 22:44:21.748 D/Surface (  259): Surface::setBuffersDimensions(this=0x7f9d616e00,w=1080,h=1920)
12-23 22:44:21.752 D/Surface ( 1992): Surface::setBuffersDimensions(this=0x7f33e59400,w=1080,h=1845)
12-23 22:44:21.765 D/Surface (  259): Surface::setBuffersDimensions(this=0x7f9d616e00,w=1080,h=1920)
12-23 22:44:21.769 D/Surface ( 1992): Surface::setBuffersDimensions(this=0x7f33e59400,w=1080,h=1845)
12-23 22:44:21.783 D/Surface (  259): Surface::setBuffersDimensions(this=0x7f9d616e00,w=1080,h=1920)
12-23 22:44:21.785 E/WifiTrafficPoller(  818): TRAFFIC_STATS_POLL true Token 29 num clients 26
12-23 22:44:21.786 E/WifiTrafficPoller(  818):  packet count Tx=145578 Rx=169261
12-23 22:44:21.786 E/WifiTrafficPoller(  818): notifying of data activity 0
12-23 22:44:21.789 D/NetworkController.WifiSignalController( 1143): setActivity: wifiActivity= 0
12-23 22:44:21.789 D/NetworkController.WifiSignalController( 1143): isDirty : false
12-23 22:44:21.790 D/NetworkController.WifiSignalController( 1143): Change in state from: connected=true,enabled=true,level=4,inetCondition=1,iconGroup=IconGroup(Wi-Fi Icons),activityIn=false,activityOut=true,rssi=-45,networkType=null,showDataActivityIcon=false,lastModified=12-23 10:44:20,ssid="PHICOMM_test_1"
12-23 22:44:21.790 D/NetworkController.WifiSignalController( 1143): 	to: connected=true,enabled=true,level=4,inetCondition=1,iconGroup=IconGroup(Wi-Fi Icons),activityIn=false,activityOut=false,rssi=-45,networkType=null,showDataActivityIcon=false,lastModified=12-23 10:44:20,ssid="PHICOMM_test_1"
12-23 22:44:21.790 D/NetworkController.WifiSignalController( 1143): Wifi notifyListeners: level= 4, wifiActivity= 0
12-23 22:44:21.790 D/SignalClusterView( 1143): setWifiIndicators, visible=true, strengthIcon=2130837928, contentDescription=WLAN信号满格。
12-23 22:44:21.794 D/SignalClusterView( 1143): apply() PhoneState state : []
12-23 22:44:21.794 D/SignalClusterView( 1143): mNoSims.setVisibility: true
12-23 22:44:21.794 D/BaseSignalClusterExt( 1143): apply(), state == null
12-23 22:44:21.794 D/BaseSignalClusterExt( 1143): apply(), state == null
12-23 22:44:21.794 D/NetworkController.WifiSignalController( 1143): Wifi notifyListeners: level= 4, wifiActivity= 0
12-23 22:44:21.794 D/SignalClusterView( 1143): setWifiIndicators, visible=true, strengthIcon=2130837928, contentDescription=WLAN信号满格。
12-23 22:44:21.795 D/SignalClusterView( 1143): apply() PhoneState state : []
12-23 22:44:21.795 D/SignalClusterView( 1143): mNoSims.setVisibility: true
12-23 22:44:21.795 D/BaseSignalClusterExt( 1143): apply(), state == null
12-23 22:44:21.795 D/BaseSignalClusterExt( 1143): apply(), state == null
12-23 22:44:21.795 D/NetworkController.WifiSignalController( 1143): Wifi notifyListeners: level= 4, wifiActivity= 0
12-23 22:44:21.795 D/SignalClusterView( 1143): setWifiIndicators, visible=true, strengthIcon=2130837928, contentDescription=WLAN信号满格。
12-23 22:44:21.795 D/SignalClusterView( 1143): apply() PhoneState state : []
12-23 22:44:21.795 D/SignalClusterView( 1143): mNoSims.setVisibility: true
12-23 22:44:21.795 D/BaseSignalClusterExt( 1143): apply(), state == null
12-23 22:44:21.795 D/BaseSignalClusterExt( 1143): apply(), state == null
12-23 22:44:21.796 V/SettingsInterface( 1691):  from settings cache , name = multi_sim_data_call , value = -1
12-23 22:44:21.796 E/NetworkController( 1143): No data sim selected
12-23 22:44:21.796 D/DefaultStatusBarPlmnPlugin( 1143): into updateCarrierLabel, slotId=0, isSimInserted=false, isHasSimService=false
12-23 22:44:21.796 D/DefaultStatusBarPlmnPlugin( 1143): into updateCarrierLabel, slotId=1, isSimInserted=false, isHasSimService=false
12-23 22:44:21.797 D/Surface ( 1992): Surface::setBuffersDimensions(this=0x7f33e59400,w=1080,h=1845)
12-23 22:44:21.801 D/Surface (  259): Surface::setBuffersDimensions(this=0x7f9d616e00,w=1080,h=1920)
12-23 22:44:21.801 D/Surface ( 1143): Surface::setBuffersDimensions(this=0x7f82229600,w=1080,h=75)
12-23 22:44:21.801 D/PerfServiceManager(  818): [PerfService] notifyFrameUpdate - bDuringTouchBoost:false 
12-23 22:44:21.807 D/Surface ( 1992): Surface::setBuffersDimensions(this=0x7f33e59400,w=1080,h=1845)
12-23 22:44:21.809 W/MALI    ( 1143): glDrawArrays:714: [MALI] glDrawArrays takes more than 5ms here. Total elapse time(us): 8478
12-23 22:44:21.812 I/BufferQueueProducer(  259): [StatusBar](this:0x7f9d6e5000,id:7,api:1,p:1143,c:259) queueBuffer: fps=1.00 dur=1002.05 max=1002.05 min=1002.05
12-23 22:44:21.818 D/Surface (  259): Surface::setBuffersDimensions(this=0x7f9d616e00,w=1080,h=1920)
12-23 22:44:21.821 D/Surface ( 1992): Surface::setBuffersDimensions(this=0x7f33e59400,w=1080,h=1845)
12-23 22:44:21.835 D/Surface (  259): Surface::setBuffersDimensions(this=0x7f9d616e00,w=1080,h=1920)
12-23 22:44:21.838 D/Surface ( 1992): Surface::setBuffersDimensions(this=0x7f33e59400,w=1080,h=1845)
12-23 22:44:21.853 D/Surface (  259): Surface::setBuffersDimensions(this=0x7f9d616e00,w=1080,h=1920)
12-23 22:44:21.856 D/Surface ( 1992): Surface::setBuffersDimensions(this=0x7f33e59400,w=1080,h=1845)
12-23 22:44:21.871 D/Surface (  259): Surface::setBuffersDimensions(this=0x7f9d616e00,w=1080,h=1920)
12-23 22:44:21.874 D/Surface ( 1992): Surface::setBuffersDimensions(this=0x7f33e59400,w=1080,h=1845)
12-23 22:44:21.888 D/Surface (  259): Surface::setBuffersDimensions(this=0x7f9d616e00,w=1080,h=1920)
12-23 22:44:21.892 D/Surface ( 1992): Surface::setBuffersDimensions(this=0x7f33e59400,w=1080,h=1845)
12-23 22:44:21.906 D/Surface (  259): Surface::setBuffersDimensions(this=0x7f9d616e00,w=1080,h=1920)
12-23 22:44:21.909 D/Surface ( 1992): Surface::setBuffersDimensions(this=0x7f33e59400,w=1080,h=1845)
12-23 22:44:21.923 D/Surface (  259): Surface::setBuffersDimensions(this=0x7f9d616e00,w=1080,h=1920)
12-23 22:44:21.924 D/Surface ( 1992): Surface::setBuffersDimensions(this=0x7f33e59400,w=1080,h=1845)
12-23 22:44:21.941 D/Surface (  259): Surface::setBuffersDimensions(this=0x7f9d616e00,w=1080,h=1920)
12-23 22:44:21.944 D/Surface ( 1992): Surface::setBuffersDimensions(this=0x7f33e59400,w=1080,h=1845)
12-23 22:44:21.958 D/Surface (  259): Surface::setBuffersDimensions(this=0x7f9d616e00,w=1080,h=1920)
12-23 22:44:21.961 D/Surface ( 1992): Surface::setBuffersDimensions(this=0x7f33e59400,w=1080,h=1845)
12-23 22:44:21.976 D/Surface (  259): Surface::setBuffersDimensions(this=0x7f9d616e00,w=1080,h=1920)
12-23 22:44:21.977 D/Surface ( 1992): Surface::setBuffersDimensions(this=0x7f33e59400,w=1080,h=1845)
12-23 22:44:21.993 D/Surface (  259): Surface::setBuffersDimensions(this=0x7f9d616e00,w=1080,h=1920)
12-23 22:44:21.997 D/Surface ( 1992): Surface::setBuffersDimensions(this=0x7f33e59400,w=1080,h=1845)
12-23 22:44:22.011 D/Surface (  259): Surface::setBuffersDimensions(this=0x7f9d616e00,w=1080,h=1920)
12-23 22:44:22.014 I/BufferQueueProducer(  259): [FrameBufferSurface_0](this:0x7f9d594000,id:0,api:1,p:259,c:259) queueBuffer: fps=57.01 dur=1017.32 max=19.98 min=15.04
12-23 22:44:22.015 D/Surface ( 1992): Surface::setBuffersDimensions(this=0x7f33e59400,w=1080,h=1845)
12-23 22:44:22.029 D/Surface (  259): Surface::setBuffersDimensions(this=0x7f9d616e00,w=1080,h=1920)
12-23 22:44:22.030 D/PerfServiceManager(  818): [PerfService] notifyFrameUpdate - bDuringTouchBoost:false 
12-23 22:44:22.030 D/Surface ( 1992): Surface::setBuffersDimensions(this=0x7f33e59400,w=1080,h=1845)
12-23 22:44:22.037 I/dex2oat (11088): Decided to run without swap.
12-23 22:44:22.046 D/Surface (  259): Surface::setBuffersDimensions(this=0x7f9d616e00,w=1080,h=1920)
12-23 22:44:22.049 D/Surface ( 1992): Surface::setBuffersDimensions(this=0x7f33e59400,w=1080,h=1845)
12-23 22:44:22.063 D/Surface (  259): Surface::setBuffersDimensions(this=0x7f9d616e00,w=1080,h=1920)
12-23 22:44:22.067 D/Surface ( 1992): Surface::setBuffersDimensions(this=0x7f33e59400,w=1080,h=1845)
12-23 22:44:22.081 D/Surface (  259): Surface::setBuffersDimensions(this=0x7f9d616e00,w=1080,h=1920)
12-23 22:44:22.084 D/Surface ( 1992): Surface::setBuffersDimensions(this=0x7f33e59400,w=1080,h=1845)
12-23 22:44:22.099 D/Surface (  259): Surface::setBuffersDimensions(this=0x7f9d616e00,w=1080,h=1920)
12-23 22:44:22.104 D/Surface ( 1992): Surface::setBuffersDimensions(this=0x7f33e59400,w=1080,h=1845)
12-23 22:44:22.116 D/Surface (  259): Surface::setBuffersDimensions(this=0x7f9d616e00,w=1080,h=1920)
12-23 22:44:22.118 D/Surface ( 1992): Surface::setBuffersDimensions(this=0x7f33e59400,w=1080,h=1845)
12-23 22:44:22.134 D/Surface (  259): Surface::setBuffersDimensions(this=0x7f9d616e00,w=1080,h=1920)
12-23 22:44:22.135 D/Surface ( 1992): Surface::setBuffersDimensions(this=0x7f33e59400,w=1080,h=1845)
12-23 22:44:22.151 D/Surface (  259): Surface::setBuffersDimensions(this=0x7f9d616e00,w=1080,h=1920)
12-23 22:44:22.155 D/Surface ( 1992): Surface::setBuffersDimensions(this=0x7f33e59400,w=1080,h=1845)
12-23 22:44:22.169 D/Surface (  259): Surface::setBuffersDimensions(this=0x7f9d616e00,w=1080,h=1920)
12-23 22:44:22.171 D/Surface ( 1992): Surface::setBuffersDimensions(this=0x7f33e59400,w=1080,h=1845)
12-23 22:44:22.186 D/Surface (  259): Surface::setBuffersDimensions(this=0x7f9d616e00,w=1080,h=1920)
12-23 22:44:22.190 D/Surface ( 1992): Surface::setBuffersDimensions(this=0x7f33e59400,w=1080,h=1845)
12-23 22:44:22.204 D/Surface (  259): Surface::setBuffersDimensions(this=0x7f9d616e00,w=1080,h=1920)
12-23 22:44:22.206 D/Surface ( 1992): Surface::setBuffersDimensions(this=0x7f33e59400,w=1080,h=1845)
12-23 22:44:22.221 D/Surface (  259): Surface::setBuffersDimensions(this=0x7f9d616e00,w=1080,h=1920)
12-23 22:44:22.225 D/Surface ( 1992): Surface::setBuffersDimensions(this=0x7f33e59400,w=1080,h=1845)
12-23 22:44:22.239 D/Surface (  259): Surface::setBuffersDimensions(this=0x7f9d616e00,w=1080,h=1920)
12-23 22:44:22.242 D/Surface ( 1992): Surface::setBuffersDimensions(this=0x7f33e59400,w=1080,h=1845)
12-23 22:44:22.246 D/UTAnalytics:LogStoreMgr( 1342): pid:1342 [store],
12-23 22:44:22.250 W/dex2oat (11088): Before Android 4.1, method int android.support.v7.widget.ListViewCompat.lookForSelectablePosition(int, boolean) would have incorrectly overridden the package-private method in android.widget.ListView
12-23 22:44:22.255 D/UTAnalytics:UTSqliteLogStore( 1342): pid:1342 sql:SELECT * FROM log ORDER BY time ASC  LIMIT 350,
12-23 22:44:22.256 D/Surface (  259): Surface::setBuffersDimensions(this=0x7f9d616e00,w=1080,h=1920)
12-23 22:44:22.261 D/UTAnalytics:LogStoreMgr( 1342): pid:1342 [get],[],
12-23 22:44:22.262 D/Surface ( 1992): Surface::setBuffersDimensions(this=0x7f33e59400,w=1080,h=1845)
12-23 22:44:22.269 D/UTAnalytics:UploadEngine( 1342): pid:1342 UTDC.bBackground:false,AppInfoUtil.isForeground(UTDC.getContext()) ,true,
12-23 22:44:22.272 D/UTAnalytics:UploadTask( 1342): pid:1342 mPeriod:30000,
12-23 22:44:22.274 D/Surface (  259): Surface::setBuffersDimensions(this=0x7f9d616e00,w=1080,h=1920)
12-23 22:44:22.276 D/Surface ( 1992): Surface::setBuffersDimensions(this=0x7f33e59400,w=1080,h=1845)
12-23 22:44:22.291 D/Surface (  259): Surface::setBuffersDimensions(this=0x7f9d616e00,w=1080,h=1920)
12-23 22:44:22.296 D/Surface ( 1992): Surface::setBuffersDimensions(this=0x7f33e59400,w=1080,h=1845)
12-23 22:44:22.309 D/Surface (  259): Surface::setBuffersDimensions(this=0x7f9d616e00,w=1080,h=1920)
12-23 22:44:22.312 D/Surface ( 1992): Surface::setBuffersDimensions(this=0x7f33e59400,w=1080,h=1845)
12-23 22:44:22.327 D/Surface (  259): Surface::setBuffersDimensions(this=0x7f9d616e00,w=1080,h=1920)
12-23 22:44:22.328 D/Surface ( 1992): Surface::setBuffersDimensions(this=0x7f33e59400,w=1080,h=1845)
12-23 22:44:22.344 D/Surface (  259): Surface::setBuffersDimensions(this=0x7f9d616e00,w=1080,h=1920)
12-23 22:44:22.348 D/Surface ( 1992): Surface::setBuffersDimensions(this=0x7f33e59400,w=1080,h=1845)
12-23 22:44:22.355 W/dex2oat (11088): Before Android 4.1, method android.graphics.PorterDuffColorFilter android.support.graphics.drawable.VectorDrawableCompat.updateTintFilter(android.graphics.PorterDuffColorFilter, android.content.res.ColorStateList, android.graphics.PorterDuff$Mode) would have incorrectly overridden the package-private method in android.graphics.drawable.Drawable
12-23 22:44:22.362 D/Surface (  259): Surface::setBuffersDimensions(this=0x7f9d616e00,w=1080,h=1920)
12-23 22:44:22.363 D/Surface ( 1992): Surface::setBuffersDimensions(this=0x7f33e59400,w=1080,h=1845)
12-23 22:44:22.379 D/Surface (  259): Surface::setBuffersDimensions(this=0x7f9d616e00,w=1080,h=1920)
12-23 22:44:22.380 D/Surface ( 1992): Surface::setBuffersDimensions(this=0x7f33e59400,w=1080,h=1845)
12-23 22:44:22.397 D/Surface (  259): Surface::setBuffersDimensions(this=0x7f9d616e00,w=1080,h=1920)
12-23 22:44:22.397 D/Surface ( 1992): Surface::setBuffersDimensions(this=0x7f33e59400,w=1080,h=1845)
12-23 22:44:22.414 D/Surface (  259): Surface::setBuffersDimensions(this=0x7f9d616e00,w=1080,h=1920)
12-23 22:44:22.418 D/Surface ( 1992): Surface::setBuffersDimensions(this=0x7f33e59400,w=1080,h=1845)
12-23 22:44:22.432 D/Surface (  259): Surface::setBuffersDimensions(this=0x7f9d616e00,w=1080,h=1920)
12-23 22:44:22.434 D/PerfServiceManager(  818): [PerfService] notifyFrameUpdate - bDuringTouchBoost:false 
12-23 22:44:22.434 D/Surface ( 1992): Surface::setBuffersDimensions(this=0x7f33e59400,w=1080,h=1845)
12-23 22:44:22.449 D/Surface (  259): Surface::setBuffersDimensions(this=0x7f9d616e00,w=1080,h=1920)
12-23 22:44:22.451 D/Surface ( 1992): Surface::setBuffersDimensions(this=0x7f33e59400,w=1080,h=1845)
12-23 22:44:22.467 D/Surface (  259): Surface::setBuffersDimensions(this=0x7f9d616e00,w=1080,h=1920)
12-23 22:44:22.469 D/Surface ( 1992): Surface::setBuffersDimensions(this=0x7f33e59400,w=1080,h=1845)
12-23 22:44:22.484 D/Surface (  259): Surface::setBuffersDimensions(this=0x7f9d616e00,w=1080,h=1920)
12-23 22:44:22.488 D/Surface ( 1992): Surface::setBuffersDimensions(this=0x7f33e59400,w=1080,h=1845)
12-23 22:44:22.502 D/Surface (  259): Surface::setBuffersDimensions(this=0x7f9d616e00,w=1080,h=1920)
12-23 22:44:22.503 D/Surface ( 1992): Surface::setBuffersDimensions(this=0x7f33e59400,w=1080,h=1845)
12-23 22:44:22.520 D/Surface (  259): Surface::setBuffersDimensions(this=0x7f9d616e00,w=1080,h=1920)
12-23 22:44:22.522 D/Surface ( 1992): Surface::setBuffersDimensions(this=0x7f33e59400,w=1080,h=1845)
12-23 22:44:22.537 D/Surface (  259): Surface::setBuffersDimensions(this=0x7f9d616e00,w=1080,h=1920)
12-23 22:44:22.539 D/Surface ( 1992): Surface::setBuffersDimensions(this=0x7f33e59400,w=1080,h=1845)
12-23 22:44:22.555 D/Surface (  259): Surface::setBuffersDimensions(this=0x7f9d616e00,w=1080,h=1920)
12-23 22:44:22.556 D/ADB_SERVICES( 3362): adb fdevent_process list (4) (18) (10) (6) (21) (20) (22) (23) (24) (25) (26) (27) (28) (29) (19) 
12-23 22:44:22.556 D/ADB_SERVICES( 3362): adb local_socket_ready list (22) (24) (25) (27) (28) (29) (19) (26) 
12-23 22:44:22.556 D/ADB_SERVICES( 3362): adb socket read list (22) (24) (25) (27) (28) (29) (19) (26) 
12-23 22:44:22.556 D/ADB_SERVICES( 3362): read_data=25170529
12-23 22:44:22.556 D/ADB_SERVICES( 3362): max_read_time=0.003707 max_send_time=0.000264 
12-23 22:44:22.558 D/Surface ( 1992): Surface::setBuffersDimensions(this=0x7f33e59400,w=1080,h=1845)
12-23 22:44:22.572 D/Surface (  259): Surface::setBuffersDimensions(this=0x7f9d616e00,w=1080,h=1920)
12-23 22:44:22.574 D/Surface ( 1992): Surface::setBuffersDimensions(this=0x7f33e59400,w=1080,h=1845)
12-23 22:44:22.590 D/Surface (  259): Surface::setBuffersDimensions(this=0x7f9d616e00,w=1080,h=1920)
12-23 22:44:22.592 D/Surface ( 1992): Surface::setBuffersDimensions(this=0x7f33e59400,w=1080,h=1845)
12-23 22:44:22.593 I/SurfaceFlinger(  259): [Built-in Screen (type:0)] fps:57.038555,dur:1016.86,max:19.86,min:15.30
12-23 22:44:22.607 D/Surface (  259): Surface::setBuffersDimensions(this=0x7f9d616e00,w=1080,h=1920)
12-23 22:44:22.608 D/Surface ( 1992): Surface::setBuffersDimensions(this=0x7f33e59400,w=1080,h=1845)
12-23 22:44:22.625 D/Surface (  259): Surface::setBuffersDimensions(this=0x7f9d616e00,w=1080,h=1920)
12-23 22:44:22.627 D/Surface ( 1992): Surface::setBuffersDimensions(this=0x7f33e59400,w=1080,h=1845)
12-23 22:44:22.642 D/Surface (  259): Surface::setBuffersDimensions(this=0x7f9d616e00,w=1080,h=1920)
12-23 22:44:22.645 D/Surface ( 1992): Surface::setBuffersDimensions(this=0x7f33e59400,w=1080,h=1845)
12-23 22:44:22.647 I/BufferQueueProducer(  259): [](this:0x7f9d6c6000,id:67,api:1,p:1992,c:259) queueBuffer: fps=57.12 dur=1015.41 max=28.42 min=11.97
12-23 22:44:22.660 D/Surface (  259): Surface::setBuffersDimensions(this=0x7f9d616e00,w=1080,h=1920)
12-23 22:44:22.661 D/Surface ( 1992): Surface::setBuffersDimensions(this=0x7f33e59400,w=1080,h=1845)
12-23 22:44:22.678 D/Surface (  259): Surface::setBuffersDimensions(this=0x7f9d616e00,w=1080,h=1920)
12-23 22:44:22.680 D/Surface ( 1992): Surface::setBuffersDimensions(this=0x7f33e59400,w=1080,h=1845)
12-23 22:44:22.696 D/Surface (  259): Surface::setBuffersDimensions(this=0x7f9d616e00,w=1080,h=1920)
12-23 22:44:22.698 D/Surface ( 1992): Surface::setBuffersDimensions(this=0x7f33e59400,w=1080,h=1845)
12-23 22:44:22.713 D/Surface (  259): Surface::setBuffersDimensions(this=0x7f9d616e00,w=1080,h=1920)
12-23 22:44:22.716 D/Surface ( 1992): Surface::setBuffersDimensions(this=0x7f33e59400,w=1080,h=1845)
12-23 22:44:22.731 D/Surface (  259): Surface::setBuffersDimensions(this=0x7f9d616e00,w=1080,h=1920)
12-23 22:44:22.732 D/Surface ( 1992): Surface::setBuffersDimensions(this=0x7f33e59400,w=1080,h=1845)
12-23 22:44:22.748 D/Surface (  259): Surface::setBuffersDimensions(this=0x7f9d616e00,w=1080,h=1920)
12-23 22:44:22.749 D/Surface ( 1992): Surface::setBuffersDimensions(this=0x7f33e59400,w=1080,h=1845)
12-23 22:44:22.766 D/Surface (  259): Surface::setBuffersDimensions(this=0x7f9d616e00,w=1080,h=1920)
12-23 22:44:22.767 D/Surface ( 1992): Surface::setBuffersDimensions(this=0x7f33e59400,w=1080,h=1845)
12-23 22:44:22.783 D/Surface (  259): Surface::setBuffersDimensions(this=0x7f9d616e00,w=1080,h=1920)
12-23 22:44:22.785 D/Surface ( 1992): Surface::setBuffersDimensions(this=0x7f33e59400,w=1080,h=1845)
12-23 22:44:22.788 E/WifiTrafficPoller(  818): TRAFFIC_STATS_POLL true Token 29 num clients 26
12-23 22:44:22.790 E/WifiTrafficPoller(  818):  packet count Tx=145578 Rx=169261
12-23 22:44:22.801 D/Surface (  259): Surface::setBuffersDimensions(this=0x7f9d616e00,w=1080,h=1920)
12-23 22:44:22.803 D/Surface ( 1992): Surface::setBuffersDimensions(this=0x7f33e59400,w=1080,h=1845)
12-23 22:44:22.819 D/Surface (  259): Surface::setBuffersDimensions(this=0x7f9d616e00,w=1080,h=1920)
12-23 22:44:22.819 D/Surface ( 1992): Surface::setBuffersDimensions(this=0x7f33e59400,w=1080,h=1845)
12-23 22:44:22.836 D/Surface (  259): Surface::setBuffersDimensions(this=0x7f9d616e00,w=1080,h=1920)
12-23 22:44:22.836 D/PerfServiceManager(  818): [PerfService] notifyFrameUpdate - bDuringTouchBoost:false 
12-23 22:44:22.836 D/Surface ( 1992): Surface::setBuffersDimensions(this=0x7f33e59400,w=1080,h=1845)
12-23 22:44:22.853 D/Surface (  259): Surface::setBuffersDimensions(this=0x7f9d616e00,w=1080,h=1920)
12-23 22:44:22.854 D/Surface ( 1992): Surface::setBuffersDimensions(this=0x7f33e59400,w=1080,h=1845)
12-23 22:44:22.870 D/Surface (  259): Surface::setBuffersDimensions(this=0x7f9d616e00,w=1080,h=1920)
12-23 22:44:22.871 D/Surface ( 1992): Surface::setBuffersDimensions(this=0x7f33e59400,w=1080,h=1845)
12-23 22:44:22.888 D/Surface (  259): Surface::setBuffersDimensions(this=0x7f9d616e00,w=1080,h=1920)
12-23 22:44:22.888 D/Surface ( 1992): Surface::setBuffersDimensions(this=0x7f33e59400,w=1080,h=1845)
12-23 22:44:22.906 D/Surface (  259): Surface::setBuffersDimensions(this=0x7f9d616e00,w=1080,h=1920)
12-23 22:44:22.906 D/Surface ( 1992): Surface::setBuffersDimensions(this=0x7f33e59400,w=1080,h=1845)
12-23 22:44:22.918 D/DMS/UPNPCORE( 4487): ssdp_handle_device_request OUT, Local DMS can't be found##
12-23 22:44:22.923 D/Surface (  259): Surface::setBuffersDimensions(this=0x7f9d616e00,w=1080,h=1920)
12-23 22:44:22.924 D/Surface ( 1992): Surface::setBuffersDimensions(this=0x7f33e59400,w=1080,h=1845)
12-23 22:44:22.941 D/Surface (  259): Surface::setBuffersDimensions(this=0x7f9d616e00,w=1080,h=1920)
12-23 22:44:22.941 D/Surface ( 1992): Surface::setBuffersDimensions(this=0x7f33e59400,w=1080,h=1845)
12-23 22:44:22.958 D/Surface (  259): Surface::setBuffersDimensions(this=0x7f9d616e00,w=1080,h=1920)
12-23 22:44:22.958 D/Surface ( 1992): Surface::setBuffersDimensions(this=0x7f33e59400,w=1080,h=1845)
12-23 22:44:22.976 D/Surface (  259): Surface::setBuffersDimensions(this=0x7f9d616e00,w=1080,h=1920)
12-23 22:44:22.976 D/Surface ( 1992): Surface::setBuffersDimensions(this=0x7f33e59400,w=1080,h=1845)
12-23 22:44:22.993 D/Surface (  259): Surface::setBuffersDimensions(this=0x7f9d616e00,w=1080,h=1920)
12-23 22:44:22.994 D/Surface ( 1992): Surface::setBuffersDimensions(this=0x7f33e59400,w=1080,h=1845)
12-23 22:44:23.011 D/Surface (  259): Surface::setBuffersDimensions(this=0x7f9d616e00,w=1080,h=1920)
12-23 22:44:23.011 D/Surface ( 1992): Surface::setBuffersDimensions(this=0x7f33e59400,w=1080,h=1845)
12-23 22:44:23.014 I/BufferQueueProducer(  259): [FrameBufferSurface_0](this:0x7f9d594000,id:0,api:1,p:259,c:259) queueBuffer: fps=56.99 dur=1000.19 max=18.85 min=16.19
12-23 22:44:23.028 D/Surface (  259): Surface::setBuffersDimensions(this=0x7f9d616e00,w=1080,h=1920)
12-23 22:44:23.029 D/Surface ( 1992): Surface::setBuffersDimensions(this=0x7f33e59400,w=1080,h=1845)
12-23 22:44:23.046 D/Surface (  259): Surface::setBuffersDimensions(this=0x7f9d616e00,w=1080,h=1920)
12-23 22:44:23.046 D/Surface ( 1992): Surface::setBuffersDimensions(this=0x7f33e59400,w=1080,h=1845)
12-23 22:44:23.063 D/Surface (  259): Surface::setBuffersDimensions(this=0x7f9d616e00,w=1080,h=1920)
12-23 22:44:23.065 D/Surface ( 1992): Surface::setBuffersDimensions(this=0x7f33e59400,w=1080,h=1845)
12-23 22:44:23.081 D/Surface (  259): Surface::setBuffersDimensions(this=0x7f9d616e00,w=1080,h=1920)
12-23 22:44:23.081 D/Surface ( 1992): Surface::setBuffersDimensions(this=0x7f33e59400,w=1080,h=1845)
12-23 22:44:23.098 D/Surface (  259): Surface::setBuffersDimensions(this=0x7f9d616e00,w=1080,h=1920)
12-23 22:44:23.099 D/Surface ( 1992): Surface::setBuffersDimensions(this=0x7f33e59400,w=1080,h=1845)
12-23 22:44:23.116 D/Surface (  259): Surface::setBuffersDimensions(this=0x7f9d616e00,w=1080,h=1920)
12-23 22:44:23.116 D/Surface ( 1992): Surface::setBuffersDimensions(this=0x7f33e59400,w=1080,h=1845)
12-23 22:44:23.133 D/Surface (  259): Surface::setBuffersDimensions(this=0x7f9d616e00,w=1080,h=1920)
12-23 22:44:23.134 D/Surface ( 1992): Surface::setBuffersDimensions(this=0x7f33e59400,w=1080,h=1845)
12-23 22:44:23.151 D/Surface (  259): Surface::setBuffersDimensions(this=0x7f9d616e00,w=1080,h=1920)
12-23 22:44:23.152 D/Surface ( 1992): Surface::setBuffersDimensions(this=0x7f33e59400,w=1080,h=1845)
12-23 22:44:23.168 D/Surface (  259): Surface::setBuffersDimensions(this=0x7f9d616e00,w=1080,h=1920)
12-23 22:44:23.169 D/Surface ( 1992): Surface::setBuffersDimensions(this=0x7f33e59400,w=1080,h=1845)
12-23 22:44:23.186 D/Surface (  259): Surface::setBuffersDimensions(this=0x7f9d616e00,w=1080,h=1920)
12-23 22:44:23.189 D/Surface ( 1992): Surface::setBuffersDimensions(this=0x7f33e59400,w=1080,h=1845)
12-23 22:44:23.205 D/Surface (  259): Surface::setBuffersDimensions(this=0x7f9d616e00,w=1080,h=1920)
12-23 22:44:23.206 D/Surface ( 1992): Surface::setBuffersDimensions(this=0x7f33e59400,w=1080,h=1845)
12-23 22:44:23.222 D/Surface (  259): Surface::setBuffersDimensions(this=0x7f9d616e00,w=1080,h=1920)
12-23 22:44:23.225 D/Surface ( 1992): Surface::setBuffersDimensions(this=0x7f33e59400,w=1080,h=1845)
12-23 22:44:23.240 D/Surface (  259): Surface::setBuffersDimensions(this=0x7f9d616e00,w=1080,h=1920)
12-23 22:44:23.241 D/PerfServiceManager(  818): [PerfService] notifyFrameUpdate - bDuringTouchBoost:false 
12-23 22:44:23.241 D/Surface ( 1992): Surface::setBuffersDimensions(this=0x7f33e59400,w=1080,h=1845)
12-23 22:44:23.258 D/Surface (  259): Surface::setBuffersDimensions(this=0x7f9d616e00,w=1080,h=1920)
12-23 22:44:23.260 D/Surface ( 1992): Surface::setBuffersDimensions(this=0x7f33e59400,w=1080,h=1845)
12-23 22:44:23.275 D/Surface (  259): Surface::setBuffersDimensions(this=0x7f9d616e00,w=1080,h=1920)
12-23 22:44:23.277 D/Surface ( 1992): Surface::setBuffersDimensions(this=0x7f33e59400,w=1080,h=1845)
12-23 22:44:23.292 D/Surface (  259): Surface::setBuffersDimensions(this=0x7f9d616e00,w=1080,h=1920)
12-23 22:44:23.294 D/Surface ( 1992): Surface::setBuffersDimensions(this=0x7f33e59400,w=1080,h=1845)
12-23 22:44:23.310 D/Surface (  259): Surface::setBuffersDimensions(this=0x7f9d616e00,w=1080,h=1920)
12-23 22:44:23.311 D/Surface ( 1992): Surface::setBuffersDimensions(this=0x7f33e59400,w=1080,h=1845)
12-23 22:44:23.328 D/Surface (  259): Surface::setBuffersDimensions(this=0x7f9d616e00,w=1080,h=1920)
12-23 22:44:23.329 D/Surface ( 1992): Surface::setBuffersDimensions(this=0x7f33e59400,w=1080,h=1845)
12-23 22:44:23.345 D/Surface (  259): Surface::setBuffersDimensions(this=0x7f9d616e00,w=1080,h=1920)
12-23 22:44:23.346 D/Surface ( 1992): Surface::setBuffersDimensions(this=0x7f33e59400,w=1080,h=1845)
12-23 22:44:23.362 D/Surface (  259): Surface::setBuffersDimensions(this=0x7f9d616e00,w=1080,h=1920)
12-23 22:44:23.364 D/Surface ( 1992): Surface::setBuffersDimensions(this=0x7f33e59400,w=1080,h=1845)
12-23 22:44:23.380 D/Surface (  259): Surface::setBuffersDimensions(this=0x7f9d616e00,w=1080,h=1920)
12-23 22:44:23.382 D/Surface ( 1992): Surface::setBuffersDimensions(this=0x7f33e59400,w=1080,h=1845)
12-23 22:44:23.398 D/Surface (  259): Surface::setBuffersDimensions(this=0x7f9d616e00,w=1080,h=1920)
12-23 22:44:23.399 D/Surface ( 1992): Surface::setBuffersDimensions(this=0x7f33e59400,w=1080,h=1845)
12-23 22:44:23.416 D/Surface (  259): Surface::setBuffersDimensions(this=0x7f9d616e00,w=1080,h=1920)
12-23 22:44:23.418 D/Surface ( 1992): Surface::setBuffersDimensions(this=0x7f33e59400,w=1080,h=1845)
12-23 22:44:23.433 D/Surface (  259): Surface::setBuffersDimensions(this=0x7f9d616e00,w=1080,h=1920)
12-23 22:44:23.434 D/Surface ( 1992): Surface::setBuffersDimensions(this=0x7f33e59400,w=1080,h=1845)
12-23 22:44:23.451 D/Surface (  259): Surface::setBuffersDimensions(this=0x7f9d616e00,w=1080,h=1920)
12-23 22:44:23.451 D/Surface ( 1992): Surface::setBuffersDimensions(this=0x7f33e59400,w=1080,h=1845)
12-23 22:44:23.467 D/Surface (  259): Surface::setBuffersDimensions(this=0x7f9d616e00,w=1080,h=1920)
12-23 22:44:23.468 D/Surface ( 1992): Surface::setBuffersDimensions(this=0x7f33e59400,w=1080,h=1845)
12-23 22:44:23.485 D/Surface (  259): Surface::setBuffersDimensions(this=0x7f9d616e00,w=1080,h=1920)
12-23 22:44:23.488 D/Surface ( 1992): Surface::setBuffersDimensions(this=0x7f33e59400,w=1080,h=1845)
